Archive member included to satisfy reference by file (symbol)

C:/Program Files/SEGGER/SEGGER Embedded Studio for ARM 6.30/lib/libc_v7em_fpv4_sp_d16_hard_t_le_eabi_balanced.a(floatasmops_arm.o)
                              Output/Debug/Obj/twi_scanner_pca10040/ms5611.o (__aeabi_dsub)
C:/Program Files/SEGGER/SEGGER Embedded Studio for ARM 6.30/lib/libc_v7em_fpv4_sp_d16_hard_t_le_eabi_balanced.a(floatops.o)
                              Output/Debug/Obj/twi_scanner_pca10040/ms5611.o (pow)
C:/Program Files/SEGGER/SEGGER Embedded Studio for ARM 6.30/lib/libc_v7em_fpv4_sp_d16_hard_t_le_eabi_balanced.a(mbops.o)
                              Output/Debug/Obj/twi_scanner_pca10040/nrf_log_str_formatter.o (isprint)
C:/Program Files/SEGGER/SEGGER Embedded Studio for ARM 6.30/lib/libc_v7em_fpv4_sp_d16_hard_t_le_eabi_balanced.a(sortops.o)
                              C:/Program Files/SEGGER/SEGGER Embedded Studio for ARM 6.30/lib/libc_v7em_fpv4_sp_d16_hard_t_le_eabi_balanced.a(mbops.o) (bsearch)
C:/Program Files/SEGGER/SEGGER Embedded Studio for ARM 6.30/lib/libc_v7em_fpv4_sp_d16_hard_t_le_eabi_balanced.a(strasmops_arm.o)
                              Output/Debug/Obj/twi_scanner_pca10040/nrf_log_frontend.o (strlen)
C:/Program Files/SEGGER/SEGGER Embedded Studio for ARM 6.30/lib/libc_v7em_fpv4_sp_d16_hard_t_le_eabi_balanced.a(strops.o)
                              C:/Program Files/SEGGER/SEGGER Embedded Studio for ARM 6.30/lib/libc_v7em_fpv4_sp_d16_hard_t_le_eabi_balanced.a(mbops.o) (strcat)
C:/Program Files/SEGGER/SEGGER Embedded Studio for ARM 6.30/lib/libc_v7em_fpv4_sp_d16_hard_t_le_eabi_balanced.a(timeops.o)
                              C:/Program Files/SEGGER/SEGGER Embedded Studio for ARM 6.30/lib/libc_v7em_fpv4_sp_d16_hard_t_le_eabi_balanced.a(mbops.o) (__SEGGER_RTL_string_list_encode)
C:/Program Files/SEGGER/SEGGER Embedded Studio for ARM 6.30/lib/libc_v7em_fpv4_sp_d16_hard_t_le_eabi_balanced.a(__SEGGER_RTL_vfprintf_long.o)
                              (__SEGGER_RTL_vfprintf_long)
C:/Program Files/SEGGER/SEGGER Embedded Studio for ARM 6.30/lib/libc_v7em_fpv4_sp_d16_hard_t_le_eabi_balanced.a(__SEGGER_RTL_vfscanf_long.o)
                              (__SEGGER_RTL_vfscanf_long)
C:/Program Files/SEGGER/SEGGER Embedded Studio for ARM 6.30/lib/libc_v7em_fpv4_sp_d16_hard_t_le_eabi_balanced.a(errno.o)
                              C:/Program Files/SEGGER/SEGGER Embedded Studio for ARM 6.30/lib/libc_v7em_fpv4_sp_d16_hard_t_le_eabi_balanced.a(mbops.o) (__aeabi_errno_addr)
C:/Program Files/SEGGER/SEGGER Embedded Studio for ARM 6.30/lib/libc_v7em_fpv4_sp_d16_hard_t_le_eabi_balanced.a(heapops.o)
                              C:/Program Files/SEGGER/SEGGER Embedded Studio for ARM 6.30/lib/libc_v7em_fpv4_sp_d16_hard_t_le_eabi_balanced.a(mbops.o) (malloc)
C:/Program Files/SEGGER/SEGGER Embedded Studio for ARM 6.30/lib/libc_v7em_fpv4_sp_d16_hard_t_le_eabi_balanced.a(intasmops_arm.o)
                              C:/Program Files/SEGGER/SEGGER Embedded Studio for ARM 6.30/lib/libc_v7em_fpv4_sp_d16_hard_t_le_eabi_balanced.a(__SEGGER_RTL_vfprintf_long.o) (__aeabi_uldivmod)
C:/Program Files/SEGGER/SEGGER Embedded Studio for ARM 6.30/lib/libc_v7em_fpv4_sp_d16_hard_t_le_eabi_balanced.a(intops.o)
                              C:/Program Files/SEGGER/SEGGER Embedded Studio for ARM 6.30/lib/libc_v7em_fpv4_sp_d16_hard_t_le_eabi_balanced.a(timeops.o) (div)
C:/Program Files/SEGGER/SEGGER Embedded Studio for ARM 6.30/lib/libc_v7em_fpv4_sp_d16_hard_t_le_eabi_balanced.a(utilops.o)
                              C:/Program Files/SEGGER/SEGGER Embedded Studio for ARM 6.30/lib/libc_v7em_fpv4_sp_d16_hard_t_le_eabi_balanced.a(__SEGGER_RTL_vfscanf_long.o) (__SEGGER_RTL_digit)
C:/Program Files/SEGGER/SEGGER Embedded Studio for ARM 6.30/lib/libc_v7em_fpv4_sp_d16_hard_t_le_eabi_balanced.a(prinops.o)
                              C:/Program Files/SEGGER/SEGGER Embedded Studio for ARM 6.30/lib/libc_v7em_fpv4_sp_d16_hard_t_le_eabi_balanced.a(__SEGGER_RTL_vfprintf_long.o) (__SEGGER_RTL_putc)
C:/Program Files/SEGGER/SEGGER Embedded Studio for ARM 6.30/lib/libc_v7em_fpv4_sp_d16_hard_t_le_eabi_balanced.a(fileops.o)
                              C:/Program Files/SEGGER/SEGGER Embedded Studio for ARM 6.30/lib/libc_v7em_fpv4_sp_d16_hard_t_le_eabi_balanced.a(prinops.o) (fwrite)
C:/Program Files/SEGGER/SEGGER Embedded Studio for ARM 6.30/lib/heapops_basic_v7em_little.a(heapops_basic.o)
                              C:/Program Files/SEGGER/SEGGER Embedded Studio for ARM 6.30/lib/libc_v7em_fpv4_sp_d16_hard_t_le_eabi_balanced.a(heapops.o) (__SEGGER_RTL_alloc)

Discarded input sections

 .text          0x0000000000000000        0x0 Output/Debug/Obj/twi_scanner_pca10040/thumb_crt0.o
 .data          0x0000000000000000        0x0 Output/Debug/Obj/twi_scanner_pca10040/thumb_crt0.o
 .bss           0x0000000000000000        0x0 Output/Debug/Obj/twi_scanner_pca10040/thumb_crt0.o
 .text.__aeabi_read_tp
[...]
Memory Configuration

Name             Origin             Length             Attributes
UNPLACED_SECTIONS 0x0000000100000000 0x0000000000000000 xw
RAM1             0x0000000020000000 0x0000000000010000 xw
FLASH1           0x0000000000000000 0x0000000000080000 xw
*default*        0x0000000000000000 0xffffffffffffffff

Linker script and memory map

                0x0000000000000000                __SEGGER_RTL_vfprintf = __SEGGER_RTL_vfprintf_long
                0x0000000000000000                __SEGGER_RTL_vfscanf = __SEGGER_RTL_vfscanf_long
                0x0000000020000000                __RAM1_segment_start__ = 0x20000000
                0x0000000020010000                __RAM1_segment_end__ = 0x20010000
                0x0000000000010000                __RAM1_segment_size__ = 0x10000
                0x0000000000000000                __FLASH1_segment_start__ = 0x0
                0x0000000000080000                __FLASH1_segment_end__ = 0x80000
                0x0000000000080000                __FLASH1_segment_size__ = 0x80000
                0x0000000000002000                __HEAPSIZE__ = 0x2000
                0x0000000000000000                __STACKSIZE_PROCESS__ = 0x0
                0x0000000000002000                __STACKSIZE__ = 0x2000
                0x0000000020000000                __vectors_ram_load_start__ = 0x20000000

.vectors_ram    0x0000000020000000        0x0
                0x0000000020000000                __vectors_ram_start__ = .
                0x0000000020000000                __app_ram_start__ = __vectors_ram_start__
 *(.vectors_ram .vectors_ram.*)
                0x0000000020000000                __vectors_ram_end__ = (__vectors_ram_start__ + SIZEOF (.vectors_ram))
                0x0000000000000000                __vectors_ram_size__ = SIZEOF (.vectors_ram)
                0x0000000020000000                __vectors_ram_load_end__ = __vectors_ram_end__
                0x0000000000000001                . = ASSERT (((__vectors_ram_start__ == __vectors_ram_end__) || ((__vectors_ram_end__ - __RAM1_segment_start__) <= __RAM1_segment_size__)), error: .vectors_ram is too large to fit in RAM1 memory segment)
                0x0000000020000000                __nrf_sections_run_load_start__ = ALIGN (__vectors_ram_end__, 0x4)

.nrf_sections_run
                0x0000000020000000        0x0
                0x0000000020000000                __nrf_sections_run_start__ = .
                0x0000000020000000                __start_nrf_sections_run = __nrf_sections_run_start__
 *(.nrf_sections_run .nrf_sections_run.*)
                0x0000000020000000                __nrf_sections_run_end__ = (__nrf_sections_run_start__ + SIZEOF (.nrf_sections_run))
                0x0000000000000000                __nrf_sections_run_size__ = SIZEOF (.nrf_sections_run)
                0x0000000020000000                __nrf_sections_run_load_end__ = __nrf_sections_run_end__
                0x0000000000000001                . = ASSERT (((__nrf_sections_run_start__ == __nrf_sections_run_end__) || ((__nrf_sections_run_end__ - __RAM1_segment_start__) <= __RAM1_segment_size__)), error: .nrf_sections_run is too large to fit in RAM1 memory segment)
                0x0000000000000000                __vectors_load_start__ = 0x0

.vectors        0x0000000000000000      0x200
                0x0000000000000000                __vectors_start__ = .
 *(.vectors .vectors.*)
 .vectors       0x0000000000000000      0x200 Output/Debug/Obj/twi_scanner_pca10040/ses_startup_nrf52.o
                0x0000000000000000                _vectors
                0x0000000000000200                __vectors_end__ = (__vectors_start__ + SIZEOF (.vectors))
                0x0000000000000200                __vectors_size__ = SIZEOF (.vectors)
                0x0000000000000200                __vectors_load_end__ = __vectors_end__
                0x0000000000000001                . = ASSERT (((__vectors_start__ == __vectors_end__) || ((__vectors_end__ - __FLASH1_segment_start__) <= __FLASH1_segment_size__)), error: .vectors is too large to fit in FLASH1 memory segment)
                0x0000000000000200                __init_load_start__ = ALIGN (__vectors_end__, 0x4)

.init           0x0000000000000200      0x1cc
                0x0000000000000200                __init_start__ = .
 *(.init .init.*)
 .init          0x0000000000000200      0x158 Output/Debug/Obj/twi_scanner_pca10040/thumb_crt0.o
                0x0000000000000200                _start
                0x00000000000002ae                exit
 .init          0x0000000000000358       0x18 Output/Debug/Obj/twi_scanner_pca10040/ses_startup_nrf52.o
                0x0000000000000358                NMI_Handler
                0x000000000000035a                HardFault_Handler
                0x000000000000035c                MemoryManagement_Handler
                0x000000000000035e                BusFault_Handler
                0x0000000000000360                UsageFault_Handler
                0x0000000000000362                SVC_Handler
                0x0000000000000364                DebugMon_Handler
                0x0000000000000366                PendSV_Handler
                0x0000000000000368                SysTick_Handler
                0x000000000000036a                PWM1_IRQHandler
                0x000000000000036a                GPIOTE_IRQHandler
                0x000000000000036a                SWI0_EGU0_IRQHandler
                0x000000000000036a                POWER_CLOCK_IRQHandler
                0x000000000000036a                RADIO_IRQHandler
                0x000000000000036a                PDM_IRQHandler
                0x000000000000036a                RTC0_IRQHandler
                0x000000000000036a                QDEC_IRQHandler
                0x000000000000036a                TIMER3_IRQHandler
                0x000000000000036a                FPU_IRQHandler
                0x000000000000036a                SWI2_EGU2_IRQHandler
                0x000000000000036a                TIMER4_IRQHandler
                0x000000000000036a                I2S_IRQHandler
                0x000000000000036a                SWI4_EGU4_IRQHandler
                0x000000000000036a                Dummy_Handler
                0x000000000000036a                TIMER1_IRQHandler
                0x000000000000036a                PWM2_IRQHandler
                0x000000000000036a                ECB_IRQHandler
                0x000000000000036a                SAADC_IRQHandler
                0x000000000000036a                CCM_AAR_IRQHandler
                0x000000000000036a                WDT_IRQHandler
                0x000000000000036a                TEMP_IRQHandler
                0x000000000000036a                SWI5_EGU5_IRQHandler
                0x000000000000036a                RNG_IRQHandler
                0x000000000000036a                RTC2_IRQHandler
                0x000000000000036a                PWM0_IRQHandler
                0x000000000000036a                SWI3_EGU3_IRQHandler
                0x000000000000036a                RTC1_IRQHandler
                0x000000000000036a                SWI1_EGU1_IRQHandler
                0x000000000000036a                SPIM2_SPIS2_SPI2_IRQHandler
                0x000000000000036a                NFCT_IRQHandler
                0x000000000000036a                TIMER2_IRQHandler
                0x000000000000036a                MWU_IRQHandler
                0x000000000000036a                COMP_LPCOMP_IRQHandler
                0x000000000000036c                nRFInitialize
 .init          0x0000000000000370       0x5c Output/Debug/Obj/twi_scanner_pca10040/ses_startup_nrf_common.o
                0x0000000000000370                Reset_Handler
                0x0000000000000374                afterInitialize
                0x0000000000000398                InitializeUserMemorySections
                0x00000000000003cc                __init_end__ = (__init_start__ + SIZEOF (.init))
                0x00000000000001cc                __init_size__ = SIZEOF (.init)
                0x00000000000003cc                __init_load_end__ = __init_end__
                0x0000000000000001                . = ASSERT (((__init_start__ == __init_end__) || ((__init_end__ - __FLASH1_segment_start__) <= __FLASH1_segment_size__)), error: .init is too large to fit in FLASH1 memory segment)
                0x00000000000003cc                __init_rodata_load_start__ = ALIGN (__init_end__, 0x4)

.init_rodata    0x00000000000003cc        0x0
                0x00000000000003cc                __init_rodata_start__ = .
 *(.init_rodata .init_rodata.*)
                0x00000000000003cc                __init_rodata_end__ = (__init_rodata_start__ + SIZEOF (.init_rodata))
                0x0000000000000000                __init_rodata_size__ = SIZEOF (.init_rodata)
                0x00000000000003cc                __init_rodata_load_end__ = __init_rodata_end__
                0x0000000000000001                . = ASSERT (((__init_rodata_start__ == __init_rodata_end__) || ((__init_rodata_end__ - __FLASH1_segment_start__) <= __FLASH1_segment_size__)), error: .init_rodata is too large to fit in FLASH1 memory segment)
                0x00000000000003cc                __text_load_start__ = ALIGN (__init_rodata_end__, 0x4)

.text           0x00000000000003cc     0x63c4
                0x00000000000003cc                __text_start__ = .
 *(.text .text.* .gnu.linkonce.t.* .glue_7t .glue_7 .gcc_except_table .ARM.extab* .gnu.linkonce.armextab.*)
 .glue_7        0x00000000000003cc        0x0 linker stubs
 .glue_7t       0x00000000000003cc        0x0 linker stubs
 .text.nrf_log_backend_serial_put
                0x00000000000003cc      0x124 Output/Debug/Obj/twi_scanner_pca10040/nrf_log_backend_serial.o
                0x00000000000003cc                nrf_log_backend_serial_put
 .text.nrf_drv_uart_uninit
                0x00000000000004f0       0x44 Output/Debug/Obj/twi_scanner_pca10040/nrf_log_backend_uart.o
 .text.nrf_drv_uart_tx
                0x0000000000000534       0x64 Output/Debug/Obj/twi_scanner_pca10040/nrf_log_backend_uart.o
 .text.uart_evt_handler
                0x0000000000000598       0x18 Output/Debug/Obj/twi_scanner_pca10040/nrf_log_backend_uart.o
 .text.uart_init
                0x00000000000005b0       0x88 Output/Debug/Obj/twi_scanner_pca10040/nrf_log_backend_uart.o
 .text.nrf_log_backend_uart_init
                0x0000000000000638       0x1c Output/Debug/Obj/twi_scanner_pca10040/nrf_log_backend_uart.o
                0x0000000000000638                nrf_log_backend_uart_init
 .text.serial_tx
                0x0000000000000654       0x6c Output/Debug/Obj/twi_scanner_pca10040/nrf_log_backend_uart.o
 .text.nrf_log_backend_uart_put
                0x00000000000006c0       0x28 Output/Debug/Obj/twi_scanner_pca10040/nrf_log_backend_uart.o
 .text.nrf_log_backend_uart_flush
                0x00000000000006e8        0xa Output/Debug/Obj/twi_scanner_pca10040/nrf_log_backend_uart.o
 *fill*         0x00000000000006f2        0x2 
 .text.nrf_log_backend_uart_panic_set
                0x00000000000006f4       0x20 Output/Debug/Obj/twi_scanner_pca10040/nrf_log_backend_uart.o
 .text.nrf_log_backend_enable
                0x0000000000000714       0x12 Output/Debug/Obj/twi_scanner_pca10040/nrf_log_default_backends.o
 *fill*         0x0000000000000726        0x2 
 .text.nrf_log_default_backends_init
                0x0000000000000728       0x3c Output/Debug/Obj/twi_scanner_pca10040/nrf_log_default_backends.o
                0x0000000000000728                nrf_log_default_backends_init
 .text.nrf_log_backend_put
                0x0000000000000764       0x1c Output/Debug/Obj/twi_scanner_pca10040/nrf_log_frontend.o
 .text.nrf_log_backend_panic_set
                0x0000000000000780       0x18 Output/Debug/Obj/twi_scanner_pca10040/nrf_log_frontend.o
 .text.nrf_log_backend_flush
                0x0000000000000798       0x18 Output/Debug/Obj/twi_scanner_pca10040/nrf_log_frontend.o
 .text.nrf_log_backend_id_set
                0x00000000000007b0       0x1a Output/Debug/Obj/twi_scanner_pca10040/nrf_log_frontend.o
 .text.nrf_log_backend_id_get
                0x00000000000007ca       0x10 Output/Debug/Obj/twi_scanner_pca10040/nrf_log_frontend.o
 .text.nrf_log_backend_enable
                0x00000000000007da       0x12 Output/Debug/Obj/twi_scanner_pca10040/nrf_log_frontend.o
 .text.nrf_log_backend_is_enabled
                0x00000000000007ec       0x10 Output/Debug/Obj/twi_scanner_pca10040/nrf_log_frontend.o
 .text.nrf_log_init
                0x00000000000007fc       0x50 Output/Debug/Obj/twi_scanner_pca10040/nrf_log_frontend.o
                0x00000000000007fc                nrf_log_init
 .text.nrf_log_module_cnt_get
                0x000000000000084c       0x14 Output/Debug/Obj/twi_scanner_pca10040/nrf_log_frontend.o
                0x000000000000084c                nrf_log_module_cnt_get
 .text.module_idx_get
                0x0000000000000860       0x64 Output/Debug/Obj/twi_scanner_pca10040/nrf_log_frontend.o
 .text.nrf_log_module_name_get
                0x00000000000008c4       0x40 Output/Debug/Obj/twi_scanner_pca10040/nrf_log_frontend.o
                0x00000000000008c4                nrf_log_module_name_get
 .text.nrf_log_color_id_get
                0x0000000000000904       0x70 Output/Debug/Obj/twi_scanner_pca10040/nrf_log_frontend.o
                0x0000000000000904                nrf_log_color_id_get
 .text.invalid_packets_omit
                0x0000000000000974       0x6e Output/Debug/Obj/twi_scanner_pca10040/nrf_log_frontend.o
 *fill*         0x00000000000009e2        0x2 
 .text.log_skip
                0x00000000000009e4      0x118 Output/Debug/Obj/twi_scanner_pca10040/nrf_log_frontend.o
 .text.dropped_sat16_get
                0x0000000000000afc       0x28 Output/Debug/Obj/twi_scanner_pca10040/nrf_log_frontend.o
 .text.std_header_set
                0x0000000000000b24       0xb4 Output/Debug/Obj/twi_scanner_pca10040/nrf_log_frontend.o
 .text.log_pending_hook
                0x0000000000000bd8        0x4 Output/Debug/Obj/twi_scanner_pca10040/nrf_log_frontend.o
                0x0000000000000bd8                log_pending_hook
 .text.buf_prealloc
                0x0000000000000bdc      0x128 Output/Debug/Obj/twi_scanner_pca10040/nrf_log_frontend.o
 .text.std_n    0x0000000000000d04       0x98 Output/Debug/Obj/twi_scanner_pca10040/nrf_log_frontend.o
 .text.nrf_log_frontend_std_0
                0x0000000000000d9c       0x1c Output/Debug/Obj/twi_scanner_pca10040/nrf_log_frontend.o
                0x0000000000000d9c                nrf_log_frontend_std_0
 .text.nrf_log_frontend_std_1
                0x0000000000000db8       0x22 Output/Debug/Obj/twi_scanner_pca10040/nrf_log_frontend.o
                0x0000000000000db8                nrf_log_frontend_std_1
 .text.nrf_log_frontend_std_2
                0x0000000000000dda       0x28 Output/Debug/Obj/twi_scanner_pca10040/nrf_log_frontend.o
                0x0000000000000dda                nrf_log_frontend_std_2
 .text.nrf_log_frontend_std_3
                0x0000000000000e02       0x2c Output/Debug/Obj/twi_scanner_pca10040/nrf_log_frontend.o
                0x0000000000000e02                nrf_log_frontend_std_3
 .text.nrf_log_frontend_std_5
                0x0000000000000e2e       0x34 Output/Debug/Obj/twi_scanner_pca10040/nrf_log_frontend.o
                0x0000000000000e2e                nrf_log_frontend_std_5
 *fill*         0x0000000000000e62        0x2 
 .text.buffer_is_empty
                0x0000000000000e64       0x1c Output/Debug/Obj/twi_scanner_pca10040/nrf_log_frontend.o
                0x0000000000000e64                buffer_is_empty
 .text.nrf_log_frontend_dequeue
                0x0000000000000e80      0x3a0 Output/Debug/Obj/twi_scanner_pca10040/nrf_log_frontend.o
                0x0000000000000e80                nrf_log_frontend_dequeue
 .text.backend_id_assign
                0x0000000000001220       0x68 Output/Debug/Obj/twi_scanner_pca10040/nrf_log_frontend.o
 .text.nrf_log_backend_add
                0x0000000000001288       0x70 Output/Debug/Obj/twi_scanner_pca10040/nrf_log_frontend.o
                0x0000000000001288                nrf_log_backend_add
 .text.nrf_log_panic
                0x00000000000012f8       0x3c Output/Debug/Obj/twi_scanner_pca10040/nrf_log_frontend.o
                0x00000000000012f8                nrf_log_panic
 .text.timestamp_print
                0x0000000000001334        0xc Output/Debug/Obj/twi_scanner_pca10040/nrf_log_str_formatter.o
 .text.prefix_process
                0x0000000000001340       0xb0 Output/Debug/Obj/twi_scanner_pca10040/nrf_log_str_formatter.o
 .text.postfix_process
                0x00000000000013f0       0x60 Output/Debug/Obj/twi_scanner_pca10040/nrf_log_str_formatter.o
 .text.nrf_log_std_entry_process
                0x0000000000001450      0x144 Output/Debug/Obj/twi_scanner_pca10040/nrf_log_str_formatter.o
                0x0000000000001450                nrf_log_std_entry_process
 .text.nrf_log_hexdump_entry_process
                0x0000000000001594       0xf0 Output/Debug/Obj/twi_scanner_pca10040/nrf_log_str_formatter.o
                0x0000000000001594                nrf_log_hexdump_entry_process
 .text.app_error_save_and_stop
                0x0000000000001684       0x98 Output/Debug/Obj/twi_scanner_pca10040/app_error.o
                0x0000000000001684                app_error_save_and_stop
 .text.app_error_handler
                0x000000000000171c       0x1c Output/Debug/Obj/twi_scanner_pca10040/app_error_handler_gcc.o
                0x000000000000171c                app_error_handler
 .text.app_error_fault_handler
                0x0000000000001738      0x104 Output/Debug/Obj/twi_scanner_pca10040/app_error_weak.o
                0x0000000000001738                app_error_fault_handler
 .text.app_util_disable_irq
                0x000000000000183c       0x18 Output/Debug/Obj/twi_scanner_pca10040/app_util_platform.o
                0x000000000000183c                app_util_disable_irq
 .text.app_util_enable_irq
                0x0000000000001854       0x20 Output/Debug/Obj/twi_scanner_pca10040/app_util_platform.o
                0x0000000000001854                app_util_enable_irq
 .text.app_util_critical_region_enter
                0x0000000000001874       0x28 Output/Debug/Obj/twi_scanner_pca10040/app_util_platform.o
                0x0000000000001874                app_util_critical_region_enter
 .text.app_util_critical_region_exit
                0x000000000000189c       0x2c Output/Debug/Obj/twi_scanner_pca10040/app_util_platform.o
                0x000000000000189c                app_util_critical_region_exit
 .text.privilege_level_get
                0x00000000000018c8       0x3a Output/Debug/Obj/twi_scanner_pca10040/app_util_platform.o
                0x00000000000018c8                privilege_level_get
 .text.assert_nrf_callback
                0x0000000000001902       0x2c Output/Debug/Obj/twi_scanner_pca10040/nrf_assert.o
                0x0000000000001902                assert_nrf_callback
 .text.nrf_atomic_u32_fetch_store
                0x000000000000192e       0x2e Output/Debug/Obj/twi_scanner_pca10040/nrf_atomic.o
                0x000000000000192e                nrf_atomic_u32_fetch_store
 .text.nrf_atomic_u32_or
                0x000000000000195c       0x30 Output/Debug/Obj/twi_scanner_pca10040/nrf_atomic.o
                0x000000000000195c                nrf_atomic_u32_or
 .text.nrf_atomic_u32_fetch_and
                0x000000000000198c       0x30 Output/Debug/Obj/twi_scanner_pca10040/nrf_atomic.o
                0x000000000000198c                nrf_atomic_u32_fetch_and
 .text.nrf_atomic_u32_add
                0x00000000000019bc       0x30 Output/Debug/Obj/twi_scanner_pca10040/nrf_atomic.o
                0x00000000000019bc                nrf_atomic_u32_add
 .text.nrf_atomic_u32_sub
                0x00000000000019ec       0x30 Output/Debug/Obj/twi_scanner_pca10040/nrf_atomic.o
                0x00000000000019ec                nrf_atomic_u32_sub
 .text.nrf_atomic_flag_set
                0x0000000000001a1c       0x18 Output/Debug/Obj/twi_scanner_pca10040/nrf_atomic.o
                0x0000000000001a1c                nrf_atomic_flag_set
 .text.nrf_atomic_flag_clear_fetch
                0x0000000000001a34       0x18 Output/Debug/Obj/twi_scanner_pca10040/nrf_atomic.o
                0x0000000000001a34                nrf_atomic_flag_clear_fetch
 .text.nrf_balloc_idx2block
                0x0000000000001a4c       0x38 Output/Debug/Obj/twi_scanner_pca10040/nrf_balloc.o
 .text.nrf_balloc_block2idx
                0x0000000000001a84       0x34 Output/Debug/Obj/twi_scanner_pca10040/nrf_balloc.o
 .text.nrf_balloc_init
                0x0000000000001ab8       0xb8 Output/Debug/Obj/twi_scanner_pca10040/nrf_balloc.o
                0x0000000000001ab8                nrf_balloc_init
 .text.nrf_balloc_alloc
                0x0000000000001b70       0x84 Output/Debug/Obj/twi_scanner_pca10040/nrf_balloc.o
                0x0000000000001b70                nrf_balloc_alloc
 .text.nrf_balloc_free
                0x0000000000001bf4       0x58 Output/Debug/Obj/twi_scanner_pca10040/nrf_balloc.o
                0x0000000000001bf4                nrf_balloc_free
 .text.nrf_fprintf_buffer_flush
                0x0000000000001c4c       0x44 Output/Debug/Obj/twi_scanner_pca10040/nrf_fprintf.o
                0x0000000000001c4c                nrf_fprintf_buffer_flush
 .text.nrf_fprintf
                0x0000000000001c90       0x74 Output/Debug/Obj/twi_scanner_pca10040/nrf_fprintf.o
                0x0000000000001c90                nrf_fprintf
 .text.buffer_add
                0x0000000000001d04       0x4c Output/Debug/Obj/twi_scanner_pca10040/nrf_fprintf_format.o
 .text.string_print
                0x0000000000001d50       0xc2 Output/Debug/Obj/twi_scanner_pca10040/nrf_fprintf_format.o
 *fill*         0x0000000000001e12        0x2 
 .text.unsigned_print
                0x0000000000001e14      0x130 Output/Debug/Obj/twi_scanner_pca10040/nrf_fprintf_format.o
 .text.int_print
                0x0000000000001f44      0x11c Output/Debug/Obj/twi_scanner_pca10040/nrf_fprintf_format.o
 .text.nrf_fprintf_fmt
                0x0000000000002060      0x388 Output/Debug/Obj/twi_scanner_pca10040/nrf_fprintf_format.o
                0x0000000000002060                nrf_fprintf_fmt
 .text.nrf_memobj_pool_init
                0x00000000000023e8       0x16 Output/Debug/Obj/twi_scanner_pca10040/nrf_memobj.o
                0x00000000000023e8                nrf_memobj_pool_init
 .text.nrf_memobj_alloc
                0x00000000000023fe       0xae Output/Debug/Obj/twi_scanner_pca10040/nrf_memobj.o
                0x00000000000023fe                nrf_memobj_alloc
 .text.nrf_memobj_free
                0x00000000000024ac       0x74 Output/Debug/Obj/twi_scanner_pca10040/nrf_memobj.o
                0x00000000000024ac                nrf_memobj_free
 .text.nrf_memobj_get
                0x0000000000002520       0x1e Output/Debug/Obj/twi_scanner_pca10040/nrf_memobj.o
                0x0000000000002520                nrf_memobj_get
 .text.nrf_memobj_put
                0x000000000000253e       0x34 Output/Debug/Obj/twi_scanner_pca10040/nrf_memobj.o
                0x000000000000253e                nrf_memobj_put
 *fill*         0x0000000000002572        0x2 
 .text.memobj_op
                0x0000000000002574      0x124 Output/Debug/Obj/twi_scanner_pca10040/nrf_memobj.o
 .text.nrf_memobj_write
                0x0000000000002698       0x3c Output/Debug/Obj/twi_scanner_pca10040/nrf_memobj.o
                0x0000000000002698                nrf_memobj_write
 .text.nrf_memobj_read
                0x00000000000026d4       0x40 Output/Debug/Obj/twi_scanner_pca10040/nrf_memobj.o
                0x00000000000026d4                nrf_memobj_read
 .text.nrf_ringbuf_init
                0x0000000000002714       0x3a Output/Debug/Obj/twi_scanner_pca10040/nrf_ringbuf.o
                0x0000000000002714                nrf_ringbuf_init
 *fill*         0x000000000000274e        0x2 
 .text.nrf_strerror_get
                0x0000000000002750       0x28 Output/Debug/Obj/twi_scanner_pca10040/nrf_strerror.o
                0x0000000000002750                nrf_strerror_get
 .text.nrf_strerror_find
                0x0000000000002778       0x68 Output/Debug/Obj/twi_scanner_pca10040/nrf_strerror.o
                0x0000000000002778                nrf_strerror_find
 .text.nrfx_coredep_delay_us
                0x00000000000027e0       0x30 Output/Debug/Obj/twi_scanner_pca10040/nrf_drv_twi.o
 .text.nrf_gpio_pin_port_decode
                0x0000000000002810       0x30 Output/Debug/Obj/twi_scanner_pca10040/nrf_drv_twi.o
 .text.nrf_gpio_pin_set
                0x0000000000002840       0x28 Output/Debug/Obj/twi_scanner_pca10040/nrf_drv_twi.o
 .text.nrf_gpio_pin_clear
                0x0000000000002868       0x28 Output/Debug/Obj/twi_scanner_pca10040/nrf_drv_twi.o
 .text.nrf_gpio_pin_read
                0x0000000000002890       0x2a Output/Debug/Obj/twi_scanner_pca10040/nrf_drv_twi.o
 .text.nrf_gpio_port_in_read
                0x00000000000028ba       0x10 Output/Debug/Obj/twi_scanner_pca10040/nrf_drv_twi.o
 .text.nrf_gpio_port_out_set
                0x00000000000028ca       0x14 Output/Debug/Obj/twi_scanner_pca10040/nrf_drv_twi.o
 .text.nrf_gpio_port_out_clear
                0x00000000000028de       0x14 Output/Debug/Obj/twi_scanner_pca10040/nrf_drv_twi.o
 .text.nrf_gpio_pin_present_check
                0x00000000000028f2       0x40 Output/Debug/Obj/twi_scanner_pca10040/nrf_drv_twi.o
 .text.twi_clear_bus
                0x0000000000002932       0xde Output/Debug/Obj/twi_scanner_pca10040/nrf_drv_twi.o
 .text.twim_evt_handler
                0x0000000000002a10       0x6c Output/Debug/Obj/twi_scanner_pca10040/nrf_drv_twi.o
 .text.nrf_drv_twi_init
                0x0000000000002a7c       0x68 Output/Debug/Obj/twi_scanner_pca10040/nrf_drv_twi.o
                0x0000000000002a7c                nrf_drv_twi_init
 .text.uarte_evt_handler
                0x0000000000002ae4       0x50 Output/Debug/Obj/twi_scanner_pca10040/nrf_drv_uart.o
 .text.uart_evt_handler
                0x0000000000002b34       0x50 Output/Debug/Obj/twi_scanner_pca10040/nrf_drv_uart.o
 .text.nrf_drv_uart_init
                0x0000000000002b84       0xc0 Output/Debug/Obj/twi_scanner_pca10040/nrf_drv_uart.o
                0x0000000000002b84                nrf_drv_uart_init
 .text.UARTE0_UART0_IRQHandler
                0x0000000000002c44       0x24 Output/Debug/Obj/twi_scanner_pca10040/nrfx_prs.o
                0x0000000000002c44                UARTE0_UART0_IRQHandler
 .text.prs_box_get
                0x0000000000002c68       0x20 Output/Debug/Obj/twi_scanner_pca10040/nrfx_prs.o
 .text.nrfx_prs_acquire
                0x0000000000002c88       0x74 Output/Debug/Obj/twi_scanner_pca10040/nrfx_prs.o
                0x0000000000002c88                nrfx_prs_acquire
 .text.nrfx_prs_release
                0x0000000000002cfc       0x3c Output/Debug/Obj/twi_scanner_pca10040/nrfx_prs.o
                0x0000000000002cfc                nrfx_prs_release
 .text.__NVIC_EnableIRQ
                0x0000000000002d38       0x34 Output/Debug/Obj/twi_scanner_pca10040/nrfx_twim.o
 .text.__NVIC_ClearPendingIRQ
                0x0000000000002d6c       0x38 Output/Debug/Obj/twi_scanner_pca10040/nrfx_twim.o
 .text.__NVIC_SetPriority
                0x0000000000002da4       0x50 Output/Debug/Obj/twi_scanner_pca10040/nrfx_twim.o
 .text.nrfx_is_in_ram
                0x0000000000002df4       0x1c Output/Debug/Obj/twi_scanner_pca10040/nrfx_twim.o
 .text.nrfx_get_irq_number
                0x0000000000002e10       0x10 Output/Debug/Obj/twi_scanner_pca10040/nrfx_twim.o
 .text._NRFX_IRQ_PRIORITY_SET
                0x0000000000002e20       0x40 Output/Debug/Obj/twi_scanner_pca10040/nrfx_twim.o
 .text._NRFX_IRQ_ENABLE
                0x0000000000002e60       0x1c Output/Debug/Obj/twi_scanner_pca10040/nrfx_twim.o
 .text._NRFX_IRQ_PENDING_CLEAR
                0x0000000000002e7c       0x1c Output/Debug/Obj/twi_scanner_pca10040/nrfx_twim.o
 .text.nrf_twim_task_trigger
                0x0000000000002e98       0x1c Output/Debug/Obj/twi_scanner_pca10040/nrfx_twim.o
 .text.nrf_twim_event_clear
                0x0000000000002eb4       0x2a Output/Debug/Obj/twi_scanner_pca10040/nrfx_twim.o
 .text.nrf_twim_event_check
                0x0000000000002ede       0x24 Output/Debug/Obj/twi_scanner_pca10040/nrfx_twim.o
 .text.nrf_twim_shorts_disable
                0x0000000000002f02       0x1e Output/Debug/Obj/twi_scanner_pca10040/nrfx_twim.o
 .text.nrf_twim_int_enable
                0x0000000000002f20       0x14 Output/Debug/Obj/twi_scanner_pca10040/nrfx_twim.o
 .text.nrf_twim_int_disable
                0x0000000000002f34       0x14 Output/Debug/Obj/twi_scanner_pca10040/nrfx_twim.o
 .text.nrf_twim_enable
                0x0000000000002f48       0x12 Output/Debug/Obj/twi_scanner_pca10040/nrfx_twim.o
 .text.nrf_twim_disable
                0x0000000000002f5a       0x12 Output/Debug/Obj/twi_scanner_pca10040/nrfx_twim.o
 .text.nrf_twim_pins_set
                0x0000000000002f6c       0x1e Output/Debug/Obj/twi_scanner_pca10040/nrfx_twim.o
 .text.nrf_twim_frequency_set
                0x0000000000002f8a       0x14 Output/Debug/Obj/twi_scanner_pca10040/nrfx_twim.o
 .text.nrf_twim_errorsrc_get_and_clear
                0x0000000000002f9e       0x1c Output/Debug/Obj/twi_scanner_pca10040/nrfx_twim.o
 .text.nrf_twim_address_set
                0x0000000000002fba       0x1a Output/Debug/Obj/twi_scanner_pca10040/nrfx_twim.o
 .text.nrf_twim_tx_buffer_set
                0x0000000000002fd4       0x1e Output/Debug/Obj/twi_scanner_pca10040/nrfx_twim.o
 .text.nrf_twim_rx_buffer_set
                0x0000000000002ff2       0x1e Output/Debug/Obj/twi_scanner_pca10040/nrfx_twim.o
 .text.nrf_twim_shorts_set
                0x0000000000003010       0x14 Output/Debug/Obj/twi_scanner_pca10040/nrfx_twim.o
 .text.nrf_twim_txd_amount_get
                0x0000000000003024       0x10 Output/Debug/Obj/twi_scanner_pca10040/nrfx_twim.o
 .text.nrf_twim_shorts_get
                0x0000000000003034       0x10 Output/Debug/Obj/twi_scanner_pca10040/nrfx_twim.o
 .text.nrf_twim_rxd_amount_get
                0x0000000000003044       0x10 Output/Debug/Obj/twi_scanner_pca10040/nrfx_twim.o
 .text.nrf_twim_tx_list_enable
                0x0000000000003054       0x12 Output/Debug/Obj/twi_scanner_pca10040/nrfx_twim.o
 .text.nrf_twim_tx_list_disable
                0x0000000000003066       0x12 Output/Debug/Obj/twi_scanner_pca10040/nrfx_twim.o
 .text.nrf_twim_rx_list_enable
                0x0000000000003078       0x12 Output/Debug/Obj/twi_scanner_pca10040/nrfx_twim.o
 .text.nrf_twim_rx_list_disable
                0x000000000000308a       0x12 Output/Debug/Obj/twi_scanner_pca10040/nrfx_twim.o
 .text.nrf_gpio_pin_port_decode
                0x000000000000309c       0x30 Output/Debug/Obj/twi_scanner_pca10040/nrfx_twim.o
 .text.nrf_gpio_cfg
                0x00000000000030cc       0x62 Output/Debug/Obj/twi_scanner_pca10040/nrfx_twim.o
 .text.nrf_gpio_pin_present_check
                0x000000000000312e       0x40 Output/Debug/Obj/twi_scanner_pca10040/nrfx_twim.o
 .text.twi_process_error
                0x000000000000316e       0x40 Output/Debug/Obj/twi_scanner_pca10040/nrfx_twim.o
 *fill*         0x00000000000031ae        0x2 
 .text.xfer_completeness_check
                0x00000000000031b0       0xfc Output/Debug/Obj/twi_scanner_pca10040/nrfx_twim.o
 .text.nrfx_twim_init
                0x00000000000032ac      0x148 Output/Debug/Obj/twi_scanner_pca10040/nrfx_twim.o
                0x00000000000032ac                nrfx_twim_init
 .text.nrfx_twim_enable
                0x00000000000033f4       0x50 Output/Debug/Obj/twi_scanner_pca10040/nrfx_twim.o
                0x00000000000033f4                nrfx_twim_enable
 .text.nrfx_twim_disable
                0x0000000000003444       0x6c Output/Debug/Obj/twi_scanner_pca10040/nrfx_twim.o
                0x0000000000003444                nrfx_twim_disable
 .text.twim_list_enable_handle
                0x00000000000034b0       0x40 Output/Debug/Obj/twi_scanner_pca10040/nrfx_twim.o
 .text.twim_xfer
                0x00000000000034f0      0x440 Output/Debug/Obj/twi_scanner_pca10040/nrfx_twim.o
 .text.nrfx_twim_xfer
                0x0000000000003930       0xb0 Output/Debug/Obj/twi_scanner_pca10040/nrfx_twim.o
                0x0000000000003930                nrfx_twim_xfer
 .text.nrfx_twim_tx
                0x00000000000039e0       0x50 Output/Debug/Obj/twi_scanner_pca10040/nrfx_twim.o
                0x00000000000039e0                nrfx_twim_tx
 .text.nrfx_twim_rx
                0x0000000000003a30       0x44 Output/Debug/Obj/twi_scanner_pca10040/nrfx_twim.o
                0x0000000000003a30                nrfx_twim_rx
 .text.twim_irq_handler
                0x0000000000003a74      0x2a4 Output/Debug/Obj/twi_scanner_pca10040/nrfx_twim.o
 .text.SPIM0_SPIS0_TWIM0_TWIS0_SPI0_TWI0_IRQHandler
                0x0000000000003d18       0x18 Output/Debug/Obj/twi_scanner_pca10040/nrfx_twim.o
                0x0000000000003d18                SPIM0_SPIS0_TWIM0_TWIS0_SPI0_TWI0_IRQHandler
 .text.SPIM1_SPIS1_TWIM1_TWIS1_SPI1_TWI1_IRQHandler
                0x0000000000003d30       0x14 Output/Debug/Obj/twi_scanner_pca10040/nrfx_twim.o
                0x0000000000003d30                SPIM1_SPIS1_TWIM1_TWIS1_SPI1_TWI1_IRQHandler
 .text.__NVIC_EnableIRQ
                0x0000000000003d44       0x34 Output/Debug/Obj/twi_scanner_pca10040/nrfx_uart.o
 .text.__NVIC_DisableIRQ
                0x0000000000003d78       0x44 Output/Debug/Obj/twi_scanner_pca10040/nrfx_uart.o
 .text.__NVIC_SetPriority
                0x0000000000003dbc       0x50 Output/Debug/Obj/twi_scanner_pca10040/nrfx_uart.o
 .text.nrfx_get_irq_number
                0x0000000000003e0c       0x10 Output/Debug/Obj/twi_scanner_pca10040/nrfx_uart.o
 .text._NRFX_IRQ_PRIORITY_SET
                0x0000000000003e1c       0x40 Output/Debug/Obj/twi_scanner_pca10040/nrfx_uart.o
 .text._NRFX_IRQ_ENABLE
                0x0000000000003e5c       0x1c Output/Debug/Obj/twi_scanner_pca10040/nrfx_uart.o
 .text._NRFX_IRQ_DISABLE
                0x0000000000003e78       0x1c Output/Debug/Obj/twi_scanner_pca10040/nrfx_uart.o
 .text.nrf_uart_event_clear
                0x0000000000003e94       0x2a Output/Debug/Obj/twi_scanner_pca10040/nrfx_uart.o
 .text.nrf_uart_event_check
                0x0000000000003ebe       0x24 Output/Debug/Obj/twi_scanner_pca10040/nrfx_uart.o
 .text.nrf_uart_int_enable
                0x0000000000003ee2       0x14 Output/Debug/Obj/twi_scanner_pca10040/nrfx_uart.o
 .text.nrf_uart_int_enable_check
                0x0000000000003ef6       0x20 Output/Debug/Obj/twi_scanner_pca10040/nrfx_uart.o
 .text.nrf_uart_int_disable
                0x0000000000003f16       0x14 Output/Debug/Obj/twi_scanner_pca10040/nrfx_uart.o
 .text.nrf_uart_errorsrc_get_and_clear
                0x0000000000003f2a       0x1c Output/Debug/Obj/twi_scanner_pca10040/nrfx_uart.o
 .text.nrf_uart_enable
                0x0000000000003f46       0x12 Output/Debug/Obj/twi_scanner_pca10040/nrfx_uart.o
 .text.nrf_uart_disable
                0x0000000000003f58       0x12 Output/Debug/Obj/twi_scanner_pca10040/nrfx_uart.o
 .text.nrf_uart_txrx_pins_set
                0x0000000000003f6a       0x1e Output/Debug/Obj/twi_scanner_pca10040/nrfx_uart.o
 .text.nrf_uart_txrx_pins_disconnect
                0x0000000000003f88       0x1c Output/Debug/Obj/twi_scanner_pca10040/nrfx_uart.o
 .text.nrf_uart_tx_pin_get
                0x0000000000003fa4       0x10 Output/Debug/Obj/twi_scanner_pca10040/nrfx_uart.o
 .text.nrf_uart_rx_pin_get
                0x0000000000003fb4       0x10 Output/Debug/Obj/twi_scanner_pca10040/nrfx_uart.o
 .text.nrf_uart_rts_pin_get
                0x0000000000003fc4       0x10 Output/Debug/Obj/twi_scanner_pca10040/nrfx_uart.o
 .text.nrf_uart_cts_pin_get
                0x0000000000003fd4       0x10 Output/Debug/Obj/twi_scanner_pca10040/nrfx_uart.o
 .text.nrf_uart_hwfc_pins_set
                0x0000000000003fe4       0x1e Output/Debug/Obj/twi_scanner_pca10040/nrfx_uart.o
 .text.nrf_uart_hwfc_pins_disconnect
                0x0000000000004002       0x1c Output/Debug/Obj/twi_scanner_pca10040/nrfx_uart.o
 .text.nrf_uart_rxd_get
                0x000000000000401e       0x12 Output/Debug/Obj/twi_scanner_pca10040/nrfx_uart.o
 .text.nrf_uart_txd_set
                0x0000000000004030       0x1a Output/Debug/Obj/twi_scanner_pca10040/nrfx_uart.o
 .text.nrf_uart_task_trigger
                0x000000000000404a       0x1c Output/Debug/Obj/twi_scanner_pca10040/nrfx_uart.o
 .text.nrf_uart_configure
                0x0000000000004066       0x2a Output/Debug/Obj/twi_scanner_pca10040/nrfx_uart.o
 .text.nrf_uart_baudrate_set
                0x0000000000004090       0x14 Output/Debug/Obj/twi_scanner_pca10040/nrfx_uart.o
 .text.nrf_gpio_pin_port_decode
                0x00000000000040a4       0x30 Output/Debug/Obj/twi_scanner_pca10040/nrfx_uart.o
 .text.nrf_gpio_cfg
                0x00000000000040d4       0x62 Output/Debug/Obj/twi_scanner_pca10040/nrfx_uart.o
 .text.nrf_gpio_cfg_output
                0x0000000000004136       0x22 Output/Debug/Obj/twi_scanner_pca10040/nrfx_uart.o
 .text.nrf_gpio_cfg_input
                0x0000000000004158       0x2a Output/Debug/Obj/twi_scanner_pca10040/nrfx_uart.o
 .text.nrf_gpio_cfg_default
                0x0000000000004182       0x22 Output/Debug/Obj/twi_scanner_pca10040/nrfx_uart.o
 .text.nrf_gpio_pin_set
                0x00000000000041a4       0x28 Output/Debug/Obj/twi_scanner_pca10040/nrfx_uart.o
 .text.nrf_gpio_port_out_set
                0x00000000000041cc       0x14 Output/Debug/Obj/twi_scanner_pca10040/nrfx_uart.o
 .text.nrf_gpio_pin_present_check
                0x00000000000041e0       0x40 Output/Debug/Obj/twi_scanner_pca10040/nrfx_uart.o
 .text.apply_config
                0x0000000000004220       0xc6 Output/Debug/Obj/twi_scanner_pca10040/nrfx_uart.o
 *fill*         0x00000000000042e6        0x2 
 .text.interrupts_enable
                0x00000000000042e8       0x6c Output/Debug/Obj/twi_scanner_pca10040/nrfx_uart.o
 .text.interrupts_disable
                0x0000000000004354       0x30 Output/Debug/Obj/twi_scanner_pca10040/nrfx_uart.o
 .text.pins_to_default
                0x0000000000004384       0x8a Output/Debug/Obj/twi_scanner_pca10040/nrfx_uart.o
 *fill*         0x000000000000440e        0x2 
 .text.nrfx_uart_init
                0x0000000000004410       0xd4 Output/Debug/Obj/twi_scanner_pca10040/nrfx_uart.o
                0x0000000000004410                nrfx_uart_init
 .text.nrfx_uart_uninit
                0x00000000000044e4       0x5c Output/Debug/Obj/twi_scanner_pca10040/nrfx_uart.o
                0x00000000000044e4                nrfx_uart_uninit
 .text.tx_byte  0x0000000000004540       0x40 Output/Debug/Obj/twi_scanner_pca10040/nrfx_uart.o
 .text.tx_blocking
                0x0000000000004580       0x52 Output/Debug/Obj/twi_scanner_pca10040/nrfx_uart.o
 *fill*         0x00000000000045d2        0x2 
 .text.nrfx_uart_tx
                0x00000000000045d4      0x110 Output/Debug/Obj/twi_scanner_pca10040/nrfx_uart.o
                0x00000000000045d4                nrfx_uart_tx
 .text.nrfx_uart_tx_in_progress
                0x00000000000046e4       0x2c Output/Debug/Obj/twi_scanner_pca10040/nrfx_uart.o
                0x00000000000046e4                nrfx_uart_tx_in_progress
 .text.rx_byte  0x0000000000004710       0x4e Output/Debug/Obj/twi_scanner_pca10040/nrfx_uart.o
 .text.rx_done_event
                0x000000000000475e       0x2e Output/Debug/Obj/twi_scanner_pca10040/nrfx_uart.o
 .text.tx_done_event
                0x000000000000478c       0x34 Output/Debug/Obj/twi_scanner_pca10040/nrfx_uart.o
 .text.uart_irq_handler
                0x00000000000047c0      0x1de Output/Debug/Obj/twi_scanner_pca10040/nrfx_uart.o
 *fill*         0x000000000000499e        0x2 
 .text.nrfx_uart_0_irq_handler
                0x00000000000049a0       0x18 Output/Debug/Obj/twi_scanner_pca10040/nrfx_uart.o
                0x00000000000049a0                nrfx_uart_0_irq_handler
 .text.__NVIC_EnableIRQ
                0x00000000000049b8       0x34 Output/Debug/Obj/twi_scanner_pca10040/nrfx_uarte.o
 .text.__NVIC_DisableIRQ
                0x00000000000049ec       0x44 Output/Debug/Obj/twi_scanner_pca10040/nrfx_uarte.o
 .text.__NVIC_SetPriority
                0x0000000000004a30       0x50 Output/Debug/Obj/twi_scanner_pca10040/nrfx_uarte.o
 .text.nrfx_is_in_ram
                0x0000000000004a80       0x1c Output/Debug/Obj/twi_scanner_pca10040/nrfx_uarte.o
 .text.nrfx_get_irq_number
                0x0000000000004a9c       0x10 Output/Debug/Obj/twi_scanner_pca10040/nrfx_uarte.o
 .text._NRFX_IRQ_PRIORITY_SET
                0x0000000000004aac       0x40 Output/Debug/Obj/twi_scanner_pca10040/nrfx_uarte.o
 .text._NRFX_IRQ_ENABLE
                0x0000000000004aec       0x1c Output/Debug/Obj/twi_scanner_pca10040/nrfx_uarte.o
 .text._NRFX_IRQ_DISABLE
                0x0000000000004b08       0x1c Output/Debug/Obj/twi_scanner_pca10040/nrfx_uarte.o
 .text.nrf_uarte_event_clear
                0x0000000000004b24       0x2a Output/Debug/Obj/twi_scanner_pca10040/nrfx_uarte.o
 .text.nrf_uarte_event_check
                0x0000000000004b4e       0x24 Output/Debug/Obj/twi_scanner_pca10040/nrfx_uarte.o
 .text.nrf_uarte_shorts_disable
                0x0000000000004b72       0x1e Output/Debug/Obj/twi_scanner_pca10040/nrfx_uarte.o
 .text.nrf_uarte_int_enable
                0x0000000000004b90       0x14 Output/Debug/Obj/twi_scanner_pca10040/nrfx_uarte.o
 .text.nrf_uarte_int_disable
                0x0000000000004ba4       0x14 Output/Debug/Obj/twi_scanner_pca10040/nrfx_uarte.o
 .text.nrf_uarte_errorsrc_get_and_clear
                0x0000000000004bb8       0x1c Output/Debug/Obj/twi_scanner_pca10040/nrfx_uarte.o
 .text.nrf_uarte_enable
                0x0000000000004bd4       0x12 Output/Debug/Obj/twi_scanner_pca10040/nrfx_uarte.o
 .text.nrf_uarte_disable
                0x0000000000004be6       0x12 Output/Debug/Obj/twi_scanner_pca10040/nrfx_uarte.o
 .text.nrf_uarte_txrx_pins_set
                0x0000000000004bf8       0x1e Output/Debug/Obj/twi_scanner_pca10040/nrfx_uarte.o
 .text.nrf_uarte_txrx_pins_disconnect
                0x0000000000004c16       0x1c Output/Debug/Obj/twi_scanner_pca10040/nrfx_uarte.o
 .text.nrf_uarte_tx_pin_get
                0x0000000000004c32       0x10 Output/Debug/Obj/twi_scanner_pca10040/nrfx_uarte.o
 .text.nrf_uarte_rx_pin_get
                0x0000000000004c42       0x10 Output/Debug/Obj/twi_scanner_pca10040/nrfx_uarte.o
 .text.nrf_uarte_rts_pin_get
                0x0000000000004c52       0x10 Output/Debug/Obj/twi_scanner_pca10040/nrfx_uarte.o
 .text.nrf_uarte_cts_pin_get
                0x0000000000004c62       0x10 Output/Debug/Obj/twi_scanner_pca10040/nrfx_uarte.o
 .text.nrf_uarte_hwfc_pins_set
                0x0000000000004c72       0x1e Output/Debug/Obj/twi_scanner_pca10040/nrfx_uarte.o
 .text.nrf_uarte_hwfc_pins_disconnect
                0x0000000000004c90       0x1c Output/Debug/Obj/twi_scanner_pca10040/nrfx_uarte.o
 .text.nrf_uarte_task_trigger
                0x0000000000004cac       0x1c Output/Debug/Obj/twi_scanner_pca10040/nrfx_uarte.o
 .text.nrf_uarte_configure
                0x0000000000004cc8       0x2a Output/Debug/Obj/twi_scanner_pca10040/nrfx_uarte.o
 .text.nrf_uarte_baudrate_set
                0x0000000000004cf2       0x14 Output/Debug/Obj/twi_scanner_pca10040/nrfx_uarte.o
 .text.nrf_uarte_tx_buffer_set
                0x0000000000004d06       0x1e Output/Debug/Obj/twi_scanner_pca10040/nrfx_uarte.o
 .text.nrf_uarte_tx_amount_get
                0x0000000000004d24       0x10 Output/Debug/Obj/twi_scanner_pca10040/nrfx_uarte.o
 .text.nrf_uarte_rx_amount_get
                0x0000000000004d34       0x10 Output/Debug/Obj/twi_scanner_pca10040/nrfx_uarte.o
 .text.nrf_gpio_pin_port_decode
                0x0000000000004d44       0x30 Output/Debug/Obj/twi_scanner_pca10040/nrfx_uarte.o
 .text.nrf_gpio_cfg
                0x0000000000004d74       0x62 Output/Debug/Obj/twi_scanner_pca10040/nrfx_uarte.o
 .text.nrf_gpio_cfg_output
                0x0000000000004dd6       0x22 Output/Debug/Obj/twi_scanner_pca10040/nrfx_uarte.o
 .text.nrf_gpio_cfg_input
                0x0000000000004df8       0x2a Output/Debug/Obj/twi_scanner_pca10040/nrfx_uarte.o
 .text.nrf_gpio_cfg_default
                0x0000000000004e22       0x22 Output/Debug/Obj/twi_scanner_pca10040/nrfx_uarte.o
 .text.nrf_gpio_pin_set
                0x0000000000004e44       0x28 Output/Debug/Obj/twi_scanner_pca10040/nrfx_uarte.o
 .text.nrf_gpio_port_out_set
                0x0000000000004e6c       0x14 Output/Debug/Obj/twi_scanner_pca10040/nrfx_uarte.o
 .text.nrf_gpio_pin_present_check
                0x0000000000004e80       0x40 Output/Debug/Obj/twi_scanner_pca10040/nrfx_uarte.o
 .text.apply_config
                0x0000000000004ec0       0xc6 Output/Debug/Obj/twi_scanner_pca10040/nrfx_uarte.o
 *fill*         0x0000000000004f86        0x2 
 .text.interrupts_enable
                0x0000000000004f88       0x98 Output/Debug/Obj/twi_scanner_pca10040/nrfx_uarte.o
 .text.interrupts_disable
                0x0000000000005020       0x30 Output/Debug/Obj/twi_scanner_pca10040/nrfx_uarte.o
 .text.pins_to_default
                0x0000000000005050       0x8a Output/Debug/Obj/twi_scanner_pca10040/nrfx_uarte.o
 *fill*         0x00000000000050da        0x2 
 .text.nrfx_uarte_init
                0x00000000000050dc       0xcc Output/Debug/Obj/twi_scanner_pca10040/nrfx_uarte.o
                0x00000000000050dc                nrfx_uarte_init
 .text.nrfx_uarte_uninit
                0x00000000000051a8       0xc4 Output/Debug/Obj/twi_scanner_pca10040/nrfx_uarte.o
                0x00000000000051a8                nrfx_uarte_uninit
 .text.nrfx_uarte_tx
                0x000000000000526c      0x17c Output/Debug/Obj/twi_scanner_pca10040/nrfx_uarte.o
                0x000000000000526c                nrfx_uarte_tx
 .text.nrfx_uarte_tx_in_progress
                0x00000000000053e8       0x30 Output/Debug/Obj/twi_scanner_pca10040/nrfx_uarte.o
                0x00000000000053e8                nrfx_uarte_tx_in_progress
 .text.rx_done_event
                0x0000000000005418       0x2e Output/Debug/Obj/twi_scanner_pca10040/nrfx_uarte.o
 .text.tx_done_event
                0x0000000000005446       0x34 Output/Debug/Obj/twi_scanner_pca10040/nrfx_uarte.o
 .text.uarte_irq_handler
                0x000000000000547a      0x18c Output/Debug/Obj/twi_scanner_pca10040/nrfx_uarte.o
 *fill*         0x0000000000005606        0x2 
 .text.nrfx_uarte_0_irq_handler
                0x0000000000005608       0x18 Output/Debug/Obj/twi_scanner_pca10040/nrfx_uarte.o
                0x0000000000005608                nrfx_uarte_0_irq_handler
 .text.nrf_timer_event_clear
                0x0000000000005620       0x2a Output/Debug/Obj/twi_scanner_pca10040/nrfx_timer.o
 .text.nrf_timer_event_check
                0x000000000000564a       0x24 Output/Debug/Obj/twi_scanner_pca10040/nrfx_timer.o
 .text.nrf_timer_int_enable_check
                0x000000000000566e       0x20 Output/Debug/Obj/twi_scanner_pca10040/nrfx_timer.o
 .text.nrf_timer_compare_event_get
                0x000000000000568e       0x14 Output/Debug/Obj/twi_scanner_pca10040/nrfx_timer.o
 .text.nrf_timer_compare_int_get
                0x00000000000056a2       0x14 Output/Debug/Obj/twi_scanner_pca10040/nrfx_timer.o
 .text.irq_handler
                0x00000000000056b6       0x8e Output/Debug/Obj/twi_scanner_pca10040/nrfx_timer.o
 .text.TIMER0_IRQHandler
                0x0000000000005744       0x18 Output/Debug/Obj/twi_scanner_pca10040/nrfx_timer.o
                0x0000000000005744                TIMER0_IRQHandler
 .text.main     0x000000000000575c      0x168 Output/Debug/Obj/twi_scanner_pca10040/main.o
                0x000000000000575c                main
 .text.nrf_drv_twi_enable
                0x00000000000058c4       0x18 Output/Debug/Obj/twi_scanner_pca10040/i2cdev.o
 .text.nrf_drv_twi_disable
                0x00000000000058dc       0x18 Output/Debug/Obj/twi_scanner_pca10040/i2cdev.o
 .text.nrf_drv_twi_tx
                0x00000000000058f4       0x40 Output/Debug/Obj/twi_scanner_pca10040/i2cdev.o
 .text.nrf_drv_twi_rx
                0x0000000000005934       0x38 Output/Debug/Obj/twi_scanner_pca10040/i2cdev.o
 .text.i2cdev_initialize
                0x000000000000596c       0x58 Output/Debug/Obj/twi_scanner_pca10040/i2cdev.o
                0x000000000000596c                i2cdev_initialize
 .text.i2cdev_enable
                0x00000000000059c4       0x2c Output/Debug/Obj/twi_scanner_pca10040/i2cdev.o
                0x00000000000059c4                i2cdev_enable
 .text.i2cdev_readBytes
                0x00000000000059f0       0x60 Output/Debug/Obj/twi_scanner_pca10040/i2cdev.o
                0x00000000000059f0                i2cdev_readBytes
 .text.i2cdev_writeByte
                0x0000000000005a50       0x78 Output/Debug/Obj/twi_scanner_pca10040/i2cdev.o
                0x0000000000005a50                i2cdev_writeByte
 .text.nrfx_coredep_delay_us
                0x0000000000005ac8       0x30 Output/Debug/Obj/twi_scanner_pca10040/ms5611.o
 .text.nrf_delay_ms
                0x0000000000005af8       0x2a Output/Debug/Obj/twi_scanner_pca10040/ms5611.o
 *fill*         0x0000000000005b22        0x2 
 .text.ms5611Init
                0x0000000000005b24       0x48 Output/Debug/Obj/twi_scanner_pca10040/ms5611.o
                0x0000000000005b24                ms5611Init
 .text.ms5611RawTemperature
                0x0000000000005b6c       0x84 Output/Debug/Obj/twi_scanner_pca10040/ms5611.o
                0x0000000000005b6c                ms5611RawTemperature
 .text.ms5611StartConversion
                0x0000000000005bf0       0x28 Output/Debug/Obj/twi_scanner_pca10040/ms5611.o
                0x0000000000005bf0                ms5611StartConversion
 .text.ms5611GetConversion
                0x0000000000005c18       0x50 Output/Debug/Obj/twi_scanner_pca10040/ms5611.o
                0x0000000000005c18                ms5611GetConversion
 .text.ms5611ReadPROM
                0x0000000000005c68       0x98 Output/Debug/Obj/twi_scanner_pca10040/ms5611.o
                0x0000000000005c68                ms5611ReadPROM
 .text.ms5611Reset
                0x0000000000005d00       0x18 Output/Debug/Obj/twi_scanner_pca10040/ms5611.o
                0x0000000000005d00                ms5611Reset
 .text.__NVIC_SystemReset
                0x0000000000005d18       0x28 Output/Debug/Obj/twi_scanner_pca10040/system_nrf52.o
 .text.nrf52_errata_12
                0x0000000000005d40       0x88 Output/Debug/Obj/twi_scanner_pca10040/system_nrf52.o
 .text.nrf52_errata_16
                0x0000000000005dc8       0x68 Output/Debug/Obj/twi_scanner_pca10040/system_nrf52.o
 .text.nrf52_errata_31
                0x0000000000005e30       0x88 Output/Debug/Obj/twi_scanner_pca10040/system_nrf52.o
 .text.nrf52_errata_32
                0x0000000000005eb8       0x68 Output/Debug/Obj/twi_scanner_pca10040/system_nrf52.o
 .text.nrf52_errata_36
                0x0000000000005f20       0x88 Output/Debug/Obj/twi_scanner_pca10040/system_nrf52.o
 .text.nrf52_errata_37
                0x0000000000005fa8       0x68 Output/Debug/Obj/twi_scanner_pca10040/system_nrf52.o
 .text.nrf52_errata_57
                0x0000000000006010       0x68 Output/Debug/Obj/twi_scanner_pca10040/system_nrf52.o
 .text.nrf52_errata_66
                0x0000000000006078       0x88 Output/Debug/Obj/twi_scanner_pca10040/system_nrf52.o
 .text.nrf52_errata_108
                0x0000000000006100       0x88 Output/Debug/Obj/twi_scanner_pca10040/system_nrf52.o
 .text.nrf52_errata_136
                0x0000000000006188       0x88 Output/Debug/Obj/twi_scanner_pca10040/system_nrf52.o
 .text.nrf52_errata_182
                0x0000000000006210       0x60 Output/Debug/Obj/twi_scanner_pca10040/system_nrf52.o
 .text.nrf52_errata_249
                0x0000000000006270       0x60 Output/Debug/Obj/twi_scanner_pca10040/system_nrf52.o
 .text.nrf52_handle_approtect
                0x00000000000062d0       0x20 Output/Debug/Obj/twi_scanner_pca10040/system_nrf52.o
 .text.nvmc_wait
                0x00000000000062f0       0x18 Output/Debug/Obj/twi_scanner_pca10040/system_nrf52.o
                0x00000000000062f0                nvmc_wait
 .text.nvmc_config
                0x0000000000006308       0x20 Output/Debug/Obj/twi_scanner_pca10040/system_nrf52.o
                0x0000000000006308                nvmc_config
 .text.SystemCoreClockUpdate
                0x0000000000006328       0x14 Output/Debug/Obj/twi_scanner_pca10040/system_nrf52.o
                0x0000000000006328                SystemCoreClockUpdate
 .text.SystemInit
                0x000000000000633c      0x2ac Output/Debug/Obj/twi_scanner_pca10040/system_nrf52.o
                0x000000000000633c                SystemInit
 .text.libc.__SEGGER_RTL_ascii_mbtowc
                0x00000000000065e8       0x2e C:/Program Files/SEGGER/SEGGER Embedded Studio for ARM 6.30/lib/libc_v7em_fpv4_sp_d16_hard_t_le_eabi_balanced.a(mbops.o)
                0x00000000000065e8                __SEGGER_RTL_ascii_mbtowc
 .text.libc.__SEGGER_RTL_ascii_wctomb
                0x0000000000006616        0xe C:/Program Files/SEGGER/SEGGER Embedded Studio for ARM 6.30/lib/libc_v7em_fpv4_sp_d16_hard_t_le_eabi_balanced.a(mbops.o)
                0x0000000000006616                __SEGGER_RTL_ascii_wctomb
 .text.libc.__SEGGER_RTL_isctype
                0x0000000000006624       0x1e C:/Program Files/SEGGER/SEGGER Embedded Studio for ARM 6.30/lib/libc_v7em_fpv4_sp_d16_hard_t_le_eabi_balanced.a(mbops.o)
 .text.libc.isprint
                0x0000000000006642        0x6 C:/Program Files/SEGGER/SEGGER Embedded Studio for ARM 6.30/lib/libc_v7em_fpv4_sp_d16_hard_t_le_eabi_balanced.a(mbops.o)
                0x0000000000006642                isprint
 .text.libc.__SEGGER_RTL_ascii_isctype
                0x0000000000006648       0x20 C:/Program Files/SEGGER/SEGGER Embedded Studio for ARM 6.30/lib/libc_v7em_fpv4_sp_d16_hard_t_le_eabi_balanced.a(mbops.o)
 .text.libc.__SEGGER_RTL_ascii_toupper
                0x0000000000006668        0xc C:/Program Files/SEGGER/SEGGER Embedded Studio for ARM 6.30/lib/libc_v7em_fpv4_sp_d16_hard_t_le_eabi_balanced.a(mbops.o)
 .text.libc.__SEGGER_RTL_ascii_tolower
                0x0000000000006674        0xc C:/Program Files/SEGGER/SEGGER Embedded Studio for ARM 6.30/lib/libc_v7em_fpv4_sp_d16_hard_t_le_eabi_balanced.a(mbops.o)
 .text.libc.__SEGGER_RTL_ascii_iswctype
                0x0000000000006680       0x20 C:/Program Files/SEGGER/SEGGER Embedded Studio for ARM 6.30/lib/libc_v7em_fpv4_sp_d16_hard_t_le_eabi_balanced.a(mbops.o)
 .text.libc.__SEGGER_RTL_ascii_towupper
                0x00000000000066a0        0xc C:/Program Files/SEGGER/SEGGER Embedded Studio for ARM 6.30/lib/libc_v7em_fpv4_sp_d16_hard_t_le_eabi_balanced.a(mbops.o)
 .text.libc.__SEGGER_RTL_ascii_towlower
                0x00000000000066ac        0xc C:/Program Files/SEGGER/SEGGER Embedded Studio for ARM 6.30/lib/libc_v7em_fpv4_sp_d16_hard_t_le_eabi_balanced.a(mbops.o)
 .text.libc.strlen
                0x00000000000066b8       0x60 C:/Program Files/SEGGER/SEGGER Embedded Studio for ARM 6.30/lib/libc_v7em_fpv4_sp_d16_hard_t_le_eabi_balanced.a(strasmops_arm.o)
                0x00000000000066b8                strlen
 .text.libc.memcpy
                0x0000000000006718       0x64 C:/Program Files/SEGGER/SEGGER Embedded Studio for ARM 6.30/lib/libc_v7em_fpv4_sp_d16_hard_t_le_eabi_balanced.a(strasmops_arm.o)
                0x0000000000006718                __aeabi_memcpy
                0x0000000000006718                memcpy
                0x000000000000673a                __aeabi_memcpy8
                0x000000000000673a                __aeabi_memcpy4
 .text.__SEGGER_RTL_init_heap
                0x000000000000677c       0x14 C:/Program Files/SEGGER/SEGGER Embedded Studio for ARM 6.30/lib/heapops_basic_v7em_little.a(heapops_basic.o)
                0x000000000000677c                __SEGGER_RTL_init_heap
                0x0000000000006790                . = ALIGN (MAX ((__text_start__ + 0x4), .), 0x4)
                0x0000000000006790                __text_end__ = (__text_start__ + SIZEOF (.text))
                0x00000000000063c4                __text_size__ = SIZEOF (.text)
                0x0000000000006790                __text_load_end__ = __text_end__

.vfp11_veneer   0x0000000100000000        0x0
 .vfp11_veneer  0x0000000100000000        0x0 linker stubs

.v4_bx          0x0000000100000000        0x0
 .v4_bx         0x0000000100000000        0x0 linker stubs

.iplt           0x0000000100000000        0x0
 .iplt          0x0000000100000000        0x0 Output/Debug/Obj/twi_scanner_pca10040/thumb_crt0.o
                0x0000000000000001                . = ASSERT (((__text_start__ == __text_end__) || ((__text_end__ - __FLASH1_segment_start__) <= __FLASH1_segment_size__)), error: .text is too large to fit in FLASH1 memory segment)
                0x0000000000006790                __log_const_data_load_start__ = ALIGN (__text_end__, 0x4)

.log_const_data
                0x0000000000006790       0x30
                0x0000000000006790                __log_const_data_start__ = .
                0x0000000000006790                __start_log_const_data = __log_const_data_start__
 *(SORT_BY_NAME(.log_const_data*))
 .log_const_data_PRS
                0x0000000000006790        0x8 Output/Debug/Obj/twi_scanner_pca10040/nrfx_prs.o
                0x0000000000006790                m_nrf_log_PRS_logs_data_const
 .log_const_data_TIMER
                0x0000000000006798        0x8 Output/Debug/Obj/twi_scanner_pca10040/nrfx_timer.o
                0x0000000000006798                m_nrf_log_TIMER_logs_data_const
 .log_const_data_TWIM
                0x00000000000067a0        0x8 Output/Debug/Obj/twi_scanner_pca10040/nrfx_twim.o
                0x00000000000067a0                m_nrf_log_TWIM_logs_data_const
 .log_const_data_UART
                0x00000000000067a8        0x8 Output/Debug/Obj/twi_scanner_pca10040/nrfx_uart.o
                0x00000000000067a8                m_nrf_log_UART_logs_data_const
 .log_const_data_UARTE
                0x00000000000067b0        0x8 Output/Debug/Obj/twi_scanner_pca10040/nrfx_uarte.o
                0x00000000000067b0                m_nrf_log_UARTE_logs_data_const
 .log_const_data_app
                0x00000000000067b8        0x8 Output/Debug/Obj/twi_scanner_pca10040/nrf_log_frontend.o
                0x00000000000067b8                m_nrf_log_app_logs_data_const
                0x00000000000067c0                __log_const_data_end__ = (__log_const_data_start__ + SIZEOF (.log_const_data))
                0x0000000000000030                __log_const_data_size__ = SIZEOF (.log_const_data)
                0x00000000000067c0                __stop_log_const_data = __log_const_data_end__
                0x00000000000067c0                __log_const_data_load_end__ = __log_const_data_end__
                0x0000000000000001                . = ASSERT (((__log_const_data_start__ == __log_const_data_end__) || ((__log_const_data_end__ - __FLASH1_segment_start__) <= __FLASH1_segment_size__)), error: .log_const_data is too large to fit in FLASH1 memory segment)
                0x00000000000067c0                __log_backends_load_start__ = ALIGN (__log_const_data_end__, 0x4)

.log_backends   0x00000000000067c0       0x10
                0x00000000000067c0                __log_backends_start__ = .
                0x00000000000067c0                __start_log_backends = __log_backends_start__
 *(SORT_BY_NAME(.log_backends*))
 .log_backends  0x00000000000067c0       0x10 Output/Debug/Obj/twi_scanner_pca10040/nrf_log_default_backends.o
                0x00000000000067d0                __log_backends_end__ = (__log_backends_start__ + SIZEOF (.log_backends))
                0x0000000000000010                __log_backends_size__ = SIZEOF (.log_backends)
                0x00000000000067d0                __stop_log_backends = __log_backends_end__
                0x00000000000067d0                __log_backends_load_end__ = __log_backends_end__
                0x0000000000000001                . = ASSERT (((__log_backends_start__ == __log_backends_end__) || ((__log_backends_end__ - __FLASH1_segment_start__) <= __FLASH1_segment_size__)), error: .log_backends is too large to fit in FLASH1 memory segment)
                0x00000000000067d0                __nrf_balloc_load_start__ = ALIGN (__log_backends_end__, 0x4)

.nrf_balloc     0x00000000000067d0       0x14
                0x00000000000067d0                __nrf_balloc_start__ = .
                0x00000000000067d0                __start_nrf_balloc = __nrf_balloc_start__
 *(.nrf_balloc*)
 .nrf_balloc    0x00000000000067d0       0x14 Output/Debug/Obj/twi_scanner_pca10040/nrf_log_frontend.o
                0x00000000000067d0                log_mempool
                0x00000000000067e4                __nrf_balloc_end__ = (__nrf_balloc_start__ + SIZEOF (.nrf_balloc))
                0x0000000000000014                __nrf_balloc_size__ = SIZEOF (.nrf_balloc)
                0x00000000000067e4                __stop_nrf_balloc = __nrf_balloc_end__
                0x00000000000067e4                __nrf_balloc_load_end__ = __nrf_balloc_end__
                0x0000000000000001                . = ASSERT (((__nrf_balloc_start__ == __nrf_balloc_end__) || ((__nrf_balloc_end__ - __FLASH1_segment_start__) <= __FLASH1_segment_size__)), error: .nrf_balloc is too large to fit in FLASH1 memory segment)
                0x00000000000067e4                __nrf_sections_load_start__ = ALIGN (__nrf_balloc_end__, 0x4)

.nrf_sections   0x00000000000067e4        0x0
                0x00000000000067e4                __nrf_sections_start__ = .
                0x00000000000067e4                __start_nrf_sections = __nrf_sections_start__
 *(.nrf_sections .nrf_sections.*)
                0x00000000000067e4                __nrf_sections_end__ = (__nrf_sections_start__ + SIZEOF (.nrf_sections))
                0x0000000000000000                __nrf_sections_size__ = SIZEOF (.nrf_sections)
                0x00000000000067e4                __nrf_sections_load_end__ = __nrf_sections_end__
                0x0000000000000001                . = ASSERT (((__nrf_sections_start__ == __nrf_sections_end__) || ((__nrf_sections_end__ - __FLASH1_segment_start__) <= __FLASH1_segment_size__)), error: .nrf_sections is too large to fit in FLASH1 memory segment)
                0x00000000000067e4                __log_dynamic_data_load_start__ = ALIGN (__nrf_sections_end__, 0x4)

.log_dynamic_data
                0x0000000020000000        0x0 load address 0x00000000000067e4
                0x0000000020000000                __log_dynamic_data_start__ = .
 *(SORT_BY_NAME(.log_dynamic_data*))
                0x0000000020000000                __log_dynamic_data_end__ = (__log_dynamic_data_start__ + SIZEOF (.log_dynamic_data))
                0x0000000000000000                __log_dynamic_data_size__ = SIZEOF (.log_dynamic_data)
                0x00000000000067e4                __log_dynamic_data_load_end__ = (__log_dynamic_data_load_start__ + SIZEOF (.log_dynamic_data))
                0x0000000000000001                . = ASSERT (((__log_dynamic_data_load_start__ == __log_dynamic_data_load_end__) || ((__log_dynamic_data_load_end__ - __FLASH1_segment_start__) <= __FLASH1_segment_size__)), error: .log_dynamic_data is too large to fit in FLASH1 memory segment)

.log_dynamic_data_run
                0x0000000020000000        0x0
                0x0000000020000000                __log_dynamic_data_run_start__ = .
                0x0000000020000000                __start_log_dynamic_data = __log_dynamic_data_run_start__
                0x0000000020000000                __log_dynamic_data_run_end__ = (__log_dynamic_data_run_start__ + SIZEOF (.log_dynamic_data))
                0x0000000000000000                __log_dynamic_data_run_size__ = (__log_dynamic_data_run_end__ - __log_dynamic_data_run_start__)
                0x0000000020000000                __stop_log_dynamic_data = __log_dynamic_data_run_end__
                0x0000000020000000                __log_dynamic_data_run_load_end__ = __log_dynamic_data_run_end__
                0x0000000000000001                . = ASSERT (((__log_dynamic_data_run_start__ == __log_dynamic_data_run_end__) || ((__log_dynamic_data_run_end__ - __RAM1_segment_start__) <= __RAM1_segment_size__)), error: .log_dynamic_data_run is too large to fit in RAM1 memory segment)
                0x00000000000067e4                __log_filter_data_load_start__ = ALIGN ((__log_dynamic_data_load_start__ + SIZEOF (.log_dynamic_data)), 0x4)

.log_filter_data
                0x0000000020000000        0x0 load address 0x00000000000067e4
                0x0000000020000000                __log_filter_data_start__ = .
 *(SORT_BY_NAME(.log_filter_data*))
                0x0000000020000000                __log_filter_data_end__ = (__log_filter_data_start__ + SIZEOF (.log_filter_data))
                0x0000000000000000                __log_filter_data_size__ = SIZEOF (.log_filter_data)
                0x00000000000067e4                __log_filter_data_load_end__ = (__log_filter_data_load_start__ + SIZEOF (.log_filter_data))
                0x0000000000000001                . = ASSERT (((__log_filter_data_load_start__ == __log_filter_data_load_end__) || ((__log_filter_data_load_end__ - __FLASH1_segment_start__) <= __FLASH1_segment_size__)), error: .log_filter_data is too large to fit in FLASH1 memory segment)

.log_filter_data_run
                0x0000000020000000        0x0
                0x0000000020000000                __log_filter_data_run_start__ = .
                0x0000000020000000                __start_log_filter_data = __log_filter_data_run_start__
                0x0000000020000000                __log_filter_data_run_end__ = (__log_filter_data_run_start__ + SIZEOF (.log_filter_data))
                0x0000000000000000                __log_filter_data_run_size__ = (__log_filter_data_run_end__ - __log_filter_data_run_start__)
                0x0000000020000000                __stop_log_filter_data = __log_filter_data_run_end__
                0x0000000020000000                __log_filter_data_run_load_end__ = __log_filter_data_run_end__
                0x0000000000000001                . = ASSERT (((__log_filter_data_run_start__ == __log_filter_data_run_end__) || ((__log_filter_data_run_end__ - __RAM1_segment_start__) <= __RAM1_segment_size__)), error: .log_filter_data_run is too large to fit in RAM1 memory segment)
                0x0000000020000000                __nrf_sections_run_end_load_start__ = ALIGN (__log_filter_data_run_end__, 0x4)

.nrf_sections_run_end
                0x0000000020000000        0x0
                0x0000000020000000                __nrf_sections_run_end_start__ = .
                0x0000000020000000                __end_nrf_sections_run = __nrf_sections_run_end_start__
 *(.nrf_sections_run_end .nrf_sections_run_end.*)
                0x0000000020000000                __nrf_sections_run_end_end__ = (__nrf_sections_run_end_start__ + SIZEOF (.nrf_sections_run_end))
                0x0000000000000000                __nrf_sections_run_end_size__ = SIZEOF (.nrf_sections_run_end)
                0x0000000020000000                __nrf_sections_run_end_load_end__ = __nrf_sections_run_end_end__
                0x0000000000000001                . = ASSERT (((__nrf_sections_run_end_start__ == __nrf_sections_run_end_end__) || ((__nrf_sections_run_end_end__ - __RAM1_segment_start__) <= __RAM1_segment_size__)), error: .nrf_sections_run_end is too large to fit in RAM1 memory segment)
                0x00000000000067e4                __dtors_load_start__ = ALIGN ((__log_filter_data_load_start__ + SIZEOF (.log_filter_data)), 0x4)

.dtors          0x00000000000067e4        0x0
                0x00000000000067e4                __dtors_start__ = .
 *(SORT_BY_NAME(.dtors.*))
 *(.dtors)
 *(.fini_array)
 *(SORT_BY_NAME(.fini_array.*))
                0x00000000000067e4                __dtors_end__ = (__dtors_start__ + SIZEOF (.dtors))
                0x0000000000000000                __dtors_size__ = SIZEOF (.dtors)
                0x00000000000067e4                __dtors_load_end__ = __dtors_end__
                0x0000000000000001                . = ASSERT (((__dtors_start__ == __dtors_end__) || ((__dtors_end__ - __FLASH1_segment_start__) <= __FLASH1_segment_size__)), error: .dtors is too large to fit in FLASH1 memory segment)
                0x00000000000067e4                __ctors_load_start__ = ALIGN (__dtors_end__, 0x4)

.ctors          0x00000000000067e4        0x0
                0x00000000000067e4                __ctors_start__ = .
 *(SORT_BY_NAME(.ctors.*))
 *(.ctors)
 *(.init_array)
 *(SORT_BY_NAME(.init_array.*))
                0x00000000000067e4                __ctors_end__ = (__ctors_start__ + SIZEOF (.ctors))
                0x0000000000000000                __ctors_size__ = SIZEOF (.ctors)
                0x00000000000067e4                __ctors_load_end__ = __ctors_end__
                0x0000000000000001                . = ASSERT (((__ctors_start__ == __ctors_end__) || ((__ctors_end__ - __FLASH1_segment_start__) <= __FLASH1_segment_size__)), error: .ctors is too large to fit in FLASH1 memory segment)
                0x00000000000067e4                __rodata_load_start__ = ALIGN (__ctors_end__, 0x4)

.rodata         0x00000000000067e4     0x1128
                0x00000000000067e4                __rodata_start__ = .
 *(.rodata .rodata.* .gnu.linkonce.r.*)
 .rodata        0x00000000000067e4       0x94 Output/Debug/Obj/twi_scanner_pca10040/nrf_log_backend_uart.o
 .rodata.nrf_log_backend_uart_api
                0x0000000000006878        0xc Output/Debug/Obj/twi_scanner_pca10040/nrf_log_backend_uart.o
                0x0000000000006878                nrf_log_backend_uart_api
 .rodata        0x0000000000006884       0x8b Output/Debug/Obj/twi_scanner_pca10040/nrf_log_default_backends.o
 *fill*         0x000000000000690f        0x1 
 .rodata.m_log_push_ringbuf
                0x0000000000006910        0xc Output/Debug/Obj/twi_scanner_pca10040/nrf_log_frontend.o
 .rodata        0x000000000000691c       0x85 Output/Debug/Obj/twi_scanner_pca10040/nrf_log_frontend.o
 *fill*         0x00000000000069a1        0x3 
 .rodata        0x00000000000069a4       0xaa Output/Debug/Obj/twi_scanner_pca10040/nrf_log_str_formatter.o
 *fill*         0x0000000000006a4e        0x2 
 .rodata        0x0000000000006a50       0x70 Output/Debug/Obj/twi_scanner_pca10040/app_error_weak.o
 .rodata        0x0000000000006ac0       0x6d Output/Debug/Obj/twi_scanner_pca10040/app_util_platform.o
 *fill*         0x0000000000006b2d        0x3 
 .rodata        0x0000000000006b30       0x68 Output/Debug/Obj/twi_scanner_pca10040/nrf_balloc.o
 .rodata        0x0000000000006b98       0x5e Output/Debug/Obj/twi_scanner_pca10040/nrf_fprintf.o
 *fill*         0x0000000000006bf6        0x2 
 .rodata        0x0000000000006bf8       0x65 Output/Debug/Obj/twi_scanner_pca10040/nrf_fprintf_format.o
 *fill*         0x0000000000006c5d        0x3 
 .rodata._aV2C.0
                0x0000000000006c60       0x10 Output/Debug/Obj/twi_scanner_pca10040/nrf_fprintf_format.o
 .rodata        0x0000000000006c70       0x68 Output/Debug/Obj/twi_scanner_pca10040/nrf_memobj.o
 .rodata.m_unknown_str
                0x0000000000006cd8       0x13 Output/Debug/Obj/twi_scanner_pca10040/nrf_strerror.o
 *fill*         0x0000000000006ceb        0x1 
 .rodata        0x0000000000006cec      0x3bd Output/Debug/Obj/twi_scanner_pca10040/nrf_strerror.o
 *fill*         0x00000000000070a9        0x3 
 .rodata.nrf_strerror_array
                0x00000000000070ac      0x118 Output/Debug/Obj/twi_scanner_pca10040/nrf_strerror.o
 .rodata        0x00000000000071c4       0x2e Output/Debug/Obj/twi_scanner_pca10040/nrf_drv_twi.o
 *fill*         0x00000000000071f2        0xe 
 .rodata.delay_machine_code.0
                0x0000000000007200        0x6 Output/Debug/Obj/twi_scanner_pca10040/nrf_drv_twi.o
 *fill*         0x0000000000007206        0x2 
 .rodata        0x0000000000007208       0x6b Output/Debug/Obj/twi_scanner_pca10040/nrfx_prs.o
 *fill*         0x0000000000007273        0x1 
 .rodata        0x0000000000007274       0xcc Output/Debug/Obj/twi_scanner_pca10040/nrfx_twim.o
 .rodata.irq_handlers.0
                0x0000000000007340        0x8 Output/Debug/Obj/twi_scanner_pca10040/nrfx_twim.o
 .rodata        0x0000000000007348       0xcc Output/Debug/Obj/twi_scanner_pca10040/nrfx_uart.o
 .rodata.irq_handlers.0
                0x0000000000007414        0x4 Output/Debug/Obj/twi_scanner_pca10040/nrfx_uart.o
 .rodata        0x0000000000007418       0xcd Output/Debug/Obj/twi_scanner_pca10040/nrfx_uarte.o
 *fill*         0x00000000000074e5        0x3 
 .rodata.irq_handlers.0
                0x00000000000074e8        0x4 Output/Debug/Obj/twi_scanner_pca10040/nrfx_uarte.o
 .rodata        0x00000000000074ec       0x9d Output/Debug/Obj/twi_scanner_pca10040/nrfx_timer.o
 *fill*         0x0000000000007589        0x3 
 .rodata        0x000000000000758c       0xc9 Output/Debug/Obj/twi_scanner_pca10040/main.o
 *fill*         0x0000000000007655        0x3 
 .rodata        0x0000000000007658       0x7d Output/Debug/Obj/twi_scanner_pca10040/i2cdev.o
 *fill*         0x00000000000076d5        0xb 
 .rodata.delay_machine_code.0
                0x00000000000076e0        0x6 Output/Debug/Obj/twi_scanner_pca10040/ms5611.o
 *fill*         0x00000000000076e6        0x2 
 .rodata.libc.__SEGGER_RTL_c_locale
                0x00000000000076e8        0xc C:/Program Files/SEGGER/SEGGER Embedded Studio for ARM 6.30/lib/libc_v7em_fpv4_sp_d16_hard_t_le_eabi_balanced.a(mbops.o)
                0x00000000000076e8                __SEGGER_RTL_c_locale
 .rodata.libc..L.str
                0x00000000000076f4        0x2 C:/Program Files/SEGGER/SEGGER Embedded Studio for ARM 6.30/lib/libc_v7em_fpv4_sp_d16_hard_t_le_eabi_balanced.a(mbops.o)
 *fill*         0x00000000000076f6        0x2 
 .rodata.libc.__SEGGER_RTL_codeset_ascii
                0x00000000000076f8       0x20 C:/Program Files/SEGGER/SEGGER Embedded Studio for ARM 6.30/lib/libc_v7em_fpv4_sp_d16_hard_t_le_eabi_balanced.a(mbops.o)
                0x00000000000076f8                __SEGGER_RTL_codeset_ascii
 .rodata.libc.__SEGGER_RTL_c_locale_abbrev_day_names
                0x0000000000007718       0x1d C:/Program Files/SEGGER/SEGGER Embedded Studio for ARM 6.30/lib/libc_v7em_fpv4_sp_d16_hard_t_le_eabi_balanced.a(mbops.o)
                0x0000000000007718                __SEGGER_RTL_c_locale_abbrev_day_names
 .rodata.libc.__SEGGER_RTL_c_locale_abbrev_month_names
                0x0000000000007735       0x31 C:/Program Files/SEGGER/SEGGER Embedded Studio for ARM 6.30/lib/libc_v7em_fpv4_sp_d16_hard_t_le_eabi_balanced.a(mbops.o)
                0x0000000000007735                __SEGGER_RTL_c_locale_abbrev_month_names
 .rodata.libc.__SEGGER_RTL_data_utf8_period
                0x0000000000007766        0x2 C:/Program Files/SEGGER/SEGGER Embedded Studio for ARM 6.30/lib/libc_v7em_fpv4_sp_d16_hard_t_le_eabi_balanced.a(mbops.o)
                0x0000000000007766                __SEGGER_RTL_data_utf8_period
 .rodata.libc.__SEGGER_RTL_data_empty_string
                0x0000000000007768        0x1 C:/Program Files/SEGGER/SEGGER Embedded Studio for ARM 6.30/lib/libc_v7em_fpv4_sp_d16_hard_t_le_eabi_balanced.a(mbops.o)
                0x0000000000007768                __SEGGER_RTL_data_empty_string
 .rodata.libc.__SEGGER_RTL_c_locale_day_names
                0x0000000000007769       0x3a C:/Program Files/SEGGER/SEGGER Embedded Studio for ARM 6.30/lib/libc_v7em_fpv4_sp_d16_hard_t_le_eabi_balanced.a(mbops.o)
 .rodata.libc.__SEGGER_RTL_c_locale_month_names
                0x00000000000077a3       0x57 C:/Program Files/SEGGER/SEGGER Embedded Studio for ARM 6.30/lib/libc_v7em_fpv4_sp_d16_hard_t_le_eabi_balanced.a(mbops.o)
 .rodata.libc.__SEGGER_RTL_c_locale_am_pm_indicator
                0x00000000000077fa        0x7 C:/Program Files/SEGGER/SEGGER Embedded Studio for ARM 6.30/lib/libc_v7em_fpv4_sp_d16_hard_t_le_eabi_balanced.a(mbops.o)
 .rodata.libc.__SEGGER_RTL_c_locale_date_format
                0x0000000000007801        0x9 C:/Program Files/SEGGER/SEGGER Embedded Studio for ARM 6.30/lib/libc_v7em_fpv4_sp_d16_hard_t_le_eabi_balanced.a(mbops.o)
 .rodata.libc.__SEGGER_RTL_c_locale_time_format
                0x000000000000780a        0x9 C:/Program Files/SEGGER/SEGGER Embedded Studio for ARM 6.30/lib/libc_v7em_fpv4_sp_d16_hard_t_le_eabi_balanced.a(mbops.o)
 .rodata.libc.__SEGGER_RTL_c_locale_date_time_format
                0x0000000000007813        0xf C:/Program Files/SEGGER/SEGGER Embedded Studio for ARM 6.30/lib/libc_v7em_fpv4_sp_d16_hard_t_le_eabi_balanced.a(mbops.o)
 *fill*         0x0000000000007822        0x2 
 .rodata.libc.__SEGGER_RTL_c_locale_data
                0x0000000000007824       0x58 C:/Program Files/SEGGER/SEGGER Embedded Studio for ARM 6.30/lib/libc_v7em_fpv4_sp_d16_hard_t_le_eabi_balanced.a(mbops.o)
                0x0000000000007824                __SEGGER_RTL_c_locale_data
 .rodata.libc.__SEGGER_RTL_ascii_ctype_map
                0x000000000000787c       0x80 C:/Program Files/SEGGER/SEGGER Embedded Studio for ARM 6.30/lib/libc_v7em_fpv4_sp_d16_hard_t_le_eabi_balanced.a(mbops.o)
 .rodata.libc.__SEGGER_RTL_ascii_ctype_mask
                0x00000000000078fc        0xd C:/Program Files/SEGGER/SEGGER Embedded Studio for ARM 6.30/lib/libc_v7em_fpv4_sp_d16_hard_t_le_eabi_balanced.a(mbops.o)
                0x000000000000790c                . = ALIGN (MAX ((__rodata_start__ + 0x4), .), 0x4)
 *fill*         0x0000000000007909        0x3 
                0x000000000000790c                __rodata_end__ = (__rodata_start__ + SIZEOF (.rodata))
                0x0000000000001128                __rodata_size__ = SIZEOF (.rodata)
                0x000000000000790c                __rodata_load_end__ = __rodata_end__

.rel.dyn        0x000000000000790c        0x0
 .rel.iplt      0x000000000000790c        0x0 Output/Debug/Obj/twi_scanner_pca10040/thumb_crt0.o
                0x0000000000000001                . = ASSERT (((__rodata_start__ == __rodata_end__) || ((__rodata_end__ - __FLASH1_segment_start__) <= __FLASH1_segment_size__)), error: .rodata is too large to fit in FLASH1 memory segment)
                0x000000000000790c                __ARM.exidx_load_start__ = ALIGN (__rodata_end__, 0x4)

.ARM.exidx      0x000000000000790c        0x0
                0x000000000000790c                __ARM.exidx_start__ = .
                0x000000000000790c                __exidx_start = __ARM.exidx_start__
 *(.ARM.exidx .ARM.exidx.*)
                0x000000000000790c                __ARM.exidx_end__ = (__ARM.exidx_start__ + SIZEOF (.ARM.exidx))
                0x0000000000000000                __ARM.exidx_size__ = SIZEOF (.ARM.exidx)
                0x000000000000790c                __exidx_end = __ARM.exidx_end__
                0x000000000000790c                __ARM.exidx_load_end__ = __ARM.exidx_end__
                0x0000000000000001                . = ASSERT (((__ARM.exidx_start__ == __ARM.exidx_end__) || ((__ARM.exidx_end__ - __FLASH1_segment_start__) <= __FLASH1_segment_size__)), error: .ARM.exidx is too large to fit in FLASH1 memory segment)
                0x000000000000790c                __fast_load_start__ = ALIGN (__ARM.exidx_end__, 0x4)

.fast           0x0000000020000000        0x0 load address 0x000000000000790c
                0x0000000020000000                __fast_start__ = .
 *(.fast .fast.*)
                0x0000000020000000                __fast_end__ = (__fast_start__ + SIZEOF (.fast))
                0x0000000000000000                __fast_size__ = SIZEOF (.fast)
                0x000000000000790c                __fast_load_end__ = (__fast_load_start__ + SIZEOF (.fast))
                0x0000000000000001                . = ASSERT (((__fast_load_start__ == __fast_load_end__) || ((__fast_load_end__ - __FLASH1_segment_start__) <= __FLASH1_segment_size__)), error: .fast is too large to fit in FLASH1 memory segment)

.fast_run       0x0000000020000000        0x0
                0x0000000020000000                __fast_run_start__ = .
                0x0000000020000000                __fast_run_end__ = (__fast_run_start__ + SIZEOF (.fast))
                0x0000000000000000                __fast_run_size__ = (__fast_run_end__ - __fast_run_start__)
                0x0000000020000000                __fast_run_load_end__ = __fast_run_end__
                0x0000000000000001                . = ASSERT (((__fast_run_start__ == __fast_run_end__) || ((__fast_run_end__ - __RAM1_segment_start__) <= __RAM1_segment_size__)), error: .fast_run is too large to fit in RAM1 memory segment)
                0x000000000000790c                __data_load_start__ = ALIGN ((__fast_load_start__ + SIZEOF (.fast)), 0x4)

.data           0x0000000020000000       0x80 load address 0x000000000000790c
                0x0000000020000000                __data_start__ = .
 *(.data .data.* .gnu.linkonce.d.*)
 .data.m_uart   0x0000000020000000       0x14 Output/Debug/Obj/twi_scanner_pca10040/nrf_log_backend_uart.o
                0x0000000020000000                m_uart
 .data.log_backend_cb_uart_log_backend
                0x0000000020000014        0x8 Output/Debug/Obj/twi_scanner_pca10040/nrf_log_default_backends.o
 .data.m_buffer_mask
                0x000000002000001c        0x4 Output/Debug/Obj/twi_scanner_pca10040/nrf_log_frontend.o
 .data.severity_names
                0x0000000020000020       0x14 Output/Debug/Obj/twi_scanner_pca10040/nrf_log_str_formatter.o
 .data.m_colors
                0x0000000020000034       0x24 Output/Debug/Obj/twi_scanner_pca10040/nrf_log_str_formatter.o
 .data.m_twi    0x0000000020000058       0x10 Output/Debug/Obj/twi_scanner_pca10040/i2cdev.o
 .data.SystemCoreClock
                0x0000000020000068        0x4 Output/Debug/Obj/twi_scanner_pca10040/system_nrf52.o
                0x0000000020000068                SystemCoreClock
 .data.libc.__SEGGER_RTL_global_locale
                0x000000002000006c       0x14 C:/Program Files/SEGGER/SEGGER Embedded Studio for ARM 6.30/lib/libc_v7em_fpv4_sp_d16_hard_t_le_eabi_balanced.a(mbops.o)
                0x000000002000006c                __SEGGER_RTL_global_locale
                0x000000002000006c                __RAL_global_locale
                0x0000000020000080                __data_end__ = (__data_start__ + SIZEOF (.data))
                0x0000000000000080                __data_size__ = SIZEOF (.data)
                0x000000000000798c                __data_load_end__ = (__data_load_start__ + SIZEOF (.data))

.igot.plt       0x0000000100000000        0x0
 .igot.plt      0x0000000100000000        0x0 Output/Debug/Obj/twi_scanner_pca10040/thumb_crt0.o
                0x0000000000000001                . = ASSERT (((__data_load_start__ == __data_load_end__) || ((__data_load_end__ - __FLASH1_segment_start__) <= __FLASH1_segment_size__)), error: .data is too large to fit in FLASH1 memory segment)

.data_run       0x0000000020000000        0x0
                0x0000000020000000                __data_run_start__ = .
                0x0000000020000080                __data_run_end__ = (__data_run_start__ + SIZEOF (.data))
                0x0000000000000080                __data_run_size__ = (__data_run_end__ - __data_run_start__)
                0x0000000020000080                __data_run_load_end__ = __data_run_end__
                0x0000000000000001                . = ASSERT (((__data_run_start__ == __data_run_end__) || ((__data_run_end__ - __RAM1_segment_start__) <= __RAM1_segment_size__)), error: .data_run is too large to fit in RAM1 memory segment)
                0x000000000000798c                __tdata_load_start__ = ALIGN ((__data_load_start__ + SIZEOF (.data)), 0x4)

.tdata          0x0000000020000080        0x0 load address 0x000000000000798c
                0x0000000020000080                __tdata_start__ = .
 *(.tdata .tdata.*)
                0x0000000020000080                __tdata_end__ = (__tdata_start__ + SIZEOF (.tdata))
                0x0000000000000000                __tdata_size__ = SIZEOF (.tdata)
                0x000000000000798c                __tdata_load_end__ = (__tdata_load_start__ + SIZEOF (.tdata))
                0x000000000000798c                __FLASH1_segment_used_end__ = (ALIGN ((__data_load_start__ + SIZEOF (.data)), 0x4) + SIZEOF (.tdata))
                0x000000000000798c                __FLASH1_segment_used_size__ = (__FLASH1_segment_used_end__ - __FLASH1_segment_start__)
                0x0000000000000001                . = ASSERT (((__tdata_load_start__ == __tdata_load_end__) || ((__tdata_load_end__ - __FLASH1_segment_start__) <= __FLASH1_segment_size__)), error: .tdata is too large to fit in FLASH1 memory segment)

.tdata_run      0x0000000020000080        0x0
                0x0000000020000080                __tdata_run_start__ = .
                0x0000000020000080                __tdata_run_end__ = (__tdata_run_start__ + SIZEOF (.tdata))
                0x0000000000000000                __tdata_run_size__ = (__tdata_run_end__ - __tdata_run_start__)
                0x0000000020000080                __tdata_run_load_end__ = __tdata_run_end__
                0x0000000000000001                . = ASSERT (((__tdata_run_start__ == __tdata_run_end__) || ((__tdata_run_end__ - __RAM1_segment_start__) <= __RAM1_segment_size__)), error: .tdata_run is too large to fit in RAM1 memory segment)
                0x0000000020000080                __bss_load_start__ = ALIGN (__tdata_run_end__, 0x4)

.bss            0x0000000020000080      0x704
                0x0000000020000080                __bss_start__ = .
 *(.bss .bss.* .gnu.linkonce.b.*)
 .bss.m_string_buff
                0x0000000020000080       0x40 Output/Debug/Obj/twi_scanner_pca10040/nrf_log_backend_uart.o
 .bss.m_xfer_done
                0x00000000200000c0        0x1 Output/Debug/Obj/twi_scanner_pca10040/nrf_log_backend_uart.o
 .bss.m_async_mode
                0x00000000200000c1        0x1 Output/Debug/Obj/twi_scanner_pca10040/nrf_log_backend_uart.o
 *fill*         0x00000000200000c2        0x2 
 .bss.log_mempool_nrf_balloc_pool_stack
                0x00000000200000c4        0x8 Output/Debug/Obj/twi_scanner_pca10040/nrf_log_frontend.o
 .bss.log_mempool_nrf_balloc_pool_mem
                0x00000000200000cc       0xc0 Output/Debug/Obj/twi_scanner_pca10040/nrf_log_frontend.o
 .bss.log_mempool_nrf_balloc_cb
                0x000000002000018c        0x8 Output/Debug/Obj/twi_scanner_pca10040/nrf_log_frontend.o
 .bss.m_log_push_ringbuf_buf
                0x0000000020000194       0x80 Output/Debug/Obj/twi_scanner_pca10040/nrf_log_frontend.o
 .bss.m_log_push_ringbuf_cb
                0x0000000020000214       0x18 Output/Debug/Obj/twi_scanner_pca10040/nrf_log_frontend.o
 .bss.m_log_data
                0x000000002000022c      0x420 Output/Debug/Obj/twi_scanner_pca10040/nrf_log_frontend.o
 .bss.m_error_data.0
                0x000000002000064c       0x20 Output/Debug/Obj/twi_scanner_pca10040/app_error.o
 .bss.m_in_critical_region
                0x000000002000066c        0x4 Output/Debug/Obj/twi_scanner_pca10040/app_util_platform.o
 .bss.m_handlers
                0x0000000020000670        0x8 Output/Debug/Obj/twi_scanner_pca10040/nrf_drv_twi.o
 .bss.m_contexts
                0x0000000020000678        0x8 Output/Debug/Obj/twi_scanner_pca10040/nrf_drv_twi.o
 .bss.m_handlers
                0x0000000020000680        0x4 Output/Debug/Obj/twi_scanner_pca10040/nrf_drv_uart.o
 .bss.m_contexts
                0x0000000020000684        0x4 Output/Debug/Obj/twi_scanner_pca10040/nrf_drv_uart.o
 .bss.nrf_drv_uart_use_easy_dma
                0x0000000020000688        0x1 Output/Debug/Obj/twi_scanner_pca10040/nrf_drv_uart.o
                0x0000000020000688                nrf_drv_uart_use_easy_dma
 *fill*         0x0000000020000689        0x3 
 .bss.m_prs_box_4
                0x000000002000068c        0x8 Output/Debug/Obj/twi_scanner_pca10040/nrfx_prs.o
 .bss.m_cb      0x0000000020000694       0x68 Output/Debug/Obj/twi_scanner_pca10040/nrfx_twim.o
 .bss.m_cb      0x00000000200006fc       0x2c Output/Debug/Obj/twi_scanner_pca10040/nrfx_uart.o
 .bss.m_cb      0x0000000020000728       0x24 Output/Debug/Obj/twi_scanner_pca10040/nrfx_uarte.o
 .bss.m_cb      0x000000002000074c        0xc Output/Debug/Obj/twi_scanner_pca10040/nrfx_timer.o
 .bss.temperature
                0x0000000020000758        0x4 Output/Debug/Obj/twi_scanner_pca10040/main.o
                0x0000000020000758                temperature
 .bss.ms_ticks  0x000000002000075c        0x4 Output/Debug/Obj/twi_scanner_pca10040/main.o
                0x000000002000075c                ms_ticks
 .bss.devAddr   0x0000000020000760        0x1 Output/Debug/Obj/twi_scanner_pca10040/ms5611.o
 .bss.isInit    0x0000000020000761        0x1 Output/Debug/Obj/twi_scanner_pca10040/ms5611.o
 *fill*         0x0000000020000762        0x2 
 .bss.calReg    0x0000000020000764        0xc Output/Debug/Obj/twi_scanner_pca10040/ms5611.o
 .bss.lastPresConv
                0x0000000020000770        0x4 Output/Debug/Obj/twi_scanner_pca10040/ms5611.o
 .bss.lastTempConv
                0x0000000020000774        0x4 Output/Debug/Obj/twi_scanner_pca10040/ms5611.o
 .bss.tempCache
                0x0000000020000778        0x4 Output/Debug/Obj/twi_scanner_pca10040/ms5611.o
 .bss.libc.__SEGGER_RTL_locale_ptr
                0x000000002000077c        0x4 C:/Program Files/SEGGER/SEGGER Embedded Studio for ARM 6.30/lib/libc_v7em_fpv4_sp_d16_hard_t_le_eabi_balanced.a(mbops.o)
                0x000000002000077c                __SEGGER_RTL_locale_ptr
 .bss.__SEGGER_RTL_heap_globals
                0x0000000020000780        0x4 C:/Program Files/SEGGER/SEGGER Embedded Studio for ARM 6.30/lib/heapops_basic_v7em_little.a(heapops_basic.o)
 *(COMMON)
                0x0000000020000784                __bss_end__ = (__bss_start__ + SIZEOF (.bss))
                0x0000000000000704                __bss_size__ = SIZEOF (.bss)
                0x0000000020000784                __bss_load_end__ = __bss_end__
                0x0000000000000001                . = ASSERT (((__bss_start__ == __bss_end__) || ((__bss_end__ - __RAM1_segment_start__) <= __RAM1_segment_size__)), error: .bss is too large to fit in RAM1 memory segment)
                0x0000000020000784                __tbss_load_start__ = ALIGN (__bss_end__, 0x4)

.tbss           0x0000000020000784        0x0
                0x0000000020000784                __tbss_start__ = .
 *(.tbss .tbss.*)
                0x0000000020000784                __tbss_end__ = (__tbss_start__ + SIZEOF (.tbss))
                0x0000000000000000                __tbss_size__ = SIZEOF (.tbss)
                0x0000000020000784                __tbss_load_end__ = __tbss_end__
                0x0000000000000001                . = ASSERT (((__tbss_start__ == __tbss_end__) || ((__tbss_end__ - __RAM1_segment_start__) <= __RAM1_segment_size__)), error: .tbss is too large to fit in RAM1 memory segment)
                0x0000000020000784                __non_init_load_start__ = ALIGN (__tbss_end__, 0x4)

.non_init       0x0000000020000784        0x0
                0x0000000020000784                __non_init_start__ = .
 *(.non_init .non_init.*)
                0x0000000020000784                __non_init_end__ = (__non_init_start__ + SIZEOF (.non_init))
                0x0000000000000000                __non_init_size__ = SIZEOF (.non_init)
                0x0000000020000784                __non_init_load_end__ = __non_init_end__
                0x0000000000000001                . = ASSERT (((__non_init_start__ == __non_init_end__) || ((__non_init_end__ - __RAM1_segment_start__) <= __RAM1_segment_size__)), error: .non_init is too large to fit in RAM1 memory segment)
                0x0000000020000784                __heap_load_start__ = ALIGN (__non_init_end__, 0x4)

.heap           0x0000000020000784     0x2000
                0x0000000020000784                __heap_start__ = .
 *(.heap .heap.*)
                0x0000000020002784                . = ALIGN (MAX ((__heap_start__ + __HEAPSIZE__), .), 0x4)
 *fill*         0x0000000020000784     0x2000 
                0x0000000020002784                __heap_end__ = (__heap_start__ + SIZEOF (.heap))
                0x0000000000002000                __heap_size__ = SIZEOF (.heap)
                0x0000000020002784                __heap_load_end__ = __heap_end__
                0x0000000000000001                . = ASSERT (((__heap_start__ == __heap_end__) || ((__heap_end__ - __RAM1_segment_start__) <= __RAM1_segment_size__)), error: .heap is too large to fit in RAM1 memory segment)
                0x000000002000e000                __stack_load_start__ = (__RAM1_segment_start__ + (__RAM1_segment_size__ - 0x2000))

.stack          0x000000002000e000     0x2000
                0x000000002000e000                __stack_start__ = .
                0x000000002000e000                __StackLimit = __stack_start__
 *(.stack .stack.*)
                0x0000000020010000                . = ALIGN (MAX ((__stack_start__ + __STACKSIZE__), .), 0x8)
 *fill*         0x000000002000e000     0x2000 
                0x0000000020010000                __stack_end__ = (__stack_start__ + SIZEOF (.stack))
                0x0000000000002000                __stack_size__ = SIZEOF (.stack)
                0x0000000020010000                __StackTop = __stack_end__
                0x0000000020010000                __stack_load_end__ = __stack_end__
                0x0000000000000001                . = ASSERT (((__stack_start__ == __stack_end__) || ((__stack_end__ - __RAM1_segment_start__) <= __RAM1_segment_size__)), error: .stack is too large to fit in RAM1 memory segment)
                0x0000000000000001                . = ASSERT ((__heap_end__ <= __stack_start__), error: section .heap overlaps absolute placed section .stack)
                0x0000000020010000                __stack_process_load_start__ = ALIGN (__stack_end__, 0x8)

.stack_process  0x0000000020010000        0x0
                0x0000000020010000                __stack_process_start__ = .
 *(.stack_process .stack_process.*)