Archive member included to satisfy reference by file (symbol)

C:/Program Files/SEGGER/SEGGER Embedded Studio for ARM 6.30/lib/libc_v7em_fpv4_sp_d16_hard_t_le_eabi_balanced.a(mbops.o)
                              Output/Debug/Obj/twi_scanner_pca10040/nrf_log_str_formatter.o (isprint)
C:/Program Files/SEGGER/SEGGER Embedded Studio for ARM 6.30/lib/libc_v7em_fpv4_sp_d16_hard_t_le_eabi_balanced.a(sortops.o)
                              C:/Program Files/SEGGER/SEGGER Embedded Studio for ARM 6.30/lib/libc_v7em_fpv4_sp_d16_hard_t_le_eabi_balanced.a(mbops.o) (bsearch)
C:/Program Files/SEGGER/SEGGER Embedded Studio for ARM 6.30/lib/libc_v7em_fpv4_sp_d16_hard_t_le_eabi_balanced.a(strasmops_arm.o)
                              Output/Debug/Obj/twi_scanner_pca10040/nrf_log_frontend.o (strlen)
C:/Program Files/SEGGER/SEGGER Embedded Studio for ARM 6.30/lib/libc_v7em_fpv4_sp_d16_hard_t_le_eabi_balanced.a(strops.o)
                              C:/Program Files/SEGGER/SEGGER Embedded Studio for ARM 6.30/lib/libc_v7em_fpv4_sp_d16_hard_t_le_eabi_balanced.a(mbops.o) (strcat)
C:/Program Files/SEGGER/SEGGER Embedded Studio for ARM 6.30/lib/libc_v7em_fpv4_sp_d16_hard_t_le_eabi_balanced.a(timeops.o)
                              C:/Program Files/SEGGER/SEGGER Embedded Studio for ARM 6.30/lib/libc_v7em_fpv4_sp_d16_hard_t_le_eabi_balanced.a(mbops.o) (__SEGGER_RTL_string_list_encode)
C:/Program Files/SEGGER/SEGGER Embedded Studio for ARM 6.30/lib/libc_v7em_fpv4_sp_d16_hard_t_le_eabi_balanced.a(__SEGGER_RTL_vfprintf_long.o)
                              (__SEGGER_RTL_vfprintf_long)
C:/Program Files/SEGGER/SEGGER Embedded Studio for ARM 6.30/lib/libc_v7em_fpv4_sp_d16_hard_t_le_eabi_balanced.a(__SEGGER_RTL_vfscanf_long.o)
                              (__SEGGER_RTL_vfscanf_long)
C:/Program Files/SEGGER/SEGGER Embedded Studio for ARM 6.30/lib/libc_v7em_fpv4_sp_d16_hard_t_le_eabi_balanced.a(errno.o)
                              C:/Program Files/SEGGER/SEGGER Embedded Studio for ARM 6.30/lib/libc_v7em_fpv4_sp_d16_hard_t_le_eabi_balanced.a(mbops.o) (__aeabi_errno_addr)
C:/Program Files/SEGGER/SEGGER Embedded Studio for ARM 6.30/lib/libc_v7em_fpv4_sp_d16_hard_t_le_eabi_balanced.a(floatasmops_arm.o)
                              C:/Program Files/SEGGER/SEGGER Embedded Studio for ARM 6.30/lib/libc_v7em_fpv4_sp_d16_hard_t_le_eabi_balanced.a(timeops.o) (__aeabi_i2d)
C:/Program Files/SEGGER/SEGGER Embedded Studio for ARM 6.30/lib/libc_v7em_fpv4_sp_d16_hard_t_le_eabi_balanced.a(heapops.o)
                              C:/Program Files/SEGGER/SEGGER Embedded Studio for ARM 6.30/lib/libc_v7em_fpv4_sp_d16_hard_t_le_eabi_balanced.a(mbops.o) (malloc)
C:/Program Files/SEGGER/SEGGER Embedded Studio for ARM 6.30/lib/libc_v7em_fpv4_sp_d16_hard_t_le_eabi_balanced.a(intasmops_arm.o)
                              C:/Program Files/SEGGER/SEGGER Embedded Studio for ARM 6.30/lib/libc_v7em_fpv4_sp_d16_hard_t_le_eabi_balanced.a(__SEGGER_RTL_vfprintf_long.o) (__aeabi_uldivmod)
C:/Program Files/SEGGER/SEGGER Embedded Studio for ARM 6.30/lib/libc_v7em_fpv4_sp_d16_hard_t_le_eabi_balanced.a(intops.o)
                              C:/Program Files/SEGGER/SEGGER Embedded Studio for ARM 6.30/lib/libc_v7em_fpv4_sp_d16_hard_t_le_eabi_balanced.a(timeops.o) (div)
C:/Program Files/SEGGER/SEGGER Embedded Studio for ARM 6.30/lib/libc_v7em_fpv4_sp_d16_hard_t_le_eabi_balanced.a(utilops.o)
                              C:/Program Files/SEGGER/SEGGER Embedded Studio for ARM 6.30/lib/libc_v7em_fpv4_sp_d16_hard_t_le_eabi_balanced.a(__SEGGER_RTL_vfscanf_long.o) (__SEGGER_RTL_digit)
C:/Program Files/SEGGER/SEGGER Embedded Studio for ARM 6.30/lib/libc_v7em_fpv4_sp_d16_hard_t_le_eabi_balanced.a(prinops.o)
                              C:/Program Files/SEGGER/SEGGER Embedded Studio for ARM 6.30/lib/libc_v7em_fpv4_sp_d16_hard_t_le_eabi_balanced.a(__SEGGER_RTL_vfprintf_long.o) (__SEGGER_RTL_putc)
C:/Program Files/SEGGER/SEGGER Embedded Studio for ARM 6.30/lib/libc_v7em_fpv4_sp_d16_hard_t_le_eabi_balanced.a(fileops.o)
                              C:/Program Files/SEGGER/SEGGER Embedded Studio for ARM 6.30/lib/libc_v7em_fpv4_sp_d16_hard_t_le_eabi_balanced.a(prinops.o) (fwrite)
C:/Program Files/SEGGER/SEGGER Embedded Studio for ARM 6.30/lib/heapops_basic_v7em_little.a(heapops_basic.o)
                              C:/Program Files/SEGGER/SEGGER Embedded Studio for ARM 6.30/lib/libc_v7em_fpv4_sp_d16_hard_t_le_eabi_balanced.a(heapops.o) (__SEGGER_RTL_alloc)

Discarded input sections

 .text          0x0000000000000000        0x0 Output/Debug/Obj/twi_scanner_pca10040/thumb_crt0.o
 .data          0x0000000000000000        0x0 Output/Debug/Obj/twi_scanner_pca10040/thumb_crt0.o
 .bss           0x0000000000000000        0x0 Output/Debug/Obj/twi_scanner_pca10040/thumb_crt0.o
 .text.__aeabi_read_tp
                0x0000000000000000        0x8 Output/Debug/Obj/twi_scanner_pca10040/thumb_crt0.o
 .text.abort    0x0000000000000000        0x2 Output/Debug/Obj/twi_scanner_pca10040/thumb_crt0.o
[...]
Memory Configuration

Name             Origin             Length             Attributes
UNPLACED_SECTIONS 0x0000000100000000 0x0000000000000000 xw
RAM1             0x0000000020000000 0x0000000000010000 xw
FLASH1           0x0000000000000000 0x0000000000080000 xw
*default*        0x0000000000000000 0xffffffffffffffff

Linker script and memory map

                0x0000000000000000                __SEGGER_RTL_vfprintf = __SEGGER_RTL_vfprintf_long
                0x0000000000000000                __SEGGER_RTL_vfscanf = __SEGGER_RTL_vfscanf_long
                0x0000000020000000                __RAM1_segment_start__ = 0x20000000
                0x0000000020010000                __RAM1_segment_end__ = 0x20010000
                0x0000000000010000                __RAM1_segment_size__ = 0x10000
                0x0000000000000000                __FLASH1_segment_start__ = 0x0
                0x0000000000080000                __FLASH1_segment_end__ = 0x80000
                0x0000000000080000                __FLASH1_segment_size__ = 0x80000
                0x0000000000002000                __HEAPSIZE__ = 0x2000
                0x0000000000000000                __STACKSIZE_PROCESS__ = 0x0
                0x0000000000002000                __STACKSIZE__ = 0x2000
                0x0000000020000000                __vectors_ram_load_start__ = 0x20000000

.vectors_ram    0x0000000020000000        0x0
                0x0000000020000000                __vectors_ram_start__ = .
                0x0000000020000000                __app_ram_start__ = __vectors_ram_start__
 *(.vectors_ram .vectors_ram.*)
                0x0000000020000000                __vectors_ram_end__ = (__vectors_ram_start__ + SIZEOF (.vectors_ram))
                0x0000000000000000                __vectors_ram_size__ = SIZEOF (.vectors_ram)
                0x0000000020000000                __vectors_ram_load_end__ = __vectors_ram_end__
                0x0000000000000001                . = ASSERT (((__vectors_ram_start__ == __vectors_ram_end__) || ((__vectors_ram_end__ - __RAM1_segment_start__) <= __RAM1_segment_size__)), error: .vectors_ram is too large to fit in RAM1 memory segment)
                0x0000000020000000                __nrf_sections_run_load_start__ = ALIGN (__vectors_ram_end__, 0x4)

.nrf_sections_run
                0x0000000020000000        0x0
                0x0000000020000000                __nrf_sections_run_start__ = .
                0x0000000020000000                __start_nrf_sections_run = __nrf_sections_run_start__
 *(.nrf_sections_run .nrf_sections_run.*)
                0x0000000020000000                __nrf_sections_run_end__ = (__nrf_sections_run_start__ + SIZEOF (.nrf_sections_run))
                0x0000000000000000                __nrf_sections_run_size__ = SIZEOF (.nrf_sections_run)
                0x0000000020000000                __nrf_sections_run_load_end__ = __nrf_sections_run_end__
                0x0000000000000001                . = ASSERT (((__nrf_sections_run_start__ == __nrf_sections_run_end__) || ((__nrf_sections_run_end__ - __RAM1_segment_start__) <= __RAM1_segment_size__)), error: .nrf_sections_run is too large to fit in RAM1 memory segment)
                0x0000000000000000                __vectors_load_start__ = 0x0

.vectors        0x0000000000000000      0x200
                0x0000000000000000                __vectors_start__ = .
 *(.vectors .vectors.*)
 .vectors       0x0000000000000000      0x200 Output/Debug/Obj/twi_scanner_pca10040/ses_startup_nrf52.o
                0x0000000000000000                _vectors
                0x0000000000000200                __vectors_end__ = (__vectors_start__ + SIZEOF (.vectors))
                0x0000000000000200                __vectors_size__ = SIZEOF (.vectors)
                0x0000000000000200                __vectors_load_end__ = __vectors_end__
                0x0000000000000001                . = ASSERT (((__vectors_start__ == __vectors_end__) || ((__vectors_end__ - __FLASH1_segment_start__) <= __FLASH1_segment_size__)), error: .vectors is too large to fit in FLASH1 memory segment)
                0x0000000000000200                __init_load_start__ = ALIGN (__vectors_end__, 0x4)

.init           0x0000000000000200      0x1cc
                0x0000000000000200                __init_start__ = .
 *(.init .init.*)
 .init          0x0000000000000200      0x158 Output/Debug/Obj/twi_scanner_pca10040/thumb_crt0.o
                0x0000000000000200                _start
                0x00000000000002ae                exit
 .init          0x0000000000000358       0x18 Output/Debug/Obj/twi_scanner_pca10040/ses_startup_nrf52.o
                0x0000000000000358                NMI_Handler
                0x000000000000035a                HardFault_Handler
                0x000000000000035c                MemoryManagement_Handler
                0x000000000000035e                BusFault_Handler
                0x0000000000000360                UsageFault_Handler
                0x0000000000000362                SVC_Handler
                0x0000000000000364                DebugMon_Handler
                0x0000000000000366                PendSV_Handler
                0x0000000000000368                SysTick_Handler
                0x000000000000036a                PWM1_IRQHandler
                0x000000000000036a                GPIOTE_IRQHandler
                0x000000000000036a                SWI0_EGU0_IRQHandler
                0x000000000000036a                POWER_CLOCK_IRQHandler
                0x000000000000036a                RADIO_IRQHandler
                0x000000000000036a                PDM_IRQHandler
                0x000000000000036a                TEMP_IRQHandler
                0x000000000000036a                QDEC_IRQHandler
                0x000000000000036a                RTC0_IRQHandler
                0x000000000000036a                FPU_IRQHandler
                0x000000000000036a                SPIM0_SPIS0_TWIM0_TWIS0_SPI0_TWI0_IRQHandler
                0x000000000000036a                SWI2_EGU2_IRQHandler
                0x000000000000036a                TIMER4_IRQHandler
                0x000000000000036a                I2S_IRQHandler
                0x000000000000036a                SWI4_EGU4_IRQHandler
                0x000000000000036a                TIMER0_IRQHandler
                0x000000000000036a                Dummy_Handler
                0x000000000000036a                TIMER1_IRQHandler
                0x000000000000036a                PWM2_IRQHandler
                0x000000000000036a                ECB_IRQHandler
                0x000000000000036a                SPIM1_SPIS1_TWIM1_TWIS1_SPI1_TWI1_IRQHandler
                0x000000000000036a                SAADC_IRQHandler
                0x000000000000036a                CCM_AAR_IRQHandler
                0x000000000000036a                WDT_IRQHandler
                0x000000000000036a                TIMER3_IRQHandler
                0x000000000000036a                SWI5_EGU5_IRQHandler
                0x000000000000036a                RNG_IRQHandler
                0x000000000000036a                RTC2_IRQHandler
                0x000000000000036a                PWM0_IRQHandler
                0x000000000000036a                SWI3_EGU3_IRQHandler
                0x000000000000036a                RTC1_IRQHandler
                0x000000000000036a                SWI1_EGU1_IRQHandler
                0x000000000000036a                SPIM2_SPIS2_SPI2_IRQHandler
                0x000000000000036a                NFCT_IRQHandler
                0x000000000000036a                TIMER2_IRQHandler
                0x000000000000036a                MWU_IRQHandler
                0x000000000000036a                COMP_LPCOMP_IRQHandler
                0x000000000000036c                nRFInitialize
 .init          0x0000000000000370       0x5c Output/Debug/Obj/twi_scanner_pca10040/ses_startup_nrf_common.o
                0x0000000000000370                Reset_Handler
                0x0000000000000374                afterInitialize
                0x0000000000000398                InitializeUserMemorySections
                0x00000000000003cc                __init_end__ = (__init_start__ + SIZEOF (.init))
                0x00000000000001cc                __init_size__ = SIZEOF (.init)
                0x00000000000003cc                __init_load_end__ = __init_end__
                0x0000000000000001                . = ASSERT (((__init_start__ == __init_end__) || ((__init_end__ - __FLASH1_segment_start__) <= __FLASH1_segment_size__)), error: .init is too large to fit in FLASH1 memory segment)
                0x00000000000003cc                __init_rodata_load_start__ = ALIGN (__init_end__, 0x4)

.init_rodata    0x00000000000003cc        0x0
                0x00000000000003cc                __init_rodata_start__ = .
 *(.init_rodata .init_rodata.*)
                0x00000000000003cc                __init_rodata_end__ = (__init_rodata_start__ + SIZEOF (.init_rodata))
                0x0000000000000000                __init_rodata_size__ = SIZEOF (.init_rodata)
                0x00000000000003cc                __init_rodata_load_end__ = __init_rodata_end__
                0x0000000000000001                . = ASSERT (((__init_rodata_start__ == __init_rodata_end__) || ((__init_rodata_end__ - __FLASH1_segment_start__) <= __FLASH1_segment_size__)), error: .init_rodata is too large to fit in FLASH1 memory segment)
                0x00000000000003cc                __text_load_start__ = ALIGN (__init_rodata_end__, 0x4)

.text           0x00000000000003cc     0x46d0
                0x00000000000003cc                __text_start__ = .
 *(.text .text.* .gnu.linkonce.t.* .glue_7t .glue_7 .gcc_except_table .ARM.extab* .gnu.linkonce.armextab.*)
 .glue_7        0x00000000000003cc        0x0 linker stubs
 .glue_7t       0x00000000000003cc        0x0 linker stubs
 .text.nrf_log_backend_serial_put
                0x00000000000003cc      0x124 Output/Debug/Obj/twi_scanner_pca10040/nrf_log_backend_serial.o
                0x00000000000003cc                nrf_log_backend_serial_put
 .text.nrf_drv_uart_uninit
                0x00000000000004f0       0x44 Output/Debug/Obj/twi_scanner_pca10040/nrf_log_backend_uart.o
 .text.nrf_drv_uart_tx
                0x0000000000000534       0x64 Output/Debug/Obj/twi_scanner_pca10040/nrf_log_backend_uart.o
 .text.uart_evt_handler
                0x0000000000000598       0x18 Output/Debug/Obj/twi_scanner_pca10040/nrf_log_backend_uart.o
 .text.uart_init
                0x00000000000005b0       0x88 Output/Debug/Obj/twi_scanner_pca10040/nrf_log_backend_uart.o
 .text.serial_tx
                0x0000000000000638       0x6c Output/Debug/Obj/twi_scanner_pca10040/nrf_log_backend_uart.o
 .text.nrf_log_backend_uart_put
                0x00000000000006a4       0x28 Output/Debug/Obj/twi_scanner_pca10040/nrf_log_backend_uart.o
 .text.nrf_log_backend_uart_flush
                0x00000000000006cc        0xa Output/Debug/Obj/twi_scanner_pca10040/nrf_log_backend_uart.o
 *fill*         0x00000000000006d6        0x2 
 .text.nrf_log_backend_uart_panic_set
                0x00000000000006d8       0x20 Output/Debug/Obj/twi_scanner_pca10040/nrf_log_backend_uart.o
 .text.nrf_log_backend_put
                0x00000000000006f8       0x1c Output/Debug/Obj/twi_scanner_pca10040/nrf_log_frontend.o
 .text.nrf_log_backend_panic_set
                0x0000000000000714       0x18 Output/Debug/Obj/twi_scanner_pca10040/nrf_log_frontend.o
 .text.nrf_log_backend_flush
                0x000000000000072c       0x18 Output/Debug/Obj/twi_scanner_pca10040/nrf_log_frontend.o
 .text.nrf_log_backend_enable
                0x0000000000000744       0x12 Output/Debug/Obj/twi_scanner_pca10040/nrf_log_frontend.o
 .text.nrf_log_backend_is_enabled
                0x0000000000000756       0x10 Output/Debug/Obj/twi_scanner_pca10040/nrf_log_frontend.o
 *fill*         0x0000000000000766        0x2 
 .text.nrf_log_module_cnt_get
                0x0000000000000768       0x14 Output/Debug/Obj/twi_scanner_pca10040/nrf_log_frontend.o
                0x0000000000000768                nrf_log_module_cnt_get
 .text.module_idx_get
                0x000000000000077c       0x64 Output/Debug/Obj/twi_scanner_pca10040/nrf_log_frontend.o
 .text.nrf_log_module_name_get
                0x00000000000007e0       0x40 Output/Debug/Obj/twi_scanner_pca10040/nrf_log_frontend.o
                0x00000000000007e0                nrf_log_module_name_get
 .text.nrf_log_color_id_get
                0x0000000000000820       0x70 Output/Debug/Obj/twi_scanner_pca10040/nrf_log_frontend.o
                0x0000000000000820                nrf_log_color_id_get
 .text.invalid_packets_omit
                0x0000000000000890       0x6e Output/Debug/Obj/twi_scanner_pca10040/nrf_log_frontend.o
 *fill*         0x00000000000008fe        0x2 
 .text.log_skip
                0x0000000000000900      0x118 Output/Debug/Obj/twi_scanner_pca10040/nrf_log_frontend.o
 .text.dropped_sat16_get
                0x0000000000000a18       0x28 Output/Debug/Obj/twi_scanner_pca10040/nrf_log_frontend.o
 .text.std_header_set
                0x0000000000000a40       0xb4 Output/Debug/Obj/twi_scanner_pca10040/nrf_log_frontend.o
 .text.log_pending_hook
                0x0000000000000af4        0x4 Output/Debug/Obj/twi_scanner_pca10040/nrf_log_frontend.o
                0x0000000000000af4                log_pending_hook
 .text.buf_prealloc
                0x0000000000000af8      0x128 Output/Debug/Obj/twi_scanner_pca10040/nrf_log_frontend.o
 .text.std_n    0x0000000000000c20       0x98 Output/Debug/Obj/twi_scanner_pca10040/nrf_log_frontend.o
 .text.nrf_log_frontend_std_0
                0x0000000000000cb8       0x1c Output/Debug/Obj/twi_scanner_pca10040/nrf_log_frontend.o
                0x0000000000000cb8                nrf_log_frontend_std_0
 .text.nrf_log_frontend_std_1
                0x0000000000000cd4       0x22 Output/Debug/Obj/twi_scanner_pca10040/nrf_log_frontend.o
                0x0000000000000cd4                nrf_log_frontend_std_1
 .text.nrf_log_frontend_std_2
                0x0000000000000cf6       0x28 Output/Debug/Obj/twi_scanner_pca10040/nrf_log_frontend.o
                0x0000000000000cf6                nrf_log_frontend_std_2
 .text.nrf_log_frontend_std_5
                0x0000000000000d1e       0x34 Output/Debug/Obj/twi_scanner_pca10040/nrf_log_frontend.o
                0x0000000000000d1e                nrf_log_frontend_std_5
 *fill*         0x0000000000000d52        0x2 
 .text.buffer_is_empty
                0x0000000000000d54       0x1c Output/Debug/Obj/twi_scanner_pca10040/nrf_log_frontend.o
                0x0000000000000d54                buffer_is_empty
 .text.nrf_log_frontend_dequeue
                0x0000000000000d70      0x3a0 Output/Debug/Obj/twi_scanner_pca10040/nrf_log_frontend.o
                0x0000000000000d70                nrf_log_frontend_dequeue
 .text.nrf_log_panic
                0x0000000000001110       0x3c Output/Debug/Obj/twi_scanner_pca10040/nrf_log_frontend.o
                0x0000000000001110                nrf_log_panic
 .text.timestamp_print
                0x000000000000114c        0xc Output/Debug/Obj/twi_scanner_pca10040/nrf_log_str_formatter.o
 .text.prefix_process
                0x0000000000001158       0xb0 Output/Debug/Obj/twi_scanner_pca10040/nrf_log_str_formatter.o
 .text.postfix_process
                0x0000000000001208       0x60 Output/Debug/Obj/twi_scanner_pca10040/nrf_log_str_formatter.o
 .text.nrf_log_std_entry_process
                0x0000000000001268      0x144 Output/Debug/Obj/twi_scanner_pca10040/nrf_log_str_formatter.o
                0x0000000000001268                nrf_log_std_entry_process
 .text.nrf_log_hexdump_entry_process
                0x00000000000013ac       0xf0 Output/Debug/Obj/twi_scanner_pca10040/nrf_log_str_formatter.o
                0x00000000000013ac                nrf_log_hexdump_entry_process
 .text.app_error_save_and_stop
                0x000000000000149c       0x98 Output/Debug/Obj/twi_scanner_pca10040/app_error.o
                0x000000000000149c                app_error_save_and_stop
 .text.app_error_handler
                0x0000000000001534       0x1c Output/Debug/Obj/twi_scanner_pca10040/app_error_handler_gcc.o
                0x0000000000001534                app_error_handler
 .text.app_error_fault_handler
                0x0000000000001550      0x104 Output/Debug/Obj/twi_scanner_pca10040/app_error_weak.o
                0x0000000000001550                app_error_fault_handler
 .text.app_util_disable_irq
                0x0000000000001654       0x18 Output/Debug/Obj/twi_scanner_pca10040/app_util_platform.o
                0x0000000000001654                app_util_disable_irq
 .text.app_util_enable_irq
                0x000000000000166c       0x20 Output/Debug/Obj/twi_scanner_pca10040/app_util_platform.o
                0x000000000000166c                app_util_enable_irq
 .text.app_util_critical_region_enter
                0x000000000000168c       0x28 Output/Debug/Obj/twi_scanner_pca10040/app_util_platform.o
                0x000000000000168c                app_util_critical_region_enter
 .text.app_util_critical_region_exit
                0x00000000000016b4       0x2c Output/Debug/Obj/twi_scanner_pca10040/app_util_platform.o
                0x00000000000016b4                app_util_critical_region_exit
 .text.privilege_level_get
                0x00000000000016e0       0x3a Output/Debug/Obj/twi_scanner_pca10040/app_util_platform.o
                0x00000000000016e0                privilege_level_get
 .text.assert_nrf_callback
                0x000000000000171a       0x2c Output/Debug/Obj/twi_scanner_pca10040/nrf_assert.o
                0x000000000000171a                assert_nrf_callback
 .text.nrf_atomic_u32_fetch_store
                0x0000000000001746       0x2e Output/Debug/Obj/twi_scanner_pca10040/nrf_atomic.o
                0x0000000000001746                nrf_atomic_u32_fetch_store
 .text.nrf_atomic_u32_or
                0x0000000000001774       0x30 Output/Debug/Obj/twi_scanner_pca10040/nrf_atomic.o
                0x0000000000001774                nrf_atomic_u32_or
 .text.nrf_atomic_u32_fetch_and
                0x00000000000017a4       0x30 Output/Debug/Obj/twi_scanner_pca10040/nrf_atomic.o
                0x00000000000017a4                nrf_atomic_u32_fetch_and
 .text.nrf_atomic_u32_add
                0x00000000000017d4       0x30 Output/Debug/Obj/twi_scanner_pca10040/nrf_atomic.o
                0x00000000000017d4                nrf_atomic_u32_add
 .text.nrf_atomic_u32_sub
                0x0000000000001804       0x30 Output/Debug/Obj/twi_scanner_pca10040/nrf_atomic.o
                0x0000000000001804                nrf_atomic_u32_sub
 .text.nrf_atomic_flag_set
                0x0000000000001834       0x18 Output/Debug/Obj/twi_scanner_pca10040/nrf_atomic.o
                0x0000000000001834                nrf_atomic_flag_set
 .text.nrf_atomic_flag_clear_fetch
                0x000000000000184c       0x18 Output/Debug/Obj/twi_scanner_pca10040/nrf_atomic.o
                0x000000000000184c                nrf_atomic_flag_clear_fetch
 .text.nrf_balloc_idx2block
                0x0000000000001864       0x38 Output/Debug/Obj/twi_scanner_pca10040/nrf_balloc.o
 .text.nrf_balloc_block2idx
                0x000000000000189c       0x34 Output/Debug/Obj/twi_scanner_pca10040/nrf_balloc.o
 .text.nrf_balloc_alloc
                0x00000000000018d0       0x84 Output/Debug/Obj/twi_scanner_pca10040/nrf_balloc.o
                0x00000000000018d0                nrf_balloc_alloc
 .text.nrf_balloc_free
                0x0000000000001954       0x58 Output/Debug/Obj/twi_scanner_pca10040/nrf_balloc.o
                0x0000000000001954                nrf_balloc_free
 .text.nrf_fprintf_buffer_flush
                0x00000000000019ac       0x44 Output/Debug/Obj/twi_scanner_pca10040/nrf_fprintf.o
                0x00000000000019ac                nrf_fprintf_buffer_flush
 .text.nrf_fprintf
                0x00000000000019f0       0x74 Output/Debug/Obj/twi_scanner_pca10040/nrf_fprintf.o
                0x00000000000019f0                nrf_fprintf
 .text.buffer_add
                0x0000000000001a64       0x4c Output/Debug/Obj/twi_scanner_pca10040/nrf_fprintf_format.o
 .text.string_print
                0x0000000000001ab0       0xc2 Output/Debug/Obj/twi_scanner_pca10040/nrf_fprintf_format.o
 *fill*         0x0000000000001b72        0x2 
 .text.unsigned_print
                0x0000000000001b74      0x130 Output/Debug/Obj/twi_scanner_pca10040/nrf_fprintf_format.o
 .text.int_print
                0x0000000000001ca4      0x11c Output/Debug/Obj/twi_scanner_pca10040/nrf_fprintf_format.o
 .text.nrf_fprintf_fmt
                0x0000000000001dc0      0x388 Output/Debug/Obj/twi_scanner_pca10040/nrf_fprintf_format.o
                0x0000000000001dc0                nrf_fprintf_fmt
 .text.nrf_memobj_alloc
                0x0000000000002148       0xae Output/Debug/Obj/twi_scanner_pca10040/nrf_memobj.o
                0x0000000000002148                nrf_memobj_alloc
 .text.nrf_memobj_free
                0x00000000000021f6       0x74 Output/Debug/Obj/twi_scanner_pca10040/nrf_memobj.o
                0x00000000000021f6                nrf_memobj_free
 .text.nrf_memobj_get
                0x000000000000226a       0x1e Output/Debug/Obj/twi_scanner_pca10040/nrf_memobj.o
                0x000000000000226a                nrf_memobj_get
 .text.nrf_memobj_put
                0x0000000000002288       0x34 Output/Debug/Obj/twi_scanner_pca10040/nrf_memobj.o
                0x0000000000002288                nrf_memobj_put
 .text.memobj_op
                0x00000000000022bc      0x124 Output/Debug/Obj/twi_scanner_pca10040/nrf_memobj.o
 .text.nrf_memobj_write
                0x00000000000023e0       0x3c Output/Debug/Obj/twi_scanner_pca10040/nrf_memobj.o
                0x00000000000023e0                nrf_memobj_write
 .text.nrf_memobj_read
                0x000000000000241c       0x40 Output/Debug/Obj/twi_scanner_pca10040/nrf_memobj.o
                0x000000000000241c                nrf_memobj_read
 .text.nrf_strerror_get
                0x000000000000245c       0x28 Output/Debug/Obj/twi_scanner_pca10040/nrf_strerror.o
                0x000000000000245c                nrf_strerror_get
 .text.nrf_strerror_find
                0x0000000000002484       0x68 Output/Debug/Obj/twi_scanner_pca10040/nrf_strerror.o
                0x0000000000002484                nrf_strerror_find
 .text.uarte_evt_handler
                0x00000000000024ec       0x50 Output/Debug/Obj/twi_scanner_pca10040/nrf_drv_uart.o
 .text.uart_evt_handler
                0x000000000000253c       0x50 Output/Debug/Obj/twi_scanner_pca10040/nrf_drv_uart.o
 .text.nrf_drv_uart_init
                0x000000000000258c       0xc0 Output/Debug/Obj/twi_scanner_pca10040/nrf_drv_uart.o
                0x000000000000258c                nrf_drv_uart_init
 .text.UARTE0_UART0_IRQHandler
                0x000000000000264c       0x24 Output/Debug/Obj/twi_scanner_pca10040/nrfx_prs.o
                0x000000000000264c                UARTE0_UART0_IRQHandler
 .text.prs_box_get
                0x0000000000002670       0x20 Output/Debug/Obj/twi_scanner_pca10040/nrfx_prs.o
 .text.nrfx_prs_acquire
                0x0000000000002690       0x74 Output/Debug/Obj/twi_scanner_pca10040/nrfx_prs.o
                0x0000000000002690                nrfx_prs_acquire
 .text.nrfx_prs_release
                0x0000000000002704       0x3c Output/Debug/Obj/twi_scanner_pca10040/nrfx_prs.o
                0x0000000000002704                nrfx_prs_release
 .text.__NVIC_EnableIRQ
                0x0000000000002740       0x34 Output/Debug/Obj/twi_scanner_pca10040/nrfx_uart.o
 .text.__NVIC_DisableIRQ
                0x0000000000002774       0x44 Output/Debug/Obj/twi_scanner_pca10040/nrfx_uart.o
 .text.__NVIC_SetPriority
                0x00000000000027b8       0x50 Output/Debug/Obj/twi_scanner_pca10040/nrfx_uart.o
 .text.nrfx_get_irq_number
                0x0000000000002808       0x10 Output/Debug/Obj/twi_scanner_pca10040/nrfx_uart.o
 .text._NRFX_IRQ_PRIORITY_SET
                0x0000000000002818       0x40 Output/Debug/Obj/twi_scanner_pca10040/nrfx_uart.o
 .text._NRFX_IRQ_ENABLE
                0x0000000000002858       0x1c Output/Debug/Obj/twi_scanner_pca10040/nrfx_uart.o
 .text._NRFX_IRQ_DISABLE
                0x0000000000002874       0x1c Output/Debug/Obj/twi_scanner_pca10040/nrfx_uart.o
 .text.nrf_uart_event_clear
                0x0000000000002890       0x2a Output/Debug/Obj/twi_scanner_pca10040/nrfx_uart.o
 .text.nrf_uart_event_check
                0x00000000000028ba       0x24 Output/Debug/Obj/twi_scanner_pca10040/nrfx_uart.o
 .text.nrf_uart_int_enable
                0x00000000000028de       0x14 Output/Debug/Obj/twi_scanner_pca10040/nrfx_uart.o
 .text.nrf_uart_int_enable_check
                0x00000000000028f2       0x20 Output/Debug/Obj/twi_scanner_pca10040/nrfx_uart.o
 .text.nrf_uart_int_disable
                0x0000000000002912       0x14 Output/Debug/Obj/twi_scanner_pca10040/nrfx_uart.o
 .text.nrf_uart_errorsrc_get_and_clear
                0x0000000000002926       0x1c Output/Debug/Obj/twi_scanner_pca10040/nrfx_uart.o
 .text.nrf_uart_enable
                0x0000000000002942       0x12 Output/Debug/Obj/twi_scanner_pca10040/nrfx_uart.o
 .text.nrf_uart_disable
                0x0000000000002954       0x12 Output/Debug/Obj/twi_scanner_pca10040/nrfx_uart.o
 .text.nrf_uart_txrx_pins_set
                0x0000000000002966       0x1e Output/Debug/Obj/twi_scanner_pca10040/nrfx_uart.o
 .text.nrf_uart_txrx_pins_disconnect
                0x0000000000002984       0x1c Output/Debug/Obj/twi_scanner_pca10040/nrfx_uart.o
 .text.nrf_uart_tx_pin_get
                0x00000000000029a0       0x10 Output/Debug/Obj/twi_scanner_pca10040/nrfx_uart.o
 .text.nrf_uart_rx_pin_get
                0x00000000000029b0       0x10 Output/Debug/Obj/twi_scanner_pca10040/nrfx_uart.o
 .text.nrf_uart_rts_pin_get
                0x00000000000029c0       0x10 Output/Debug/Obj/twi_scanner_pca10040/nrfx_uart.o
 .text.nrf_uart_cts_pin_get
                0x00000000000029d0       0x10 Output/Debug/Obj/twi_scanner_pca10040/nrfx_uart.o
 .text.nrf_uart_hwfc_pins_set
                0x00000000000029e0       0x1e Output/Debug/Obj/twi_scanner_pca10040/nrfx_uart.o
 .text.nrf_uart_hwfc_pins_disconnect
                0x00000000000029fe       0x1c Output/Debug/Obj/twi_scanner_pca10040/nrfx_uart.o
 .text.nrf_uart_rxd_get
                0x0000000000002a1a       0x12 Output/Debug/Obj/twi_scanner_pca10040/nrfx_uart.o
 .text.nrf_uart_txd_set
                0x0000000000002a2c       0x1a Output/Debug/Obj/twi_scanner_pca10040/nrfx_uart.o
 .text.nrf_uart_task_trigger
                0x0000000000002a46       0x1c Output/Debug/Obj/twi_scanner_pca10040/nrfx_uart.o
 .text.nrf_uart_configure
                0x0000000000002a62       0x2a Output/Debug/Obj/twi_scanner_pca10040/nrfx_uart.o
 .text.nrf_uart_baudrate_set
                0x0000000000002a8c       0x14 Output/Debug/Obj/twi_scanner_pca10040/nrfx_uart.o
 .text.nrf_gpio_pin_port_decode
                0x0000000000002aa0       0x30 Output/Debug/Obj/twi_scanner_pca10040/nrfx_uart.o
 .text.nrf_gpio_cfg
                0x0000000000002ad0       0x62 Output/Debug/Obj/twi_scanner_pca10040/nrfx_uart.o
 .text.nrf_gpio_cfg_output
                0x0000000000002b32       0x22 Output/Debug/Obj/twi_scanner_pca10040/nrfx_uart.o
 .text.nrf_gpio_cfg_input
                0x0000000000002b54       0x2a Output/Debug/Obj/twi_scanner_pca10040/nrfx_uart.o
 .text.nrf_gpio_cfg_default
                0x0000000000002b7e       0x22 Output/Debug/Obj/twi_scanner_pca10040/nrfx_uart.o
 .text.nrf_gpio_pin_set
                0x0000000000002ba0       0x28 Output/Debug/Obj/twi_scanner_pca10040/nrfx_uart.o
 .text.nrf_gpio_port_out_set
                0x0000000000002bc8       0x14 Output/Debug/Obj/twi_scanner_pca10040/nrfx_uart.o
 .text.nrf_gpio_pin_present_check
                0x0000000000002bdc       0x40 Output/Debug/Obj/twi_scanner_pca10040/nrfx_uart.o
 .text.apply_config
                0x0000000000002c1c       0xc6 Output/Debug/Obj/twi_scanner_pca10040/nrfx_uart.o
 *fill*         0x0000000000002ce2        0x2 
 .text.interrupts_enable
                0x0000000000002ce4       0x6c Output/Debug/Obj/twi_scanner_pca10040/nrfx_uart.o
 .text.interrupts_disable
                0x0000000000002d50       0x30 Output/Debug/Obj/twi_scanner_pca10040/nrfx_uart.o
 .text.pins_to_default
                0x0000000000002d80       0x8a Output/Debug/Obj/twi_scanner_pca10040/nrfx_uart.o
 *fill*         0x0000000000002e0a        0x2 
 .text.nrfx_uart_init
                0x0000000000002e0c       0xd4 Output/Debug/Obj/twi_scanner_pca10040/nrfx_uart.o
                0x0000000000002e0c                nrfx_uart_init
 .text.nrfx_uart_uninit
                0x0000000000002ee0       0x5c Output/Debug/Obj/twi_scanner_pca10040/nrfx_uart.o
                0x0000000000002ee0                nrfx_uart_uninit
 .text.tx_byte  0x0000000000002f3c       0x40 Output/Debug/Obj/twi_scanner_pca10040/nrfx_uart.o
 .text.tx_blocking
                0x0000000000002f7c       0x52 Output/Debug/Obj/twi_scanner_pca10040/nrfx_uart.o
 *fill*         0x0000000000002fce        0x2 
 .text.nrfx_uart_tx
                0x0000000000002fd0      0x110 Output/Debug/Obj/twi_scanner_pca10040/nrfx_uart.o
                0x0000000000002fd0                nrfx_uart_tx
 .text.nrfx_uart_tx_in_progress
                0x00000000000030e0       0x2c Output/Debug/Obj/twi_scanner_pca10040/nrfx_uart.o
                0x00000000000030e0                nrfx_uart_tx_in_progress
 .text.rx_byte  0x000000000000310c       0x4e Output/Debug/Obj/twi_scanner_pca10040/nrfx_uart.o
 .text.rx_done_event
                0x000000000000315a       0x2e Output/Debug/Obj/twi_scanner_pca10040/nrfx_uart.o
 .text.tx_done_event
                0x0000000000003188       0x34 Output/Debug/Obj/twi_scanner_pca10040/nrfx_uart.o
 .text.uart_irq_handler
                0x00000000000031bc      0x1de Output/Debug/Obj/twi_scanner_pca10040/nrfx_uart.o
 *fill*         0x000000000000339a        0x2 
 .text.nrfx_uart_0_irq_handler
                0x000000000000339c       0x18 Output/Debug/Obj/twi_scanner_pca10040/nrfx_uart.o
                0x000000000000339c                nrfx_uart_0_irq_handler
 .text.__NVIC_EnableIRQ
                0x00000000000033b4       0x34 Output/Debug/Obj/twi_scanner_pca10040/nrfx_uarte.o
 .text.__NVIC_DisableIRQ
                0x00000000000033e8       0x44 Output/Debug/Obj/twi_scanner_pca10040/nrfx_uarte.o
 .text.__NVIC_SetPriority
                0x000000000000342c       0x50 Output/Debug/Obj/twi_scanner_pca10040/nrfx_uarte.o
 .text.nrfx_is_in_ram
                0x000000000000347c       0x1c Output/Debug/Obj/twi_scanner_pca10040/nrfx_uarte.o
 .text.nrfx_get_irq_number
                0x0000000000003498       0x10 Output/Debug/Obj/twi_scanner_pca10040/nrfx_uarte.o
 .text._NRFX_IRQ_PRIORITY_SET
                0x00000000000034a8       0x40 Output/Debug/Obj/twi_scanner_pca10040/nrfx_uarte.o
 .text._NRFX_IRQ_ENABLE
                0x00000000000034e8       0x1c Output/Debug/Obj/twi_scanner_pca10040/nrfx_uarte.o
 .text._NRFX_IRQ_DISABLE
                0x0000000000003504       0x1c Output/Debug/Obj/twi_scanner_pca10040/nrfx_uarte.o
 .text.nrf_uarte_event_clear
                0x0000000000003520       0x2a Output/Debug/Obj/twi_scanner_pca10040/nrfx_uarte.o
 .text.nrf_uarte_event_check
                0x000000000000354a       0x24 Output/Debug/Obj/twi_scanner_pca10040/nrfx_uarte.o
 .text.nrf_uarte_shorts_disable
                0x000000000000356e       0x1e Output/Debug/Obj/twi_scanner_pca10040/nrfx_uarte.o
 .text.nrf_uarte_int_enable
                0x000000000000358c       0x14 Output/Debug/Obj/twi_scanner_pca10040/nrfx_uarte.o
 .text.nrf_uarte_int_disable
                0x00000000000035a0       0x14 Output/Debug/Obj/twi_scanner_pca10040/nrfx_uarte.o
 .text.nrf_uarte_errorsrc_get_and_clear
                0x00000000000035b4       0x1c Output/Debug/Obj/twi_scanner_pca10040/nrfx_uarte.o
 .text.nrf_uarte_enable
                0x00000000000035d0       0x12 Output/Debug/Obj/twi_scanner_pca10040/nrfx_uarte.o
 .text.nrf_uarte_disable
                0x00000000000035e2       0x12 Output/Debug/Obj/twi_scanner_pca10040/nrfx_uarte.o
 .text.nrf_uarte_txrx_pins_set
                0x00000000000035f4       0x1e Output/Debug/Obj/twi_scanner_pca10040/nrfx_uarte.o
 .text.nrf_uarte_txrx_pins_disconnect
                0x0000000000003612       0x1c Output/Debug/Obj/twi_scanner_pca10040/nrfx_uarte.o
 .text.nrf_uarte_tx_pin_get
                0x000000000000362e       0x10 Output/Debug/Obj/twi_scanner_pca10040/nrfx_uarte.o
 .text.nrf_uarte_rx_pin_get
                0x000000000000363e       0x10 Output/Debug/Obj/twi_scanner_pca10040/nrfx_uarte.o
 .text.nrf_uarte_rts_pin_get
                0x000000000000364e       0x10 Output/Debug/Obj/twi_scanner_pca10040/nrfx_uarte.o
 .text.nrf_uarte_cts_pin_get
                0x000000000000365e       0x10 Output/Debug/Obj/twi_scanner_pca10040/nrfx_uarte.o
 .text.nrf_uarte_hwfc_pins_set
                0x000000000000366e       0x1e Output/Debug/Obj/twi_scanner_pca10040/nrfx_uarte.o
 .text.nrf_uarte_hwfc_pins_disconnect
                0x000000000000368c       0x1c Output/Debug/Obj/twi_scanner_pca10040/nrfx_uarte.o
 .text.nrf_uarte_task_trigger
                0x00000000000036a8       0x1c Output/Debug/Obj/twi_scanner_pca10040/nrfx_uarte.o
 .text.nrf_uarte_configure
                0x00000000000036c4       0x2a Output/Debug/Obj/twi_scanner_pca10040/nrfx_uarte.o
 .text.nrf_uarte_baudrate_set
                0x00000000000036ee       0x14 Output/Debug/Obj/twi_scanner_pca10040/nrfx_uarte.o
 .text.nrf_uarte_tx_buffer_set
                0x0000000000003702       0x1e Output/Debug/Obj/twi_scanner_pca10040/nrfx_uarte.o
 .text.nrf_uarte_tx_amount_get
                0x0000000000003720       0x10 Output/Debug/Obj/twi_scanner_pca10040/nrfx_uarte.o
 .text.nrf_uarte_rx_amount_get
                0x0000000000003730       0x10 Output/Debug/Obj/twi_scanner_pca10040/nrfx_uarte.o
 .text.nrf_gpio_pin_port_decode
                0x0000000000003740       0x30 Output/Debug/Obj/twi_scanner_pca10040/nrfx_uarte.o
 .text.nrf_gpio_cfg
                0x0000000000003770       0x62 Output/Debug/Obj/twi_scanner_pca10040/nrfx_uarte.o
 .text.nrf_gpio_cfg_output
                0x00000000000037d2       0x22 Output/Debug/Obj/twi_scanner_pca10040/nrfx_uarte.o
 .text.nrf_gpio_cfg_input
                0x00000000000037f4       0x2a Output/Debug/Obj/twi_scanner_pca10040/nrfx_uarte.o
 .text.nrf_gpio_cfg_default
                0x000000000000381e       0x22 Output/Debug/Obj/twi_scanner_pca10040/nrfx_uarte.o
 .text.nrf_gpio_pin_set
                0x0000000000003840       0x28 Output/Debug/Obj/twi_scanner_pca10040/nrfx_uarte.o
 .text.nrf_gpio_port_out_set
                0x0000000000003868       0x14 Output/Debug/Obj/twi_scanner_pca10040/nrfx_uarte.o
 .text.nrf_gpio_pin_present_check
                0x000000000000387c       0x40 Output/Debug/Obj/twi_scanner_pca10040/nrfx_uarte.o
 .text.apply_config
                0x00000000000038bc       0xc6 Output/Debug/Obj/twi_scanner_pca10040/nrfx_uarte.o
 *fill*         0x0000000000003982        0x2 
 .text.interrupts_enable
                0x0000000000003984       0x98 Output/Debug/Obj/twi_scanner_pca10040/nrfx_uarte.o
 .text.interrupts_disable
                0x0000000000003a1c       0x30 Output/Debug/Obj/twi_scanner_pca10040/nrfx_uarte.o
 .text.pins_to_default
                0x0000000000003a4c       0x8a Output/Debug/Obj/twi_scanner_pca10040/nrfx_uarte.o
 *fill*         0x0000000000003ad6        0x2 
 .text.nrfx_uarte_init
                0x0000000000003ad8       0xcc Output/Debug/Obj/twi_scanner_pca10040/nrfx_uarte.o
                0x0000000000003ad8                nrfx_uarte_init
 .text.nrfx_uarte_uninit
                0x0000000000003ba4       0xc4 Output/Debug/Obj/twi_scanner_pca10040/nrfx_uarte.o
                0x0000000000003ba4                nrfx_uarte_uninit
 .text.nrfx_uarte_tx
                0x0000000000003c68      0x17c Output/Debug/Obj/twi_scanner_pca10040/nrfx_uarte.o
                0x0000000000003c68                nrfx_uarte_tx
 .text.nrfx_uarte_tx_in_progress
                0x0000000000003de4       0x30 Output/Debug/Obj/twi_scanner_pca10040/nrfx_uarte.o
                0x0000000000003de4                nrfx_uarte_tx_in_progress
 .text.rx_done_event
                0x0000000000003e14       0x2e Output/Debug/Obj/twi_scanner_pca10040/nrfx_uarte.o
 .text.tx_done_event
                0x0000000000003e42       0x34 Output/Debug/Obj/twi_scanner_pca10040/nrfx_uarte.o
 .text.uarte_irq_handler
                0x0000000000003e76      0x18c Output/Debug/Obj/twi_scanner_pca10040/nrfx_uarte.o
 *fill*         0x0000000000004002        0x2 
 .text.nrfx_uarte_0_irq_handler
                0x0000000000004004       0x18 Output/Debug/Obj/twi_scanner_pca10040/nrfx_uarte.o
                0x0000000000004004                nrfx_uarte_0_irq_handler
 .text.main     0x000000000000401c        0x6 Output/Debug/Obj/twi_scanner_pca10040/main.o
                0x000000000000401c                main
 *fill*         0x0000000000004022        0x2 
 .text.__NVIC_SystemReset
                0x0000000000004024       0x28 Output/Debug/Obj/twi_scanner_pca10040/system_nrf52.o
 .text.nrf52_errata_12
                0x000000000000404c       0x88 Output/Debug/Obj/twi_scanner_pca10040/system_nrf52.o
 .text.nrf52_errata_16
                0x00000000000040d4       0x68 Output/Debug/Obj/twi_scanner_pca10040/system_nrf52.o
 .text.nrf52_errata_31
                0x000000000000413c       0x88 Output/Debug/Obj/twi_scanner_pca10040/system_nrf52.o
 .text.nrf52_errata_32
                0x00000000000041c4       0x68 Output/Debug/Obj/twi_scanner_pca10040/system_nrf52.o
 .text.nrf52_errata_36
                0x000000000000422c       0x88 Output/Debug/Obj/twi_scanner_pca10040/system_nrf52.o
 .text.nrf52_errata_37
                0x00000000000042b4       0x68 Output/Debug/Obj/twi_scanner_pca10040/system_nrf52.o
 .text.nrf52_errata_57
                0x000000000000431c       0x68 Output/Debug/Obj/twi_scanner_pca10040/system_nrf52.o
 .text.nrf52_errata_66
                0x0000000000004384       0x88 Output/Debug/Obj/twi_scanner_pca10040/system_nrf52.o
 .text.nrf52_errata_108
                0x000000000000440c       0x88 Output/Debug/Obj/twi_scanner_pca10040/system_nrf52.o
 .text.nrf52_errata_136
                0x0000000000004494       0x88 Output/Debug/Obj/twi_scanner_pca10040/system_nrf52.o
 .text.nrf52_errata_182
                0x000000000000451c       0x60 Output/Debug/Obj/twi_scanner_pca10040/system_nrf52.o
 .text.nrf52_errata_249
                0x000000000000457c       0x60 Output/Debug/Obj/twi_scanner_pca10040/system_nrf52.o
 .text.nrf52_handle_approtect
                0x00000000000045dc       0x20 Output/Debug/Obj/twi_scanner_pca10040/system_nrf52.o
 .text.nvmc_wait
                0x00000000000045fc       0x18 Output/Debug/Obj/twi_scanner_pca10040/system_nrf52.o
                0x00000000000045fc                nvmc_wait
 .text.nvmc_config
                0x0000000000004614       0x20 Output/Debug/Obj/twi_scanner_pca10040/system_nrf52.o
                0x0000000000004614                nvmc_config
 .text.SystemCoreClockUpdate
                0x0000000000004634       0x14 Output/Debug/Obj/twi_scanner_pca10040/system_nrf52.o
                0x0000000000004634                SystemCoreClockUpdate
 .text.SystemInit
                0x0000000000004648      0x2ac Output/Debug/Obj/twi_scanner_pca10040/system_nrf52.o
                0x0000000000004648                SystemInit
 .text.libc.__SEGGER_RTL_ascii_mbtowc
                0x00000000000048f4       0x2e C:/Program Files/SEGGER/SEGGER Embedded Studio for ARM 6.30/lib/libc_v7em_fpv4_sp_d16_hard_t_le_eabi_balanced.a(mbops.o)
                0x00000000000048f4                __SEGGER_RTL_ascii_mbtowc
 .text.libc.__SEGGER_RTL_ascii_wctomb
                0x0000000000004922        0xe C:/Program Files/SEGGER/SEGGER Embedded Studio for ARM 6.30/lib/libc_v7em_fpv4_sp_d16_hard_t_le_eabi_balanced.a(mbops.o)
                0x0000000000004922                __SEGGER_RTL_ascii_wctomb
 .text.libc.__SEGGER_RTL_isctype
                0x0000000000004930       0x1e C:/Program Files/SEGGER/SEGGER Embedded Studio for ARM 6.30/lib/libc_v7em_fpv4_sp_d16_hard_t_le_eabi_balanced.a(mbops.o)
 .text.libc.isprint
                0x000000000000494e        0x6 C:/Program Files/SEGGER/SEGGER Embedded Studio for ARM 6.30/lib/libc_v7em_fpv4_sp_d16_hard_t_le_eabi_balanced.a(mbops.o)
                0x000000000000494e                isprint
 .text.libc.__SEGGER_RTL_ascii_isctype
                0x0000000000004954       0x20 C:/Program Files/SEGGER/SEGGER Embedded Studio for ARM 6.30/lib/libc_v7em_fpv4_sp_d16_hard_t_le_eabi_balanced.a(mbops.o)
 .text.libc.__SEGGER_RTL_ascii_toupper
                0x0000000000004974        0xc C:/Program Files/SEGGER/SEGGER Embedded Studio for ARM 6.30/lib/libc_v7em_fpv4_sp_d16_hard_t_le_eabi_balanced.a(mbops.o)
 .text.libc.__SEGGER_RTL_ascii_tolower
                0x0000000000004980        0xc C:/Program Files/SEGGER/SEGGER Embedded Studio for ARM 6.30/lib/libc_v7em_fpv4_sp_d16_hard_t_le_eabi_balanced.a(mbops.o)
 .text.libc.__SEGGER_RTL_ascii_iswctype
                0x000000000000498c       0x20 C:/Program Files/SEGGER/SEGGER Embedded Studio for ARM 6.30/lib/libc_v7em_fpv4_sp_d16_hard_t_le_eabi_balanced.a(mbops.o)
 .text.libc.__SEGGER_RTL_ascii_towupper
                0x00000000000049ac        0xc C:/Program Files/SEGGER/SEGGER Embedded Studio for ARM 6.30/lib/libc_v7em_fpv4_sp_d16_hard_t_le_eabi_balanced.a(mbops.o)
 .text.libc.__SEGGER_RTL_ascii_towlower
                0x00000000000049b8        0xc C:/Program Files/SEGGER/SEGGER Embedded Studio for ARM 6.30/lib/libc_v7em_fpv4_sp_d16_hard_t_le_eabi_balanced.a(mbops.o)
 .text.libc.strlen
                0x00000000000049c4       0x60 C:/Program Files/SEGGER/SEGGER Embedded Studio for ARM 6.30/lib/libc_v7em_fpv4_sp_d16_hard_t_le_eabi_balanced.a(strasmops_arm.o)
                0x00000000000049c4                strlen
 .text.libc.memcpy
                0x0000000000004a24       0x64 C:/Program Files/SEGGER/SEGGER Embedded Studio for ARM 6.30/lib/libc_v7em_fpv4_sp_d16_hard_t_le_eabi_balanced.a(strasmops_arm.o)
                0x0000000000004a24                __aeabi_memcpy
                0x0000000000004a24                memcpy
                0x0000000000004a46                __aeabi_memcpy8
                0x0000000000004a46                __aeabi_memcpy4
 .text.__SEGGER_RTL_init_heap
                0x0000000000004a88       0x14 C:/Program Files/SEGGER/SEGGER Embedded Studio for ARM 6.30/lib/heapops_basic_v7em_little.a(heapops_basic.o)
                0x0000000000004a88                __SEGGER_RTL_init_heap
                0x0000000000004a9c                . = ALIGN (MAX ((__text_start__ + 0x4), .), 0x4)
                0x0000000000004a9c                __text_end__ = (__text_start__ + SIZEOF (.text))
                0x00000000000046d0                __text_size__ = SIZEOF (.text)
                0x0000000000004a9c                __text_load_end__ = __text_end__

.vfp11_veneer   0x0000000100000000        0x0
 .vfp11_veneer  0x0000000100000000        0x0 linker stubs

.v4_bx          0x0000000100000000        0x0
 .v4_bx         0x0000000100000000        0x0 linker stubs

.iplt           0x0000000100000000        0x0
 .iplt          0x0000000100000000        0x0 Output/Debug/Obj/twi_scanner_pca10040/thumb_crt0.o
                0x0000000000000001                . = ASSERT (((__text_start__ == __text_end__) || ((__text_end__ - __FLASH1_segment_start__) <= __FLASH1_segment_size__)), error: .text is too large to fit in FLASH1 memory segment)
                0x0000000000004a9c                __log_const_data_load_start__ = ALIGN (__text_end__, 0x4)

.log_const_data
                0x0000000000004a9c       0x20
                0x0000000000004a9c                __log_const_data_start__ = .
                0x0000000000004a9c                __start_log_const_data = __log_const_data_start__
 *(SORT_BY_NAME(.log_const_data*))
 .log_const_data_PRS
                0x0000000000004a9c        0x8 Output/Debug/Obj/twi_scanner_pca10040/nrfx_prs.o
                0x0000000000004a9c                m_nrf_log_PRS_logs_data_const
 .log_const_data_UART
                0x0000000000004aa4        0x8 Output/Debug/Obj/twi_scanner_pca10040/nrfx_uart.o
                0x0000000000004aa4                m_nrf_log_UART_logs_data_const
 .log_const_data_UARTE
                0x0000000000004aac        0x8 Output/Debug/Obj/twi_scanner_pca10040/nrfx_uarte.o
                0x0000000000004aac                m_nrf_log_UARTE_logs_data_const
 .log_const_data_app
                0x0000000000004ab4        0x8 Output/Debug/Obj/twi_scanner_pca10040/nrf_log_frontend.o
                0x0000000000004ab4                m_nrf_log_app_logs_data_const
                0x0000000000004abc                __log_const_data_end__ = (__log_const_data_start__ + SIZEOF (.log_const_data))
                0x0000000000000020                __log_const_data_size__ = SIZEOF (.log_const_data)
                0x0000000000004abc                __stop_log_const_data = __log_const_data_end__
                0x0000000000004abc                __log_const_data_load_end__ = __log_const_data_end__
                0x0000000000000001                . = ASSERT (((__log_const_data_start__ == __log_const_data_end__) || ((__log_const_data_end__ - __FLASH1_segment_start__) <= __FLASH1_segment_size__)), error: .log_const_data is too large to fit in FLASH1 memory segment)
                0x0000000000004abc                __log_backends_load_start__ = ALIGN (__log_const_data_end__, 0x4)

.log_backends   0x0000000000004abc       0x10
                0x0000000000004abc                __log_backends_start__ = .
                0x0000000000004abc                __start_log_backends = __log_backends_start__
 *(SORT_BY_NAME(.log_backends*))
 .log_backends  0x0000000000004abc       0x10 Output/Debug/Obj/twi_scanner_pca10040/nrf_log_default_backends.o
                0x0000000000004acc                __log_backends_end__ = (__log_backends_start__ + SIZEOF (.log_backends))
                0x0000000000000010                __log_backends_size__ = SIZEOF (.log_backends)
                0x0000000000004acc                __stop_log_backends = __log_backends_end__
                0x0000000000004acc                __log_backends_load_end__ = __log_backends_end__
                0x0000000000000001                . = ASSERT (((__log_backends_start__ == __log_backends_end__) || ((__log_backends_end__ - __FLASH1_segment_start__) <= __FLASH1_segment_size__)), error: .log_backends is too large to fit in FLASH1 memory segment)
                0x0000000000004acc                __nrf_balloc_load_start__ = ALIGN (__log_backends_end__, 0x4)

.nrf_balloc     0x0000000000004acc       0x14
                0x0000000000004acc                __nrf_balloc_start__ = .
                0x0000000000004acc                __start_nrf_balloc = __nrf_balloc_start__
 *(.nrf_balloc*)
 .nrf_balloc    0x0000000000004acc       0x14 Output/Debug/Obj/twi_scanner_pca10040/nrf_log_frontend.o
                0x0000000000004acc                log_mempool
                0x0000000000004ae0                __nrf_balloc_end__ = (__nrf_balloc_start__ + SIZEOF (.nrf_balloc))
                0x0000000000000014                __nrf_balloc_size__ = SIZEOF (.nrf_balloc)
                0x0000000000004ae0                __stop_nrf_balloc = __nrf_balloc_end__
                0x0000000000004ae0                __nrf_balloc_load_end__ = __nrf_balloc_end__
                0x0000000000000001                . = ASSERT (((__nrf_balloc_start__ == __nrf_balloc_end__) || ((__nrf_balloc_end__ - __FLASH1_segment_start__) <= __FLASH1_segment_size__)), error: .nrf_balloc is too large to fit in FLASH1 memory segment)
                0x0000000000004ae0                __nrf_sections_load_start__ = ALIGN (__nrf_balloc_end__, 0x4)

.nrf_sections   0x0000000000004ae0        0x0
                0x0000000000004ae0                __nrf_sections_start__ = .
                0x0000000000004ae0                __start_nrf_sections = __nrf_sections_start__
 *(.nrf_sections .nrf_sections.*)
                0x0000000000004ae0                __nrf_sections_end__ = (__nrf_sections_start__ + SIZEOF (.nrf_sections))
                0x0000000000000000                __nrf_sections_size__ = SIZEOF (.nrf_sections)
                0x0000000000004ae0                __nrf_sections_load_end__ = __nrf_sections_end__
                0x0000000000000001                . = ASSERT (((__nrf_sections_start__ == __nrf_sections_end__) || ((__nrf_sections_end__ - __FLASH1_segment_start__) <= __FLASH1_segment_size__)), error: .nrf_sections is too large to fit in FLASH1 memory segment)
                0x0000000000004ae0                __log_dynamic_data_load_start__ = ALIGN (__nrf_sections_end__, 0x4)

.log_dynamic_data
                0x0000000020000000        0x0 load address 0x0000000000004ae0
                0x0000000020000000                __log_dynamic_data_start__ = .
 *(SORT_BY_NAME(.log_dynamic_data*))
                0x0000000020000000                __log_dynamic_data_end__ = (__log_dynamic_data_start__ + SIZEOF (.log_dynamic_data))
                0x0000000000000000                __log_dynamic_data_size__ = SIZEOF (.log_dynamic_data)
                0x0000000000004ae0                __log_dynamic_data_load_end__ = (__log_dynamic_data_load_start__ + SIZEOF (.log_dynamic_data))
                0x0000000000000001                . = ASSERT (((__log_dynamic_data_load_start__ == __log_dynamic_data_load_end__) || ((__log_dynamic_data_load_end__ - __FLASH1_segment_start__) <= __FLASH1_segment_size__)), error: .log_dynamic_data is too large to fit in FLASH1 memory segment)

.log_dynamic_data_run
                0x0000000020000000        0x0
                0x0000000020000000                __log_dynamic_data_run_start__ = .
                0x0000000020000000                __start_log_dynamic_data = __log_dynamic_data_run_start__
                0x0000000020000000                __log_dynamic_data_run_end__ = (__log_dynamic_data_run_start__ + SIZEOF (.log_dynamic_data))
                0x0000000000000000                __log_dynamic_data_run_size__ = (__log_dynamic_data_run_end__ - __log_dynamic_data_run_start__)
                0x0000000020000000                __stop_log_dynamic_data = __log_dynamic_data_run_end__
                0x0000000020000000                __log_dynamic_data_run_load_end__ = __log_dynamic_data_run_end__
                0x0000000000000001                . = ASSERT (((__log_dynamic_data_run_start__ == __log_dynamic_data_run_end__) || ((__log_dynamic_data_run_end__ - __RAM1_segment_start__) <= __RAM1_segment_size__)), error: .log_dynamic_data_run is too large to fit in RAM1 memory segment)
                0x0000000000004ae0                __log_filter_data_load_start__ = ALIGN ((__log_dynamic_data_load_start__ + SIZEOF (.log_dynamic_data)), 0x4)

.log_filter_data
                0x0000000020000000        0x0 load address 0x0000000000004ae0
                0x0000000020000000                __log_filter_data_start__ = .
 *(SORT_BY_NAME(.log_filter_data*))
                0x0000000020000000                __log_filter_data_end__ = (__log_filter_data_start__ + SIZEOF (.log_filter_data))
                0x0000000000000000                __log_filter_data_size__ = SIZEOF (.log_filter_data)
                0x0000000000004ae0                __log_filter_data_load_end__ = (__log_filter_data_load_start__ + SIZEOF (.log_filter_data))
                0x0000000000000001                . = ASSERT (((__log_filter_data_load_start__ == __log_filter_data_load_end__) || ((__log_filter_data_load_end__ - __FLASH1_segment_start__) <= __FLASH1_segment_size__)), error: .log_filter_data is too large to fit in FLASH1 memory segment)

.log_filter_data_run
                0x0000000020000000        0x0
                0x0000000020000000                __log_filter_data_run_start__ = .
                0x0000000020000000                __start_log_filter_data = __log_filter_data_run_start__
                0x0000000020000000                __log_filter_data_run_end__ = (__log_filter_data_run_start__ + SIZEOF (.log_filter_data))
                0x0000000000000000                __log_filter_data_run_size__ = (__log_filter_data_run_end__ - __log_filter_data_run_start__)
                0x0000000020000000                __stop_log_filter_data = __log_filter_data_run_end__
                0x0000000020000000                __log_filter_data_run_load_end__ = __log_filter_data_run_end__
                0x0000000000000001                . = ASSERT (((__log_filter_data_run_start__ == __log_filter_data_run_end__) || ((__log_filter_data_run_end__ - __RAM1_segment_start__) <= __RAM1_segment_size__)), error: .log_filter_data_run is too large to fit in RAM1 memory segment)
                0x0000000020000000                __nrf_sections_run_end_load_start__ = ALIGN (__log_filter_data_run_end__, 0x4)

.nrf_sections_run_end
                0x0000000020000000        0x0
                0x0000000020000000                __nrf_sections_run_end_start__ = .
                0x0000000020000000                __end_nrf_sections_run = __nrf_sections_run_end_start__
 *(.nrf_sections_run_end .nrf_sections_run_end.*)
                0x0000000020000000                __nrf_sections_run_end_end__ = (__nrf_sections_run_end_start__ + SIZEOF (.nrf_sections_run_end))
                0x0000000000000000                __nrf_sections_run_end_size__ = SIZEOF (.nrf_sections_run_end)
                0x0000000020000000                __nrf_sections_run_end_load_end__ = __nrf_sections_run_end_end__
                0x0000000000000001                . = ASSERT (((__nrf_sections_run_end_start__ == __nrf_sections_run_end_end__) || ((__nrf_sections_run_end_end__ - __RAM1_segment_start__) <= __RAM1_segment_size__)), error: .nrf_sections_run_end is too large to fit in RAM1 memory segment)
                0x0000000000004ae0                __dtors_load_start__ = ALIGN ((__log_filter_data_load_start__ + SIZEOF (.log_filter_data)), 0x4)

.dtors          0x0000000000004ae0        0x0
                0x0000000000004ae0                __dtors_start__ = .
 *(SORT_BY_NAME(.dtors.*))
 *(.dtors)
 *(.fini_array)
 *(SORT_BY_NAME(.fini_array.*))
                0x0000000000004ae0                __dtors_end__ = (__dtors_start__ + SIZEOF (.dtors))
                0x0000000000000000                __dtors_size__ = SIZEOF (.dtors)
                0x0000000000004ae0                __dtors_load_end__ = __dtors_end__
                0x0000000000000001                . = ASSERT (((__dtors_start__ == __dtors_end__) || ((__dtors_end__ - __FLASH1_segment_start__) <= __FLASH1_segment_size__)), error: .dtors is too large to fit in FLASH1 memory segment)
                0x0000000000004ae0                __ctors_load_start__ = ALIGN (__dtors_end__, 0x4)

.ctors          0x0000000000004ae0        0x0
                0x0000000000004ae0                __ctors_start__ = .
 *(SORT_BY_NAME(.ctors.*))
 *(.ctors)
 *(.init_array)
 *(SORT_BY_NAME(.init_array.*))
                0x0000000000004ae0                __ctors_end__ = (__ctors_start__ + SIZEOF (.ctors))
                0x0000000000000000                __ctors_size__ = SIZEOF (.ctors)
                0x0000000000004ae0                __ctors_load_end__ = __ctors_end__
                0x0000000000000001                . = ASSERT (((__ctors_start__ == __ctors_end__) || ((__ctors_end__ - __FLASH1_segment_start__) <= __FLASH1_segment_size__)), error: .ctors is too large to fit in FLASH1 memory segment)
                0x0000000000004ae0                __rodata_load_start__ = ALIGN (__ctors_end__, 0x4)

.rodata         0x0000000000004ae0      0xe08
                0x0000000000004ae0                __rodata_start__ = .
 *(.rodata .rodata.* .gnu.linkonce.r.*)
 .rodata        0x0000000000004ae0       0x94 Output/Debug/Obj/twi_scanner_pca10040/nrf_log_backend_uart.o
 .rodata.nrf_log_backend_uart_api
                0x0000000000004b74        0xc Output/Debug/Obj/twi_scanner_pca10040/nrf_log_backend_uart.o
                0x0000000000004b74                nrf_log_backend_uart_api
 .rodata        0x0000000000004b80       0x8b Output/Debug/Obj/twi_scanner_pca10040/nrf_log_default_backends.o
 *fill*         0x0000000000004c0b        0x1 
 .rodata        0x0000000000004c0c       0x85 Output/Debug/Obj/twi_scanner_pca10040/nrf_log_frontend.o
 *fill*         0x0000000000004c91        0x3 
 .rodata        0x0000000000004c94       0xaa Output/Debug/Obj/twi_scanner_pca10040/nrf_log_str_formatter.o
 *fill*         0x0000000000004d3e        0x2 
 .rodata        0x0000000000004d40       0x70 Output/Debug/Obj/twi_scanner_pca10040/app_error_weak.o
 .rodata        0x0000000000004db0       0x6d Output/Debug/Obj/twi_scanner_pca10040/app_util_platform.o
 *fill*         0x0000000000004e1d        0x3 
 .rodata        0x0000000000004e20       0x68 Output/Debug/Obj/twi_scanner_pca10040/nrf_balloc.o
 .rodata        0x0000000000004e88       0x5e Output/Debug/Obj/twi_scanner_pca10040/nrf_fprintf.o
 *fill*         0x0000000000004ee6        0x2 
 .rodata        0x0000000000004ee8       0x65 Output/Debug/Obj/twi_scanner_pca10040/nrf_fprintf_format.o
 *fill*         0x0000000000004f4d        0x3 
 .rodata._aV2C.0
                0x0000000000004f50       0x10 Output/Debug/Obj/twi_scanner_pca10040/nrf_fprintf_format.o
 .rodata        0x0000000000004f60       0x68 Output/Debug/Obj/twi_scanner_pca10040/nrf_memobj.o
 .rodata.m_unknown_str
                0x0000000000004fc8       0x13 Output/Debug/Obj/twi_scanner_pca10040/nrf_strerror.o
 *fill*         0x0000000000004fdb        0x1 
 .rodata        0x0000000000004fdc      0x3bd Output/Debug/Obj/twi_scanner_pca10040/nrf_strerror.o
 *fill*         0x0000000000005399        0x3 
 .rodata.nrf_strerror_array
                0x000000000000539c      0x118 Output/Debug/Obj/twi_scanner_pca10040/nrf_strerror.o
 .rodata        0x00000000000054b4       0x6b Output/Debug/Obj/twi_scanner_pca10040/nrfx_prs.o
 *fill*         0x000000000000551f        0x1 
 .rodata        0x0000000000005520       0xcc Output/Debug/Obj/twi_scanner_pca10040/nrfx_uart.o
 .rodata.irq_handlers.0
                0x00000000000055ec        0x4 Output/Debug/Obj/twi_scanner_pca10040/nrfx_uart.o
 .rodata        0x00000000000055f0       0xcd Output/Debug/Obj/twi_scanner_pca10040/nrfx_uarte.o
 *fill*         0x00000000000056bd        0x3 
 .rodata.irq_handlers.0
                0x00000000000056c0        0x4 Output/Debug/Obj/twi_scanner_pca10040/nrfx_uarte.o
 .rodata.libc.__SEGGER_RTL_c_locale
                0x00000000000056c4        0xc C:/Program Files/SEGGER/SEGGER Embedded Studio for ARM 6.30/lib/libc_v7em_fpv4_sp_d16_hard_t_le_eabi_balanced.a(mbops.o)
                0x00000000000056c4                __SEGGER_RTL_c_locale
 .rodata.libc..L.str
                0x00000000000056d0        0x2 C:/Program Files/SEGGER/SEGGER Embedded Studio for ARM 6.30/lib/libc_v7em_fpv4_sp_d16_hard_t_le_eabi_balanced.a(mbops.o)
 *fill*         0x00000000000056d2        0x2 
 .rodata.libc.__SEGGER_RTL_codeset_ascii
                0x00000000000056d4       0x20 C:/Program Files/SEGGER/SEGGER Embedded Studio for ARM 6.30/lib/libc_v7em_fpv4_sp_d16_hard_t_le_eabi_balanced.a(mbops.o)
                0x00000000000056d4                __SEGGER_RTL_codeset_ascii
 .rodata.libc.__SEGGER_RTL_c_locale_abbrev_day_names
                0x00000000000056f4       0x1d C:/Program Files/SEGGER/SEGGER Embedded Studio for ARM 6.30/lib/libc_v7em_fpv4_sp_d16_hard_t_le_eabi_balanced.a(mbops.o)
                0x00000000000056f4                __SEGGER_RTL_c_locale_abbrev_day_names
 .rodata.libc.__SEGGER_RTL_c_locale_abbrev_month_names
                0x0000000000005711       0x31 C:/Program Files/SEGGER/SEGGER Embedded Studio for ARM 6.30/lib/libc_v7em_fpv4_sp_d16_hard_t_le_eabi_balanced.a(mbops.o)
                0x0000000000005711                __SEGGER_RTL_c_locale_abbrev_month_names
 .rodata.libc.__SEGGER_RTL_data_utf8_period
                0x0000000000005742        0x2 C:/Program Files/SEGGER/SEGGER Embedded Studio for ARM 6.30/lib/libc_v7em_fpv4_sp_d16_hard_t_le_eabi_balanced.a(mbops.o)
                0x0000000000005742                __SEGGER_RTL_data_utf8_period
 .rodata.libc.__SEGGER_RTL_data_empty_string
                0x0000000000005744        0x1 C:/Program Files/SEGGER/SEGGER Embedded Studio for ARM 6.30/lib/libc_v7em_fpv4_sp_d16_hard_t_le_eabi_balanced.a(mbops.o)
                0x0000000000005744                __SEGGER_RTL_data_empty_string
 .rodata.libc.__SEGGER_RTL_c_locale_day_names
                0x0000000000005745       0x3a C:/Program Files/SEGGER/SEGGER Embedded Studio for ARM 6.30/lib/libc_v7em_fpv4_sp_d16_hard_t_le_eabi_balanced.a(mbops.o)
 .rodata.libc.__SEGGER_RTL_c_locale_month_names
                0x000000000000577f       0x57 C:/Program Files/SEGGER/SEGGER Embedded Studio for ARM 6.30/lib/libc_v7em_fpv4_sp_d16_hard_t_le_eabi_balanced.a(mbops.o)
 .rodata.libc.__SEGGER_RTL_c_locale_am_pm_indicator
                0x00000000000057d6        0x7 C:/Program Files/SEGGER/SEGGER Embedded Studio for ARM 6.30/lib/libc_v7em_fpv4_sp_d16_hard_t_le_eabi_balanced.a(mbops.o)
 .rodata.libc.__SEGGER_RTL_c_locale_date_format
                0x00000000000057dd        0x9 C:/Program Files/SEGGER/SEGGER Embedded Studio for ARM 6.30/lib/libc_v7em_fpv4_sp_d16_hard_t_le_eabi_balanced.a(mbops.o)
 .rodata.libc.__SEGGER_RTL_c_locale_time_format
                0x00000000000057e6        0x9 C:/Program Files/SEGGER/SEGGER Embedded Studio for ARM 6.30/lib/libc_v7em_fpv4_sp_d16_hard_t_le_eabi_balanced.a(mbops.o)
 .rodata.libc.__SEGGER_RTL_c_locale_date_time_format
                0x00000000000057ef        0xf C:/Program Files/SEGGER/SEGGER Embedded Studio for ARM 6.30/lib/libc_v7em_fpv4_sp_d16_hard_t_le_eabi_balanced.a(mbops.o)
 *fill*         0x00000000000057fe        0x2 
 .rodata.libc.__SEGGER_RTL_c_locale_data
                0x0000000000005800       0x58 C:/Program Files/SEGGER/SEGGER Embedded Studio for ARM 6.30/lib/libc_v7em_fpv4_sp_d16_hard_t_le_eabi_balanced.a(mbops.o)
                0x0000000000005800                __SEGGER_RTL_c_locale_data
 .rodata.libc.__SEGGER_RTL_ascii_ctype_map
                0x0000000000005858       0x80 C:/Program Files/SEGGER/SEGGER Embedded Studio for ARM 6.30/lib/libc_v7em_fpv4_sp_d16_hard_t_le_eabi_balanced.a(mbops.o)
 .rodata.libc.__SEGGER_RTL_ascii_ctype_mask
                0x00000000000058d8        0xd C:/Program Files/SEGGER/SEGGER Embedded Studio for ARM 6.30/lib/libc_v7em_fpv4_sp_d16_hard_t_le_eabi_balanced.a(mbops.o)
                0x00000000000058e8                . = ALIGN (MAX ((__rodata_start__ + 0x4), .), 0x4)
 *fill*         0x00000000000058e5        0x3 
                0x00000000000058e8                __rodata_end__ = (__rodata_start__ + SIZEOF (.rodata))
                0x0000000000000e08                __rodata_size__ = SIZEOF (.rodata)
                0x00000000000058e8                __rodata_load_end__ = __rodata_end__

.rel.dyn        0x00000000000058e8        0x0
 .rel.iplt      0x00000000000058e8        0x0 Output/Debug/Obj/twi_scanner_pca10040/thumb_crt0.o
                0x0000000000000001                . = ASSERT (((__rodata_start__ == __rodata_end__) || ((__rodata_end__ - __FLASH1_segment_start__) <= __FLASH1_segment_size__)), error: .rodata is too large to fit in FLASH1 memory segment)
                0x00000000000058e8                __ARM.exidx_load_start__ = ALIGN (__rodata_end__, 0x4)

.ARM.exidx      0x00000000000058e8        0x0
                0x00000000000058e8                __ARM.exidx_start__ = .
                0x00000000000058e8                __exidx_start = __ARM.exidx_start__
 *(.ARM.exidx .ARM.exidx.*)
                0x00000000000058e8                __ARM.exidx_end__ = (__ARM.exidx_start__ + SIZEOF (.ARM.exidx))
                0x0000000000000000                __ARM.exidx_size__ = SIZEOF (.ARM.exidx)
                0x00000000000058e8                __exidx_end = __ARM.exidx_end__
                0x00000000000058e8                __ARM.exidx_load_end__ = __ARM.exidx_end__
                0x0000000000000001                . = ASSERT (((__ARM.exidx_start__ == __ARM.exidx_end__) || ((__ARM.exidx_end__ - __FLASH1_segment_start__) <= __FLASH1_segment_size__)), error: .ARM.exidx is too large to fit in FLASH1 memory segment)
                0x00000000000058e8                __fast_load_start__ = ALIGN (__ARM.exidx_end__, 0x4)

.fast           0x0000000020000000        0x0 load address 0x00000000000058e8
                0x0000000020000000                __fast_start__ = .
 *(.fast .fast.*)
                0x0000000020000000                __fast_end__ = (__fast_start__ + SIZEOF (.fast))
                0x0000000000000000                __fast_size__ = SIZEOF (.fast)
                0x00000000000058e8                __fast_load_end__ = (__fast_load_start__ + SIZEOF (.fast))
                0x0000000000000001                . = ASSERT (((__fast_load_start__ == __fast_load_end__) || ((__fast_load_end__ - __FLASH1_segment_start__) <= __FLASH1_segment_size__)), error: .fast is too large to fit in FLASH1 memory segment)

.fast_run       0x0000000020000000        0x0
                0x0000000020000000                __fast_run_start__ = .
                0x0000000020000000                __fast_run_end__ = (__fast_run_start__ + SIZEOF (.fast))
                0x0000000000000000                __fast_run_size__ = (__fast_run_end__ - __fast_run_start__)
                0x0000000020000000                __fast_run_load_end__ = __fast_run_end__
                0x0000000000000001                . = ASSERT (((__fast_run_start__ == __fast_run_end__) || ((__fast_run_end__ - __RAM1_segment_start__) <= __RAM1_segment_size__)), error: .fast_run is too large to fit in RAM1 memory segment)
                0x00000000000058e8                __data_load_start__ = ALIGN ((__fast_load_start__ + SIZEOF (.fast)), 0x4)

.data           0x0000000020000000       0x70 load address 0x00000000000058e8
                0x0000000020000000                __data_start__ = .
 *(.data .data.* .gnu.linkonce.d.*)
 .data.m_uart   0x0000000020000000       0x14 Output/Debug/Obj/twi_scanner_pca10040/nrf_log_backend_uart.o
                0x0000000020000000                m_uart
 .data.log_backend_cb_uart_log_backend
                0x0000000020000014        0x8 Output/Debug/Obj/twi_scanner_pca10040/nrf_log_default_backends.o
 .data.m_buffer_mask
                0x000000002000001c        0x4 Output/Debug/Obj/twi_scanner_pca10040/nrf_log_frontend.o
 .data.severity_names
                0x0000000020000020       0x14 Output/Debug/Obj/twi_scanner_pca10040/nrf_log_str_formatter.o
 .data.m_colors
                0x0000000020000034       0x24 Output/Debug/Obj/twi_scanner_pca10040/nrf_log_str_formatter.o
 .data.SystemCoreClock
                0x0000000020000058        0x4 Output/Debug/Obj/twi_scanner_pca10040/system_nrf52.o
                0x0000000020000058                SystemCoreClock
 .data.libc.__SEGGER_RTL_global_locale
                0x000000002000005c       0x14 C:/Program Files/SEGGER/SEGGER Embedded Studio for ARM 6.30/lib/libc_v7em_fpv4_sp_d16_hard_t_le_eabi_balanced.a(mbops.o)
                0x000000002000005c                __SEGGER_RTL_global_locale
                0x000000002000005c                __RAL_global_locale
                0x0000000020000070                __data_end__ = (__data_start__ + SIZEOF (.data))
                0x0000000000000070                __data_size__ = SIZEOF (.data)
                0x0000000000005958                __data_load_end__ = (__data_load_start__ + SIZEOF (.data))

.igot.plt       0x0000000100000000        0x0
 .igot.plt      0x0000000100000000        0x0 Output/Debug/Obj/twi_scanner_pca10040/thumb_crt0.o
                0x0000000000000001                . = ASSERT (((__data_load_start__ == __data_load_end__) || ((__data_load_end__ - __FLASH1_segment_start__) <= __FLASH1_segment_size__)), error: .data is too large to fit in FLASH1 memory segment)

.data_run       0x0000000020000000        0x0
                0x0000000020000000                __data_run_start__ = .
                0x0000000020000070                __data_run_end__ = (__data_run_start__ + SIZEOF (.data))
                0x0000000000000070                __data_run_size__ = (__data_run_end__ - __data_run_start__)
                0x0000000020000070                __data_run_load_end__ = __data_run_end__
                0x0000000000000001                . = ASSERT (((__data_run_start__ == __data_run_end__) || ((__data_run_end__ - __RAM1_segment_start__) <= __RAM1_segment_size__)), error: .data_run is too large to fit in RAM1 memory segment)
                0x0000000000005958                __tdata_load_start__ = ALIGN ((__data_load_start__ + SIZEOF (.data)), 0x4)

.tdata          0x0000000020000070        0x0 load address 0x0000000000005958
                0x0000000020000070                __tdata_start__ = .
 *(.tdata .tdata.*)
                0x0000000020000070                __tdata_end__ = (__tdata_start__ + SIZEOF (.tdata))
                0x0000000000000000                __tdata_size__ = SIZEOF (.tdata)
                0x0000000000005958                __tdata_load_end__ = (__tdata_load_start__ + SIZEOF (.tdata))
                0x0000000000005958                __FLASH1_segment_used_end__ = (ALIGN ((__data_load_start__ + SIZEOF (.data)), 0x4) + SIZEOF (.tdata))
                0x0000000000005958                __FLASH1_segment_used_size__ = (__FLASH1_segment_used_end__ - __FLASH1_segment_start__)
                0x0000000000000001                . = ASSERT (((__tdata_load_start__ == __tdata_load_end__) || ((__tdata_load_end__ - __FLASH1_segment_start__) <= __FLASH1_segment_size__)), error: .tdata is too large to fit in FLASH1 memory segment)

.tdata_run      0x0000000020000070        0x0
                0x0000000020000070                __tdata_run_start__ = .
                0x0000000020000070                __tdata_run_end__ = (__tdata_run_start__ + SIZEOF (.tdata))
                0x0000000000000000                __tdata_run_size__ = (__tdata_run_end__ - __tdata_run_start__)
                0x0000000020000070                __tdata_run_load_end__ = __tdata_run_end__
                0x0000000000000001                . = ASSERT (((__tdata_run_start__ == __tdata_run_end__) || ((__tdata_run_end__ - __RAM1_segment_start__) <= __RAM1_segment_size__)), error: .tdata_run is too large to fit in RAM1 memory segment)
                0x0000000020000070                __bss_load_start__ = ALIGN (__tdata_run_end__, 0x4)

.bss            0x0000000020000070      0x5c4
                0x0000000020000070                __bss_start__ = .
 *(.bss .bss.* .gnu.linkonce.b.*)
 .bss.m_string_buff
                0x0000000020000070       0x40 Output/Debug/Obj/twi_scanner_pca10040/nrf_log_backend_uart.o
 .bss.m_xfer_done
                0x00000000200000b0        0x1 Output/Debug/Obj/twi_scanner_pca10040/nrf_log_backend_uart.o
 .bss.m_async_mode
                0x00000000200000b1        0x1 Output/Debug/Obj/twi_scanner_pca10040/nrf_log_backend_uart.o
 *fill*         0x00000000200000b2        0x2 
 .bss.log_mempool_nrf_balloc_pool_stack
                0x00000000200000b4        0x8 Output/Debug/Obj/twi_scanner_pca10040/nrf_log_frontend.o
 .bss.log_mempool_nrf_balloc_pool_mem
                0x00000000200000bc       0xc0 Output/Debug/Obj/twi_scanner_pca10040/nrf_log_frontend.o
 .bss.log_mempool_nrf_balloc_cb
                0x000000002000017c        0x8 Output/Debug/Obj/twi_scanner_pca10040/nrf_log_frontend.o
 .bss.m_log_data
                0x0000000020000184      0x420 Output/Debug/Obj/twi_scanner_pca10040/nrf_log_frontend.o
 .bss.m_error_data.0
                0x00000000200005a4       0x20 Output/Debug/Obj/twi_scanner_pca10040/app_error.o
 .bss.m_in_critical_region
                0x00000000200005c4        0x4 Output/Debug/Obj/twi_scanner_pca10040/app_util_platform.o
 .bss.m_handlers
                0x00000000200005c8        0x4 Output/Debug/Obj/twi_scanner_pca10040/nrf_drv_uart.o
 .bss.m_contexts
                0x00000000200005cc        0x4 Output/Debug/Obj/twi_scanner_pca10040/nrf_drv_uart.o
 .bss.nrf_drv_uart_use_easy_dma
                0x00000000200005d0        0x1 Output/Debug/Obj/twi_scanner_pca10040/nrf_drv_uart.o
                0x00000000200005d0                nrf_drv_uart_use_easy_dma
 *fill*         0x00000000200005d1        0x3 
 .bss.m_prs_box_4
                0x00000000200005d4        0x8 Output/Debug/Obj/twi_scanner_pca10040/nrfx_prs.o
 .bss.m_cb      0x00000000200005dc       0x2c Output/Debug/Obj/twi_scanner_pca10040/nrfx_uart.o
 .bss.m_cb      0x0000000020000608       0x24 Output/Debug/Obj/twi_scanner_pca10040/nrfx_uarte.o
 .bss.libc.__SEGGER_RTL_locale_ptr
                0x000000002000062c        0x4 C:/Program Files/SEGGER/SEGGER Embedded Studio for ARM 6.30/lib/libc_v7em_fpv4_sp_d16_hard_t_le_eabi_balanced.a(mbops.o)
                0x000000002000062c                __SEGGER_RTL_locale_ptr
 .bss.__SEGGER_RTL_heap_globals
                0x0000000020000630        0x4 C:/Program Files/SEGGER/SEGGER Embedded Studio for ARM 6.30/lib/heapops_basic_v7em_little.a(heapops_basic.o)
 *(COMMON)
                0x0000000020000634                __bss_end__ = (__bss_start__ + SIZEOF (.bss))
                0x00000000000005c4                __bss_size__ = SIZEOF (.bss)
                0x0000000020000634                __bss_load_end__ = __bss_end__
                0x0000000000000001                . = ASSERT (((__bss_start__ == __bss_end__) || ((__bss_end__ - __RAM1_segment_start__) <= __RAM1_segment_size__)), error: .bss is too large to fit in RAM1 memory segment)
                0x0000000020000634                __tbss_load_start__ = ALIGN (__bss_end__, 0x4)

.tbss           0x0000000020000634        0x0
                0x0000000020000634                __tbss_start__ = .
 *(.tbss .tbss.*)
                0x0000000020000634                __tbss_end__ = (__tbss_start__ + SIZEOF (.tbss))
                0x0000000000000000                __tbss_size__ = SIZEOF (.tbss)
                0x0000000020000634                __tbss_load_end__ = __tbss_end__
                0x0000000000000001                . = ASSERT (((__tbss_start__ == __tbss_end__) || ((__tbss_end__ - __RAM1_segment_start__) <= __RAM1_segment_size__)), error: .tbss is too large to fit in RAM1 memory segment)
                0x0000000020000634                __non_init_load_start__ = ALIGN (__tbss_end__, 0x4)

.non_init       0x0000000020000634        0x0
                0x0000000020000634                __non_init_start__ = .
 *(.non_init .non_init.*)
                0x0000000020000634                __non_init_end__ = (__non_init_start__ + SIZEOF (.non_init))
                0x0000000000000000                __non_init_size__ = SIZEOF (.non_init)
                0x0000000020000634                __non_init_load_end__ = __non_init_end__
                0x0000000000000001                . = ASSERT (((__non_init_start__ == __non_init_end__) || ((__non_init_end__ - __RAM1_segment_start__) <= __RAM1_segment_size__)), error: .non_init is too large to fit in RAM1 memory segment)
                0x0000000020000634                __heap_load_start__ = ALIGN (__non_init_end__, 0x4)

.heap           0x0000000020000634     0x2000
                0x0000000020000634                __heap_start__ = .
 *(.heap .heap.*)
                0x0000000020002634                . = ALIGN (MAX ((__heap_start__ + __HEAPSIZE__), .), 0x4)
 *fill*         0x0000000020000634     0x2000 
                0x0000000020002634                __heap_end__ = (__heap_start__ + SIZEOF (.heap))
                0x0000000000002000                __heap_size__ = SIZEOF (.heap)
                0x0000000020002634                __heap_load_end__ = __heap_end__
                0x0000000000000001                . = ASSERT (((__heap_start__ == __heap_end__) || ((__heap_end__ - __RAM1_segment_start__) <= __RAM1_segment_size__)), error: .heap is too large to fit in RAM1 memory segment)
                0x000000002000e000                __stack_load_start__ = (__RAM1_segment_start__ + (__RAM1_segment_size__ - 0x2000))

.stack          0x000000002000e000     0x2000
                0x000000002000e000                __stack_start__ = .
                0x000000002000e000                __StackLimit = __stack_start__
 *(.stack .stack.*)
                0x0000000020010000                . = ALIGN (MAX ((__stack_start__ + __STACKSIZE__), .), 0x8)
 *fill*         0x000000002000e000     0x2000 
                0x0000000020010000                __stack_end__ = (__stack_start__ + SIZEOF (.stack))
                0x0000000000002000                __stack_size__ = SIZEOF (.stack)
                0x0000000020010000                __StackTop = __stack_end__
                0x0000000020010000                __stack_load_end__ = __stack_end__
                0x0000000000000001                . = ASSERT (((__stack_start__ == __stack_end__) || ((__stack_end__ - __RAM1_segment_start__) <= __RAM1_segment_size__)), error: .stack is too large to fit in RAM1 memory segment)
                0x0000000000000001                . = ASSERT ((__heap_end__ <= __stack_start__), error: section .heap overlaps absolute placed section .stack)
                0x0000000020010000                __stack_process_load_start__ = ALIGN (__stack_end__, 0x8)

.stack_process  0x0000000020010000        0x0
                0x0000000020010000                __stack_process_start__ = .
 *(.stack_process .stack_process.*)
                0x0000000020010000                . = ALIGN (MAX ((__stack_process_start__ + __STACKSIZE_PROCESS__), .), 0x8)
                0x0000000020010000                __stack_process_end__ = (__stack_process_start__ + SIZEOF (.stack_process))
                0x0000000000000000                __stack_process_size__ = SIZEOF (.stack_process)
                0x0000000020010000                __stack_process_load_end__ = __stack_process_end__
                0x0000000020010000                __RAM1_segment_used_end__ = (ALIGN (__stack_end__, 0x8) + SIZEOF (.stack_process))
                0x0000000000010000                __RAM1_segment_used_size__ = (__RAM1_segment_used_end__ - __RAM1_segment_start__)
                0x0000000000000001                . = ASSERT (((__stack_process_start__ == __stack_process_end__) || ((__stack_process_end__ - __RAM1_segment_start__) <= __RAM1_segment_size__)), error: .stack_process is too large to fit in RAM1 memory segment)
START GROUP
LOAD Output/Debug/Obj/twi_scanner_pca10040/thumb_crt0.o
LOAD Output/Debug/Obj/twi_scanner_pca10040/nrf_log_backend_rtt.o
LOAD Output/Debug/Obj/twi_scanner_pca10040/nrf_log_backend_serial.o
LOAD Output/Debug/Obj/twi_scanner_pca10040/nrf_log_backend_uart.o
LOAD Output/Debug/Obj/twi_scanner_pca10040/nrf_log_default_backends.o
LOAD Output/Debug/Obj/twi_scanner_pca10040/nrf_log_frontend.o
LOAD Output/Debug/Obj/twi_scanner_pca10040/nrf_log_str_formatter.o
LOAD Output/Debug/Obj/twi_scanner_pca10040/boards.o
LOAD Output/Debug/Obj/twi_scanner_pca10040/app_error.o
LOAD Output/Debug/Obj/twi_scanner_pca10040/app_error_handler_gcc.o
LOAD Output/Debug/Obj/twi_scanner_pca10040/app_error_weak.o
LOAD Output/Debug/Obj/twi_scanner_pca10040/app_util_platform.o
LOAD Output/Debug/Obj/twi_scanner_pca10040/nrf_assert.o
LOAD Output/Debug/Obj/twi_scanner_pca10040/nrf_atomic.o
LOAD Output/Debug/Obj/twi_scanner_pca10040/nrf_balloc.o
LOAD Output/Debug/Obj/twi_scanner_pca10040/nrf_fprintf.o
LOAD Output/Debug/Obj/twi_scanner_pca10040/nrf_fprintf_format.o
LOAD Output/Debug/Obj/twi_scanner_pca10040/nrf_memobj.o
LOAD Output/Debug/Obj/twi_scanner_pca10040/nrf_ringbuf.o
LOAD Output/Debug/Obj/twi_scanner_pca10040/nrf_strerror.o
LOAD Output/Debug/Obj/twi_scanner_pca10040/nrf_drv_twi.o
LOAD Output/Debug/Obj/twi_scanner_pca10040/nrf_drv_uart.o
LOAD Output/Debug/Obj/twi_scanner_pca10040/nrfx_atomic.o
LOAD Output/Debug/Obj/twi_scanner_pca10040/nrfx_prs.o
LOAD Output/Debug/Obj/twi_scanner_pca10040/nrfx_twi.o
LOAD Output/Debug/Obj/twi_scanner_pca10040/nrfx_twim.o
LOAD Output/Debug/Obj/twi_scanner_pca10040/nrfx_uart.o
LOAD Output/Debug/Obj/twi_scanner_pca10040/nrfx_uarte.o
LOAD Output/Debug/Obj/twi_scanner_pca10040/main.o
LOAD Output/Debug/Obj/twi_scanner_pca10040/ses_startup_nrf52.o
LOAD Output/Debug/Obj/twi_scanner_pca10040/ses_startup_nrf_common.o
LOAD Output/Debug/Obj/twi_scanner_pca10040/system_nrf52.o
LOAD C:/Users/WonResearchGroup/AppData/Local/SEGGER/SEGGER Embedded Studio/v3/packages/libraries/libcxx/lib/libcxx_noexcept_v7em_fpv4_sp_d16_hard_t_le_eabi_balanced.a
LOAD C:/Program Files/SEGGER/SEGGER Embedded Studio for ARM 6.30/lib/libc_v7em_fpv4_sp_d16_hard_t_le_eabi_balanced.a
LOAD C:/Program Files/SEGGER/SEGGER Embedded Studio for ARM 6.30/lib/heapops_basic_v7em_little.a
END GROUP
OUTPUT(C:/Users/WonResearchGroup/Desktop/Dev/Embedded/nRF5_SDK_17.1.0/examples/test-embedded-systems/nRF52_4_I2C/pca10040/blank/ses/Output/Debug/Exe/twi_scanner_pca10040.elf elf32-littlearm)
LOAD linker stubs

.ARM.attributes
                0x0000000000000000       0x36
 .ARM.attributes
                0x0000000000000000       0x20 Output/Debug/Obj/twi_scanner_pca10040/thumb_crt0.o
 .ARM.attributes
                0x0000000000000020       0x36 Output/Debug/Obj/twi_scanner_pca10040/nrf_log_backend_serial.o
 .ARM.attributes
                0x0000000000000056       0x36 Output/Debug/Obj/twi_scanner_pca10040/nrf_log_backend_uart.o
 .ARM.attributes
                0x000000000000008c       0x36 Output/Debug/Obj/twi_scanner_pca10040/nrf_log_default_backends.o
 .ARM.attributes
                0x00000000000000c2       0x36 Output/Debug/Obj/twi_scanner_pca10040/nrf_log_frontend.o
 .ARM.attributes
                0x00000000000000f8       0x36 Output/Debug/Obj/twi_scanner_pca10040/nrf_log_str_formatter.o
 .ARM.attributes
                0x000000000000012e       0x36 Output/Debug/Obj/twi_scanner_pca10040/app_error.o
 .ARM.attributes
                0x0000000000000164       0x36 Output/Debug/Obj/twi_scanner_pca10040/app_error_handler_gcc.o
 .ARM.attributes
                0x000000000000019a       0x36 Output/Debug/Obj/twi_scanner_pca10040/app_error_weak.o
 .ARM.attributes
                0x00000000000001d0       0x36 Output/Debug/Obj/twi_scanner_pca10040/app_util_platform.o
 .ARM.attributes
                0x0000000000000206       0x36 Output/Debug/Obj/twi_scanner_pca10040/nrf_assert.o
 .ARM.attributes
                0x000000000000023c       0x36 Output/Debug/Obj/twi_scanner_pca10040/nrf_atomic.o
 .ARM.attributes
                0x0000000000000272       0x36 Output/Debug/Obj/twi_scanner_pca10040/nrf_balloc.o
 .ARM.attributes
                0x00000000000002a8       0x36 Output/Debug/Obj/twi_scanner_pca10040/nrf_fprintf.o
 .ARM.attributes
                0x00000000000002de       0x36 Output/Debug/Obj/twi_scanner_pca10040/nrf_fprintf_format.o
 .ARM.attributes
                0x0000000000000314       0x36 Output/Debug/Obj/twi_scanner_pca10040/nrf_memobj.o
 .ARM.attributes
                0x000000000000034a       0x36 Output/Debug/Obj/twi_scanner_pca10040/nrf_strerror.o
 .ARM.attributes
                0x0000000000000380       0x36 Output/Debug/Obj/twi_scanner_pca10040/nrf_drv_uart.o
 .ARM.attributes
                0x00000000000003b6       0x36 Output/Debug/Obj/twi_scanner_pca10040/nrfx_prs.o
 .ARM.attributes
                0x00000000000003ec       0x36 Output/Debug/Obj/twi_scanner_pca10040/nrfx_uart.o
 .ARM.attributes
                0x0000000000000422       0x36 Output/Debug/Obj/twi_scanner_pca10040/nrfx_uarte.o
 .ARM.attributes
                0x0000000000000458       0x36 Output/Debug/Obj/twi_scanner_pca10040/main.o
 .ARM.attributes
                0x000000000000048e       0x20 Output/Debug/Obj/twi_scanner_pca10040/ses_startup_nrf52.o
 .ARM.attributes
                0x00000000000004ae       0x20 Output/Debug/Obj/twi_scanner_pca10040/ses_startup_nrf_common.o
 .ARM.attributes
                0x00000000000004ce       0x36 Output/Debug/Obj/twi_scanner_pca10040/system_nrf52.o
 .ARM.attributes
                0x0000000000000504       0x3e C:/Program Files/SEGGER/SEGGER Embedded Studio for ARM 6.30/lib/libc_v7em_fpv4_sp_d16_hard_t_le_eabi_balanced.a(mbops.o)
 .ARM.attributes
                0x0000000000000542       0x20 C:/Program Files/SEGGER/SEGGER Embedded Studio for ARM 6.30/lib/libc_v7em_fpv4_sp_d16_hard_t_le_eabi_balanced.a(strasmops_arm.o)

.comment        0x0000000000000000       0x6c
 .comment       0x0000000000000000       0x35 Output/Debug/Obj/twi_scanner_pca10040/nrf_log_backend_serial.o
                                         0x36 (size before relaxing)
 .comment       0x0000000000000035       0x36 Output/Debug/Obj/twi_scanner_pca10040/nrf_log_backend_uart.o
 .comment       0x0000000000000035       0x36 Output/Debug/Obj/twi_scanner_pca10040/nrf_log_default_backends.o
 .comment       0x0000000000000035       0x36 Output/Debug/Obj/twi_scanner_pca10040/nrf_log_frontend.o
 .comment       0x0000000000000035       0x36 Output/Debug/Obj/twi_scanner_pca10040/nrf_log_str_formatter.o
 .comment       0x0000000000000035       0x36 Output/Debug/Obj/twi_scanner_pca10040/app_error.o
 .comment       0x0000000000000035       0x36 Output/Debug/Obj/twi_scanner_pca10040/app_error_handler_gcc.o
 .comment       0x0000000000000035       0x36 Output/Debug/Obj/twi_scanner_pca10040/app_error_weak.o
 .comment       0x0000000000000035       0x36 Output/Debug/Obj/twi_scanner_pca10040/app_util_platform.o
 .comment       0x0000000000000035       0x36 Output/Debug/Obj/twi_scanner_pca10040/nrf_assert.o
 .comment       0x0000000000000035       0x36 Output/Debug/Obj/twi_scanner_pca10040/nrf_atomic.o
 .comment       0x0000000000000035       0x36 Output/Debug/Obj/twi_scanner_pca10040/nrf_balloc.o
 .comment       0x0000000000000035       0x36 Output/Debug/Obj/twi_scanner_pca10040/nrf_fprintf.o
 .comment       0x0000000000000035       0x36 Output/Debug/Obj/twi_scanner_pca10040/nrf_fprintf_format.o
 .comment       0x0000000000000035       0x36 Output/Debug/Obj/twi_scanner_pca10040/nrf_memobj.o
 .comment       0x0000000000000035       0x36 Output/Debug/Obj/twi_scanner_pca10040/nrf_strerror.o
 .comment       0x0000000000000035       0x36 Output/Debug/Obj/twi_scanner_pca10040/nrf_drv_uart.o
 .comment       0x0000000000000035       0x36 Output/Debug/Obj/twi_scanner_pca10040/nrfx_prs.o
 .comment       0x0000000000000035       0x36 Output/Debug/Obj/twi_scanner_pca10040/nrfx_uart.o
 .comment       0x0000000000000035       0x36 Output/Debug/Obj/twi_scanner_pca10040/nrfx_uarte.o
 .comment       0x0000000000000035       0x36 Output/Debug/Obj/twi_scanner_pca10040/main.o
 .comment       0x0000000000000035       0x36 Output/Debug/Obj/twi_scanner_pca10040/system_nrf52.o
 .comment       0x0000000000000035       0x37 C:/Program Files/SEGGER/SEGGER Embedded Studio for ARM 6.30/lib/libc_v7em_fpv4_sp_d16_hard_t_le_eabi_balanced.a(mbops.o)
                                         0x38 (size before relaxing)
 .comment       0x000000000000006c       0x36 C:/Program Files/SEGGER/SEGGER Embedded Studio for ARM 6.30/lib/heapops_basic_v7em_little.a(heapops_basic.o)

.note.GNU-stack
                0x0000000000000000        0x0
 .note.GNU-stack
                0x0000000000000000        0x0 C:/Program Files/SEGGER/SEGGER Embedded Studio for ARM 6.30/lib/libc_v7em_fpv4_sp_d16_hard_t_le_eabi_balanced.a(mbops.o)

.debug_line     0x0000000000000000     0xf7ef
 .debug_line    0x0000000000000000      0x17d Output/Debug/Obj/twi_scanner_pca10040/thumb_crt0.o
 .debug_line    0x000000000000017d      0x75b Output/Debug/Obj/twi_scanner_pca10040/nrf_log_backend_serial.o
 .debug_line    0x00000000000008d8      0xa08 Output/Debug/Obj/twi_scanner_pca10040/nrf_log_backend_uart.o
 .debug_line    0x00000000000012e0      0x6d4 Output/Debug/Obj/twi_scanner_pca10040/nrf_log_default_backends.o
 .debug_line    0x00000000000019b4     0x1171 Output/Debug/Obj/twi_scanner_pca10040/nrf_log_frontend.o
 .debug_line    0x0000000000002b25      0x892 Output/Debug/Obj/twi_scanner_pca10040/nrf_log_str_formatter.o
 .debug_line    0x00000000000033b7      0x448 Output/Debug/Obj/twi_scanner_pca10040/app_error.o
 .debug_line    0x00000000000037ff      0x45a Output/Debug/Obj/twi_scanner_pca10040/app_error_handler_gcc.o
 .debug_line    0x0000000000003c59      0x739 Output/Debug/Obj/twi_scanner_pca10040/app_error_weak.o
 .debug_line    0x0000000000004392      0x520 Output/Debug/Obj/twi_scanner_pca10040/app_util_platform.o
 .debug_line    0x00000000000048b2      0x3cc Output/Debug/Obj/twi_scanner_pca10040/nrf_assert.o
 .debug_line    0x0000000000004c7e      0x699 Output/Debug/Obj/twi_scanner_pca10040/nrf_atomic.o
 .debug_line    0x0000000000005317      0x761 Output/Debug/Obj/twi_scanner_pca10040/nrf_balloc.o
 .debug_line    0x0000000000005a78      0x4ee Output/Debug/Obj/twi_scanner_pca10040/nrf_fprintf.o
 .debug_line    0x0000000000005f66      0x7e9 Output/Debug/Obj/twi_scanner_pca10040/nrf_fprintf_format.o
 .debug_line    0x000000000000674f      0x7ea Output/Debug/Obj/twi_scanner_pca10040/nrf_memobj.o
 .debug_line    0x0000000000006f39      0x4b0 Output/Debug/Obj/twi_scanner_pca10040/nrf_strerror.o
 .debug_line    0x00000000000073e9      0x76f Output/Debug/Obj/twi_scanner_pca10040/nrf_drv_uart.o
 .debug_line    0x0000000000007b58      0x829 Output/Debug/Obj/twi_scanner_pca10040/nrfx_prs.o
 .debug_line    0x0000000000008381     0x13ea Output/Debug/Obj/twi_scanner_pca10040/nrfx_uart.o
 .debug_line    0x000000000000976b     0x13a3 Output/Debug/Obj/twi_scanner_pca10040/nrfx_uarte.o
 .debug_line    0x000000000000ab0e      0x9af Output/Debug/Obj/twi_scanner_pca10040/main.o
 .debug_line    0x000000000000b4bd       0xa2 Output/Debug/Obj/twi_scanner_pca10040/ses_startup_nrf52.o
 .debug_line    0x000000000000b55f       0xc4 Output/Debug/Obj/twi_scanner_pca10040/ses_startup_nrf_common.o
 .debug_line    0x000000000000b623     0x41cc Output/Debug/Obj/twi_scanner_pca10040/system_nrf52.o

.debug_info     0x0000000000000000    0x10b5f
 .debug_info    0x0000000000000000       0x22 Output/Debug/Obj/twi_scanner_pca10040/thumb_crt0.o
 .debug_info    0x0000000000000022      0x6dc Output/Debug/Obj/twi_scanner_pca10040/nrf_log_backend_serial.o
 .debug_info    0x00000000000006fe     0x1099 Output/Debug/Obj/twi_scanner_pca10040/nrf_log_backend_uart.o
 .debug_info    0x0000000000001797      0x2cc Output/Debug/Obj/twi_scanner_pca10040/nrf_log_default_backends.o
 .debug_info    0x0000000000001a63     0x1a52 Output/Debug/Obj/twi_scanner_pca10040/nrf_log_frontend.o
 .debug_info    0x00000000000034b5      0x502 Output/Debug/Obj/twi_scanner_pca10040/nrf_log_str_formatter.o
 .debug_info    0x00000000000039b7      0x280 Output/Debug/Obj/twi_scanner_pca10040/app_error.o
 .debug_info    0x0000000000003c37       0xf8 Output/Debug/Obj/twi_scanner_pca10040/app_error_handler_gcc.o
 .debug_info    0x0000000000003d2f      0x3a1 Output/Debug/Obj/twi_scanner_pca10040/app_error_weak.o
 .debug_info    0x00000000000040d0      0x744 Output/Debug/Obj/twi_scanner_pca10040/app_util_platform.o
 .debug_info    0x0000000000004814      0x12b Output/Debug/Obj/twi_scanner_pca10040/nrf_assert.o
 .debug_info    0x000000000000493f      0x86a Output/Debug/Obj/twi_scanner_pca10040/nrf_atomic.o
 .debug_info    0x00000000000051a9      0x311 Output/Debug/Obj/twi_scanner_pca10040/nrf_balloc.o
 .debug_info    0x00000000000054ba      0x225 Output/Debug/Obj/twi_scanner_pca10040/nrf_fprintf.o
 .debug_info    0x00000000000056df      0x4b1 Output/Debug/Obj/twi_scanner_pca10040/nrf_fprintf_format.o
 .debug_info    0x0000000000005b90      0x759 Output/Debug/Obj/twi_scanner_pca10040/nrf_memobj.o
 .debug_info    0x00000000000062e9      0x1ba Output/Debug/Obj/twi_scanner_pca10040/nrf_strerror.o
 .debug_info    0x00000000000064a3     0x1187 Output/Debug/Obj/twi_scanner_pca10040/nrf_drv_uart.o
 .debug_info    0x000000000000762a      0x785 Output/Debug/Obj/twi_scanner_pca10040/nrfx_prs.o
 .debug_info    0x0000000000007daf     0x1e7a Output/Debug/Obj/twi_scanner_pca10040/nrfx_uart.o
 .debug_info    0x0000000000009c29     0x1fc3 Output/Debug/Obj/twi_scanner_pca10040/nrfx_uarte.o
 .debug_info    0x000000000000bbec      0xbfe Output/Debug/Obj/twi_scanner_pca10040/main.o
 .debug_info    0x000000000000c7ea       0x23 Output/Debug/Obj/twi_scanner_pca10040/ses_startup_nrf52.o
 .debug_info    0x000000000000c80d       0x23 Output/Debug/Obj/twi_scanner_pca10040/ses_startup_nrf_common.o
 .debug_info    0x000000000000c830     0x432f Output/Debug/Obj/twi_scanner_pca10040/system_nrf52.o

.debug_abbrev   0x0000000000000000     0x2c3e
 .debug_abbrev  0x0000000000000000       0x12 Output/Debug/Obj/twi_scanner_pca10040/thumb_crt0.o
 .debug_abbrev  0x0000000000000012      0x1d3 Output/Debug/Obj/twi_scanner_pca10040/nrf_log_backend_serial.o
 .debug_abbrev  0x00000000000001e5      0x2d9 Output/Debug/Obj/twi_scanner_pca10040/nrf_log_backend_uart.o
 .debug_abbrev  0x00000000000004be      0x16c Output/Debug/Obj/twi_scanner_pca10040/nrf_log_default_backends.o
 .debug_abbrev  0x000000000000062a      0x4c8 Output/Debug/Obj/twi_scanner_pca10040/nrf_log_frontend.o
 .debug_abbrev  0x0000000000000af2      0x1bd Output/Debug/Obj/twi_scanner_pca10040/nrf_log_str_formatter.o
 .debug_abbrev  0x0000000000000caf      0x130 Output/Debug/Obj/twi_scanner_pca10040/app_error.o
 .debug_abbrev  0x0000000000000ddf       0x96 Output/Debug/Obj/twi_scanner_pca10040/app_error_handler_gcc.o
 .debug_abbrev  0x0000000000000e75      0x1d3 Output/Debug/Obj/twi_scanner_pca10040/app_error_weak.o
 .debug_abbrev  0x0000000000001048      0x275 Output/Debug/Obj/twi_scanner_pca10040/app_util_platform.o
 .debug_abbrev  0x00000000000012bd       0xc7 Output/Debug/Obj/twi_scanner_pca10040/nrf_assert.o
 .debug_abbrev  0x0000000000001384      0x121 Output/Debug/Obj/twi_scanner_pca10040/nrf_atomic.o
 .debug_abbrev  0x00000000000014a5      0x19f Output/Debug/Obj/twi_scanner_pca10040/nrf_balloc.o
 .debug_abbrev  0x0000000000001644      0x11b Output/Debug/Obj/twi_scanner_pca10040/nrf_fprintf.o
 .debug_abbrev  0x000000000000175f      0x1eb Output/Debug/Obj/twi_scanner_pca10040/nrf_fprintf_format.o
 .debug_abbrev  0x000000000000194a      0x1df Output/Debug/Obj/twi_scanner_pca10040/nrf_memobj.o
 .debug_abbrev  0x0000000000001b29       0xe6 Output/Debug/Obj/twi_scanner_pca10040/nrf_strerror.o